2025-12-20 17:25:14.249 | INFO     | __main__:run_backtest:39 - ==================================================
2025-12-20 17:25:14.251 | INFO     | __main__:run_backtest:40 - 开始回测
2025-12-20 17:25:14.251 | INFO     | __main__:run_backtest:41 - ==================================================
2025-12-20 17:25:14.252 | INFO     | __main__:run_backtest:50 - 获取 ETH 180 天历史数据...
2025-12-20 17:25:15.600 | INFO     | __main__:run_backtest:63 - 获取到 4321 条数据
2025-12-20 17:25:15.601 | INFO     | strategies.base:__init__:61 - 策略初始化: SuperTrend_Strategy
2025-12-20 17:25:15.617 | INFO     | engine.backtest:run:382 - 开始回测: SuperTrend_Strategy, 数据量: 4321
2025-12-20 17:25:15.618 | INFO     | strategies.base:on_init:106 - 策略 SuperTrend_Strategy 初始化
2025-12-20 17:25:15.618 | INFO     | strategies.base:on_start:113 - 策略 SuperTrend_Strategy 启动
2025-12-20 17:25:15.952 | DEBUG    | engine.backtest:_open_position:190 - 开仓: short 0.4133427024345885 @ 2419.05807, 手续费: 0.5999
2025-12-20 17:25:16.739 | DEBUG    | engine.backtest:_close_position:231 - 平仓: 2447.84476, PnL: -11.8988, 手续费: 0.6071
2025-12-20 17:25:16.739 | DEBUG    | engine.backtest:_open_position:190 - 开仓: long 0.4080280361374535 @ 2447.84476, 手续费: 0.5993
2025-12-20 17:25:16.836 | DEBUG    | engine.backtest:_close_position:231 - 平仓: 2430.296946, PnL: -7.1600, 手续费: 0.5950
2025-12-20 17:25:16.836 | DEBUG    | engine.backtest:_check_stop_loss_take_profit:252 - 触发止损: 2430.54
2025-12-20 17:25:16.917 | DEBUG    | engine.backtest:_open_position:190 - 开仓: short 0.41031867927411514 @ 2431.65681, 手续费: 0.5987
2025-12-20 17:25:16.936 | DEBUG    | engine.backtest:_close_position:231 - 平仓: 2452.6852440000002, PnL: -8.6284, 手续费: 0.6038
2025-12-20 17:25:16.936 | DEBUG    | engine.backtest:_check_stop_loss_take_profit:256 - 触发止损: 2452.44
2025-12-20 17:25:16.951 | DEBUG    | engine.backtest:_open_position:190 - 开仓: long 0.398557057409751 @ 2501.45012, 手续费: 0.5982
2025-12-20 17:25:17.075 | DEBUG    | engine.backtest:_close_position:231 - 平仓: 2462.893686, PnL: -15.3669, 手续费: 0.5890
2025-12-20 17:25:17.075 | DEBUG    | engine.backtest:_check_stop_loss_take_profit:252 - 触发止损: 2463.14
2025-12-20 17:25:17.236 | DEBUG    | engine.backtest:_open_position:190 - 开仓: short 0.4081930616667842 @ 2437.85619, 手续费: 0.5971
2025-12-20 17:25:17.239 | DEBUG    | engine.backtest:_close_position:231 - 平仓: 2480.9280679999997, PnL: -17.5816, 手续费: 0.6076
2025-12-20 17:25:17.239 | DEBUG    | engine.backtest:_check_stop_loss_take_profit:256 - 触发止损: 2480.68
2025-12-20 17:25:17.332 | DEBUG    | engine.backtest:_open_position:190 - 开仓: long 0.3946354418410765 @ 2517.35171, 手续费: 0.5961
2025-12-20 17:25:17.492 | DEBUG    | engine.backtest:_close_position:231 - 平仓: 2469.932982, PnL: -18.7131, 手续费: 0.5848
2025-12-20 17:25:17.492 | DEBUG    | engine.backtest:_check_stop_loss_take_profit:252 - 触发止损: 2470.18
2025-12-20 17:25:17.674 | DEBUG    | engine.backtest:_open_position:190 - 开仓: short 0.40692368033523957 @ 2435.9563799999996, 手续费: 0.5947
2025-12-20 17:25:18.234 | DEBUG    | engine.backtest:_close_position:231 - 平仓: 2465.8265579999997, PnL: -12.1549, 手续费: 0.6020
2025-12-20 17:25:18.234 | DEBUG    | engine.backtest:_check_stop_loss_take_profit:256 - 触发止损: 2465.58
2025-12-20 17:25:18.254 | DEBUG    | engine.backtest:_open_position:190 - 开仓: long 0.4011232537835208 @ 2468.34681, 手续费: 0.5941
2025-12-20 17:25:18.281 | DEBUG    | engine.backtest:_close_position:231 - 平仓: 2555.684406, PnL: 35.0331, 手续费: 0.6151
2025-12-20 17:25:18.282 | DEBUG    | engine.backtest:_check_stop_loss_take_profit:263 - 触发止盈: 2555.94
2025-12-20 17:25:19.319 | DEBUG    | engine.backtest:_open_position:190 - 开仓: short 0.3919953837055933 @ 2533.94658, 手续费: 0.5960
2025-12-20 17:25:20.960 | DEBUG    | engine.backtest:_close_position:231 - 平仓: 2570.036978, PnL: -14.1473, 手续费: 0.6045
2025-12-20 17:25:20.961 | DEBUG    | engine.backtest:_check_stop_loss_take_profit:256 - 触发止损: 2569.78
2025-12-20 17:25:20.991 | DEBUG    | engine.backtest:_open_position:190 - 开仓: long 0.3877936936176682 @ 2557.95577, 手续费: 0.5952
2025-12-20 17:25:21.130 | DEBUG    | engine.backtest:_close_position:231 - 平仓: 2529.2870459999995, PnL: -11.1176, 手续费: 0.5885
2025-12-20 17:25:21.130 | DEBUG    | engine.backtest:_check_stop_loss_take_profit:252 - 触发止损: 2529.5399999999995
2025-12-20 17:25:21.940 | DEBUG    | engine.backtest:_open_position:190 - 开仓: short 0.3923441748536047 @ 2524.6475100000002, 手续费: 0.5943
2025-12-20 17:25:22.624 | DEBUG    | engine.backtest:_close_position:231 - 平仓: 2569.0768820000003, PnL: -17.4316, 手续费: 0.6048
2025-12-20 17:25:22.624 | DEBUG    | engine.backtest:_check_stop_loss_take_profit:256 - 触发止损: 2568.82
2025-12-20 17:25:22.697 | DEBUG    | engine.backtest:_open_position:190 - 开仓: long 0.382738537188432 @ 2583.65834, 手续费: 0.5933
2025-12-20 17:25:23.625 | DEBUG    | engine.backtest:_close_position:231 - 平仓: 2665.6934039999996, PnL: 31.3980, 手续费: 0.6122
2025-12-20 17:25:23.625 | DEBUG    | engine.backtest:_check_stop_loss_take_profit:263 - 触发止盈: 2665.9599999999996
2025-12-20 17:25:27.117 | DEBUG    | engine.backtest:_open_position:190 - 开仓: short 0.3386553258415236 @ 2928.30714, 手续费: 0.5950
2025-12-20 17:25:28.203 | DEBUG    | engine.backtest:_close_position:231 - 平仓: 2969.6969400000003, PnL: -14.0169, 手续费: 0.6034
2025-12-20 17:25:28.203 | DEBUG    | engine.backtest:_check_stop_loss_take_profit:256 - 触发止损: 2969.4
2025-12-20 17:25:28.249 | DEBUG    | engine.backtest:_open_position:190 - 开仓: long 0.3314248991630653 @ 2988.19879, 手续费: 0.5942
2025-12-20 17:25:28.685 | DEBUG    | engine.backtest:_close_position:231 - 平仓: 2958.044166, PnL: -9.9940, 手续费: 0.5882
2025-12-20 17:25:28.685 | DEBUG    | engine.backtest:_check_stop_loss_take_profit:252 - 触发止损: 2958.34
2025-12-20 17:25:30.394 | DEBUG    | engine.backtest:_open_position:190 - 开仓: short 0.33475931125935676 @ 2954.50452, 手续费: 0.5934
2025-12-20 17:25:30.861 | DEBUG    | engine.backtest:_close_position:231 - 平仓: 3008.2607960000005, PnL: -17.9954, 手续费: 0.6042
2025-12-20 17:25:30.861 | DEBUG    | engine.backtest:_check_stop_loss_take_profit:256 - 触发止损: 3007.9600000000005
2025-12-20 17:25:30.968 | DEBUG    | engine.backtest:_open_position:190 - 开仓: long 0.3232889629117338 @ 3054.00537, 手续费: 0.5924
2025-12-20 17:25:30.976 | DEBUG    | engine.backtest:_close_position:231 - 平仓: 2996.90028, PnL: -18.4614, 手续费: 0.5813
2025-12-20 17:25:30.976 | DEBUG    | engine.backtest:_check_stop_loss_take_profit:252 - 触发止损: 2997.2
2025-12-20 17:25:41.432 | DEBUG    | engine.backtest:_open_position:190 - 开仓: short 0.269499710071533 @ 3655.53441, 手续费: 0.5911
2025-12-20 17:25:42.864 | DEBUG    | engine.backtest:_close_position:231 - 平仓: 3758.115774, PnL: -27.6456, 手续费: 0.6077
2025-12-20 17:25:42.865 | DEBUG    | engine.backtest:_check_stop_loss_take_profit:256 - 触发止损: 3757.74
2025-12-20 17:25:45.894 | DEBUG    | engine.backtest:_open_position:190 - 开仓: long 0.26289326339925434 @ 3737.1736800000003, 手续费: 0.5895
2025-12-20 17:25:46.825 | DEBUG    | engine.backtest:_close_position:231 - 平仓: 3618.378126, PnL: -31.2306, 手续费: 0.5707
2025-12-20 17:25:46.825 | DEBUG    | engine.backtest:_check_stop_loss_take_profit:252 - 触发止损: 3618.7400000000002
2025-12-20 17:25:54.270 | DEBUG    | engine.backtest:_open_position:190 - 开仓: short 0.2585598954507361 @ 3786.52131, 手续费: 0.5874
2025-12-20 17:25:55.762 | DEBUG    | engine.backtest:_close_position:231 - 平仓: 3857.825744, PnL: -18.4365, 手续费: 0.5985
2025-12-20 17:25:55.763 | DEBUG    | engine.backtest:_check_stop_loss_take_profit:256 - 触发止损: 3857.44
2025-12-20 17:25:55.842 | DEBUG    | engine.backtest:_open_position:190 - 开仓: long 0.2520839516272487 @ 3876.78764, 手续费: 0.5864
2025-12-20 17:25:56.416 | DEBUG    | engine.backtest:_close_position:231 - 平仓: 3793.960566, PnL: -20.8794, 手续费: 0.5738
2025-12-20 17:25:56.416 | DEBUG    | engine.backtest:_check_stop_loss_take_profit:252 - 触发止损: 3794.34
2025-12-20 17:25:56.683 | DEBUG    | engine.backtest:_open_position:190 - 开仓: short 0.2599446162383343 @ 3750.3249299999998, 手续费: 0.5849
2025-12-20 17:25:59.687 | DEBUG    | engine.backtest:_close_position:231 - 平仓: 3834.143376, PnL: -21.7882, 手续费: 0.5980
2025-12-20 17:25:59.687 | DEBUG    | engine.backtest:_check_stop_loss_take_profit:256 - 触发止损: 3833.7599999999998
2025-12-20 17:25:59.973 | DEBUG    | engine.backtest:_open_position:190 - 开仓: long 0.2517475901972238 @ 3864.08637, 手续费: 0.5837
2025-12-20 17:26:01.059 | DEBUG    | engine.backtest:_close_position:231 - 平仓: 3770.9028719999997, PnL: -23.4587, 手续费: 0.5696
2025-12-20 17:26:01.059 | DEBUG    | engine.backtest:_check_stop_loss_take_profit:252 - 触发止损: 3771.2799999999997
2025-12-20 17:26:01.144 | DEBUG    | engine.backtest:_open_position:190 - 开仓: short 0.25737902343210883 @ 3769.22304, 手续费: 0.5821
2025-12-20 17:26:01.256 | DEBUG    | engine.backtest:_close_position:231 - 平仓: 3818.7418359999997, PnL: -12.7451, 手续费: 0.5897
2025-12-20 17:26:01.256 | DEBUG    | engine.backtest:_check_stop_loss_take_profit:256 - 触发止损: 3818.3599999999997
2025-12-20 17:26:09.493 | DEBUG    | engine.backtest:_open_position:190 - 开仓: long 0.27332400773421506 @ 3544.95446, 手续费: 0.5814
2025-12-20 17:26:11.218 | DEBUG    | engine.backtest:_close_position:231 - 平仓: 3702.3897239999997, PnL: 43.0308, 手续费: 0.6072
2025-12-20 17:26:11.218 | DEBUG    | engine.backtest:_check_stop_loss_take_profit:263 - 触发止盈: 3702.7599999999998
2025-12-20 17:26:12.838 | DEBUG    | engine.backtest:_open_position:190 - 开仓: short 0.26938220076321934 @ 3611.6388, 手续费: 0.5837
2025-12-20 17:26:13.070 | DEBUG    | engine.backtest:_close_position:231 - 平仓: 3672.5672200000004, PnL: -16.4130, 手续费: 0.5936
2025-12-20 17:26:13.070 | DEBUG    | engine.backtest:_check_stop_loss_take_profit:256 - 触发止损: 3672.2000000000003
2025-12-20 17:26:16.616 | DEBUG    | engine.backtest:_open_position:190 - 开仓: long 0.2638547872434058 @ 3681.3681, 手续费: 0.5828
2025-12-20 17:26:19.841 | DEBUG    | engine.backtest:_close_position:231 - 平仓: 3894.8104799999996, PnL: 56.3178, 手续费: 0.6166
2025-12-20 17:26:19.841 | DEBUG    | engine.backtest:_check_stop_loss_take_profit:263 - 触发止盈: 3895.2
2025-12-20 17:26:27.439 | DEBUG    | engine.backtest:_open_position:190 - 开仓: short 0.2342858915737446 @ 4168.68309, 手续费: 0.5860
2025-12-20 17:26:28.069 | DEBUG    | engine.backtest:_close_position:231 - 平仓: 4248.464804, PnL: -18.6917, 手续费: 0.5972
2025-12-20 17:26:28.069 | DEBUG    | engine.backtest:_check_stop_loss_take_profit:256 - 触发止损: 4248.04
2025-12-20 17:26:28.911 | DEBUG    | engine.backtest:_open_position:190 - 开仓: long 0.22633366221338128 @ 4307.230680000001, 手续费: 0.5849
2025-12-20 17:26:29.915 | DEBUG    | engine.backtest:_close_position:231 - 平仓: 4234.136544, PnL: -16.5437, 手续费: 0.5750
2025-12-20 17:26:29.915 | DEBUG    | engine.backtest:_check_stop_loss_take_profit:252 - 触发止损: 4234.56
2025-12-20 17:26:30.143 | DEBUG    | engine.backtest:_open_position:190 - 开仓: short 0.2323645837838332 @ 4186.98126, 手续费: 0.5837
2025-12-20 17:26:30.287 | DEBUG    | engine.backtest:_close_position:231 - 平仓: 4265.646521999999, PnL: -18.2790, 手续费: 0.5947
2025-12-20 17:26:30.287 | DEBUG    | engine.backtest:_check_stop_loss_take_profit:256 - 触发止损: 4265.219999999999
2025-12-20 17:26:30.642 | DEBUG    | engine.backtest:_open_position:190 - 开仓: long 0.22414886444992124 @ 4332.63322, 手续费: 0.5827
2025-12-20 17:26:31.159 | DEBUG    | engine.backtest:_close_position:231 - 平仓: 4228.357121999999, PnL: -23.3734, 手续费: 0.5687
2025-12-20 17:26:31.160 | DEBUG    | engine.backtest:_check_stop_loss_take_profit:252 - 触发止损: 4228.78
2025-12-20 17:26:39.531 | DEBUG    | engine.backtest:_open_position:190 - 开仓: short 0.21179569184145547 @ 4572.84267, 手续费: 0.5811
2025-12-20 17:26:48.218 | DEBUG    | engine.backtest:_close_position:231 - 平仓: 4483.64832, PnL: 18.8910, 手续费: 0.5698
2025-12-20 17:26:48.218 | DEBUG    | engine.backtest:_open_position:190 - 开仓: long 0.21644790503629 @ 4483.64832, 手续费: 0.5823
2025-12-20 17:26:51.026 | DEBUG    | engine.backtest:_close_position:231 - 平仓: 4425.597395999999, PnL: -12.5650, 手续费: 0.5747
2025-12-20 17:26:51.027 | DEBUG    | engine.backtest:_check_stop_loss_take_profit:252 - 触发止损: 4426.039999999999
2025-12-20 17:26:51.149 | DEBUG    | engine.backtest:_open_position:190 - 开仓: short 0.22027893714842744 @ 4398.5601, 手续费: 0.5813
2025-12-20 17:26:57.631 | DEBUG    | engine.backtest:_close_position:231 - 平仓: 4080.147973999999, PnL: 70.1395, 手续费: 0.5393
2025-12-20 17:26:57.631 | DEBUG    | engine.backtest:_check_stop_loss_take_profit:267 - 触发止盈: 4079.739999999999
2025-12-20 17:27:00.105 | DEBUG    | engine.backtest:_open_position:190 - 开仓: long 0.22943128929302273 @ 4254.025360000001, 手续费: 0.5856
2025-12-20 17:27:07.059 | DEBUG    | engine.backtest:_close_position:231 - 平仓: 4615.538400000002, PnL: 82.9424, 手续费: 0.6354
2025-12-20 17:27:07.059 | DEBUG    | engine.backtest:_check_stop_loss_take_profit:263 - 触发止盈: 4616.000000000002
2025-12-20 17:27:15.571 | DEBUG    | engine.backtest:_open_position:190 - 开仓: short 0.20550496493676862 @ 4788.12114, 手续费: 0.5904
2025-12-20 17:27:19.917 | DEBUG    | engine.backtest:_close_position:231 - 平仓: 4323.492306, PnL: 95.4835, 手续费: 0.5331
2025-12-20 17:27:19.917 | DEBUG    | engine.backtest:_check_stop_loss_take_profit:267 - 触发止盈: 4323.06
2025-12-20 17:27:23.129 | DEBUG    | engine.backtest:_open_position:190 - 开仓: long 0.2162781808590209 @ 4594.159369999999, 手续费: 0.5962
2025-12-20 17:27:27.965 | DEBUG    | engine.backtest:_close_position:231 - 平仓: 4491.85077, PnL: -22.1271, 手续费: 0.5829
2025-12-20 17:27:27.965 | DEBUG    | engine.backtest:_open_position:190 - 开仓: short 0.22064119967010223 @ 4491.85077, 手续费: 0.5947
2025-12-20 17:27:29.154 | DEBUG    | engine.backtest:_close_position:231 - 平仓: 4614.501404, PnL: -27.0618, 手续费: 0.6109
2025-12-20 17:27:29.154 | DEBUG    | engine.backtest:_check_stop_loss_take_profit:256 - 触发止损: 4614.04
2025-12-20 17:27:40.212 | DEBUG    | engine.backtest:_open_position:190 - 开仓: long 0.22125805435130888 @ 4467.4467, 手续费: 0.5931
2025-12-20 17:27:44.075 | DEBUG    | engine.backtest:_close_position:231 - 平仓: 4409.818974, PnL: -12.7506, 手续费: 0.5854
2025-12-20 17:27:44.075 | DEBUG    | engine.backtest:_check_stop_loss_take_profit:252 - 触发止损: 4410.26
2025-12-20 17:27:44.228 | DEBUG    | engine.backtest:_open_position:190 - 开仓: short 0.2247908757213803 @ 4390.160940000001, 手续费: 0.5921
2025-12-20 17:27:45.493 | DEBUG    | engine.backtest:_close_position:231 - 平仓: 4452.105166000001, PnL: -13.9245, 手续费: 0.6005
2025-12-20 17:27:45.493 | DEBUG    | engine.backtest:_check_stop_loss_take_profit:256 - 触发止损: 4451.660000000001
2025-12-20 17:27:49.734 | DEBUG    | engine.backtest:_open_position:190 - 开仓: long 0.2234440082572547 @ 4410.74103, 手续费: 0.5913
2025-12-20 17:27:50.660 | DEBUG    | engine.backtest:_close_position:231 - 平仓: 4327.927164000001, PnL: -18.5043, 手续费: 0.5802
2025-12-20 17:27:50.660 | DEBUG    | engine.backtest:_check_stop_loss_take_profit:252 - 触发止损: 4328.360000000001
2025-12-20 17:27:50.813 | DEBUG    | engine.backtest:_open_position:190 - 开仓: short 0.23001789817298984 @ 4275.27243, 手续费: 0.5900
2025-12-20 17:27:50.838 | DEBUG    | engine.backtest:_close_position:231 - 平仓: 4352.175174, PnL: -17.6890, 手续费: 0.6006
2025-12-20 17:27:50.838 | DEBUG    | engine.backtest:_check_stop_loss_take_profit:256 - 触发止损: 4351.74
2025-12-20 17:27:55.342 | DEBUG    | engine.backtest:_open_position:190 - 开仓: long 0.22222212225448765 @ 4417.64172, 手续费: 0.5890
2025-12-20 17:27:58.269 | DEBUG    | engine.backtest:_close_position:231 - 平仓: 4373.76258, PnL: -9.7509, 手续费: 0.5832
2025-12-20 17:27:58.269 | DEBUG    | engine.backtest:_open_position:190 - 开仓: short 0.22415693113938642 @ 4373.76258, 手续费: 0.5882
2025-12-20 17:28:03.083 | DEBUG    | engine.backtest:_close_position:231 - 平仓: 4415.4415, PnL: -9.3426, 手续费: 0.5939
2025-12-20 17:28:03.083 | DEBUG    | engine.backtest:_open_position:190 - 开仓: long 0.22184706152866138 @ 4415.4415, 手续费: 0.5877
2025-12-20 17:28:04.252 | DEBUG    | engine.backtest:_close_position:231 - 平仓: 4340.445912, PnL: -16.6376, 手续费: 0.5777
2025-12-20 17:28:04.252 | DEBUG    | engine.backtest:_check_stop_loss_take_profit:252 - 触发止损: 4340.88
2025-12-20 17:28:04.415 | DEBUG    | engine.backtest:_open_position:190 - 开仓: short 0.2288724567485762 @ 4271.27283, 手续费: 0.5865
2025-12-20 17:28:31.439 | DEBUG    | engine.backtest:_close_position:231 - 平仓: 4327.53271, PnL: -12.8763, 手续费: 0.5943
2025-12-20 17:28:31.439 | DEBUG    | engine.backtest:_open_position:190 - 开仓: long 0.22561733216536528 @ 4327.53271, 手续费: 0.5858
2025-12-20 17:28:33.276 | DEBUG    | engine.backtest:_close_position:231 - 平仓: 4282.051752, PnL: -10.2613, 手续费: 0.5797
2025-12-20 17:28:33.277 | DEBUG    | engine.backtest:_check_stop_loss_take_profit:252 - 触发止损: 4282.4800000000005
2025-12-20 17:28:42.783 | DEBUG    | engine.backtest:_open_position:190 - 开仓: short 0.22554611659418092 @ 4322.967659999999, 手续费: 0.5850
2025-12-20 17:28:44.436 | DEBUG    | engine.backtest:_close_position:231 - 平仓: 4411.861142, PnL: -20.0496, 手续费: 0.5970
2025-12-20 17:28:44.436 | DEBUG    | engine.backtest:_check_stop_loss_take_profit:256 - 触发止损: 4411.42
2025-12-20 17:28:48.251 | DEBUG    | engine.backtest:_open_position:190 - 开仓: long 0.2183922330964904 @ 4455.74553, 手续费: 0.5839
2025-12-20 17:28:52.381 | DEBUG    | engine.backtest:_close_position:231 - 平仓: 4629.1370400000005, PnL: 37.8674, 手续费: 0.6066
2025-12-20 17:28:52.381 | DEBUG    | engine.backtest:_check_stop_loss_take_profit:263 - 触发止盈: 4629.6
2025-12-20 17:28:56.912 | DEBUG    | engine.backtest:_open_position:190 - 开仓: short 0.21113093840207703 @ 4625.4374099999995, 手续费: 0.5859
2025-12-20 17:28:58.824 | DEBUG    | engine.backtest:_close_position:231 - 平仓: 4693.909344, PnL: -14.4565, 手续费: 0.5946
2025-12-20 17:28:58.824 | DEBUG    | engine.backtest:_check_stop_loss_take_profit:256 - 触发止损: 4693.44
2025-12-20 17:29:15.314 | DEBUG    | engine.backtest:_open_position:190 - 开仓: long 0.21452137222322684 @ 4545.95455, 手续费: 0.5851
2025-12-20 17:29:15.998 | DEBUG    | engine.backtest:_close_position:231 - 平仓: 4481.031852, PnL: -13.9273, 手续费: 0.5768
2025-12-20 17:29:15.998 | DEBUG    | engine.backtest:_check_stop_loss_take_profit:252 - 触发止损: 4481.4800000000005
2025-12-20 17:29:26.064 | DEBUG    | engine.backtest:_open_position:190 - 开仓: short 0.21511223551121042 @ 4525.5474, 手续费: 0.5841
2025-12-20 17:29:51.258 | DEBUG    | engine.backtest:_close_position:231 - 平仓: 4366.536609999999, PnL: 34.2052, 手续费: 0.5636
2025-12-20 17:29:51.258 | DEBUG    | engine.backtest:_check_stop_loss_take_profit:267 - 触发止盈: 4366.099999999999
2025-12-20 17:30:18.768 | DEBUG    | engine.backtest:_open_position:190 - 开仓: long 0.24164037964041854 @ 4043.2042800000004, 手续费: 0.5862
2025-12-20 17:30:42.322 | DEBUG    | engine.backtest:_close_position:231 - 平仓: 4116.98826, PnL: 17.8292, 手续费: 0.5969
2025-12-20 17:30:42.323 | DEBUG    | engine.backtest:_open_position:190 - 开仓: short 0.23766657011287315 @ 4116.98826, 手续费: 0.5871
2025-12-20 17:30:43.378 | DEBUG    | engine.backtest:_close_position:231 - 平仓: 4181.598117999999, PnL: -15.3556, 手续费: 0.5963
2025-12-20 17:30:43.378 | DEBUG    | engine.backtest:_check_stop_loss_take_profit:256 - 触发止损: 4181.179999999999
2025-12-20 17:30:46.695 | DEBUG    | engine.backtest:_open_position:190 - 开仓: long 0.227692445555165 @ 4290.92905, 手续费: 0.5862
2025-12-20 17:30:57.723 | DEBUG    | engine.backtest:_close_position:231 - 平仓: 4536.286326, PnL: 55.8660, 手续费: 0.6197
2025-12-20 17:30:57.723 | DEBUG    | engine.backtest:_check_stop_loss_take_profit:263 - 触发止盈: 4536.740000000001
2025-12-20 17:31:15.075 | DEBUG    | engine.backtest:_open_position:190 - 开仓: short 0.21886121375479448 @ 4488.15114, 手续费: 0.5894
2025-12-20 17:31:16.236 | DEBUG    | engine.backtest:_close_position:231 - 平仓: 4541.314086, PnL: -11.6353, 手续费: 0.5964
2025-12-20 17:31:16.237 | DEBUG    | engine.backtest:_check_stop_loss_take_profit:256 - 触发止损: 4540.860000000001
