2025-12-20 16:33:43.326 | INFO     | __main__:run_backtest:35 - ==================================================
2025-12-20 16:33:43.327 | INFO     | __main__:run_backtest:36 - 开始回测
2025-12-20 16:33:43.327 | INFO     | __main__:run_backtest:37 - ==================================================
2025-12-20 16:33:43.327 | INFO     | __main__:run_backtest:46 - 获取 ETH 30 天历史数据...
2025-12-20 16:33:44.929 | INFO     | __main__:run_backtest:59 - 获取到 2881 条数据
2025-12-20 16:33:44.929 | INFO     | strategies.base:__init__:61 - 策略初始化: SMA_CrossOver
2025-12-20 16:33:44.929 | INFO     | strategies.base:__init__:61 - 策略初始化: RSI_Strategy
2025-12-20 16:33:44.930 | INFO     | strategies.base:__init__:61 - 策略初始化: MACD_Strategy
2025-12-20 16:33:44.930 | INFO     | strategies.base:__init__:61 - 策略初始化: BollingerBands_Strategy
2025-12-20 16:33:44.933 | INFO     | engine.backtest:run:382 - 开始回测: SMA_CrossOver, 数据量: 2881
2025-12-20 16:33:44.933 | INFO     | strategies.base:on_init:106 - 策略 SMA_CrossOver 初始化
2025-12-20 16:33:44.934 | INFO     | strategies.base:on_start:113 - 策略 SMA_CrossOver 启动
2025-12-20 16:33:44.970 | DEBUG    | engine.backtest:_open_position:190 - 开仓: long 0.3460806367883717 @ 2889.78895, 手续费: 0.6001
2025-12-20 16:33:44.976 | DEBUG    | engine.backtest:_close_position:231 - 平仓: 2831.426829, PnL: -20.1980, 手续费: 0.5879
2025-12-20 16:33:44.976 | DEBUG    | engine.backtest:_check_stop_loss_take_profit:252 - 触发止损: 2831.71
2025-12-20 16:33:44.991 | DEBUG    | engine.backtest:_open_position:190 - 开仓: short 0.35494660828798064 @ 2811.0188700000003, 手续费: 0.5987
2025-12-20 16:33:45.022 | DEBUG    | engine.backtest:_close_position:231 - 平仓: 2699.1178848, PnL: 39.7189, 手续费: 0.5748
2025-12-20 16:33:45.022 | DEBUG    | engine.backtest:_check_stop_loss_take_profit:267 - 触发止盈: 2698.848
2025-12-20 16:33:45.073 | DEBUG    | engine.backtest:_open_position:190 - 开仓: long 0.36746732910306057 @ 2726.2726, 手续费: 0.6011
2025-12-20 16:33:45.144 | DEBUG    | engine.backtest:_close_position:231 - 平仓: 2765.7234, PnL: 14.4969, 手续费: 0.6098
2025-12-20 16:33:45.144 | DEBUG    | engine.backtest:_open_position:190 - 开仓: short 0.3626336006505955 @ 2765.7234, 手续费: 0.6018
2025-12-20 16:33:45.155 | DEBUG    | engine.backtest:_close_position:231 - 平仓: 2721.47212, PnL: 16.0470, 手续费: 0.5921
2025-12-20 16:33:45.155 | DEBUG    | engine.backtest:_open_position:190 - 开仓: long 0.3691495843787276 @ 2721.47212, 手续费: 0.6028
2025-12-20 16:33:45.158 | DEBUG    | engine.backtest:_close_position:231 - 平仓: 2728.92708, PnL: 2.7520, 手续费: 0.6044
2025-12-20 16:33:45.158 | DEBUG    | engine.backtest:_open_position:190 - 开仓: short 0.3681241124849724 @ 2728.92708, 手续费: 0.6028
2025-12-20 16:33:45.180 | DEBUG    | engine.backtest:_close_position:231 - 平仓: 2764.77645, PnL: -13.1970, 手续费: 0.6107
2025-12-20 16:33:45.180 | DEBUG    | engine.backtest:_open_position:190 - 开仓: long 0.36290225507627893 @ 2764.77645, 手续费: 0.6020
2025-12-20 16:33:45.212 | DEBUG    | engine.backtest:_close_position:231 - 平仓: 2750.7249, PnL: -5.0993, 手续费: 0.5989
2025-12-20 16:33:45.212 | DEBUG    | engine.backtest:_open_position:190 - 开仓: short 0.3644541094029349 @ 2750.7249, 手续费: 0.6015
2025-12-20 16:33:45.264 | DEBUG    | engine.backtest:_close_position:231 - 平仓: 2745.8745599999997, PnL: 1.7677, 手续费: 0.6004
2025-12-20 16:33:45.264 | DEBUG    | engine.backtest:_open_position:190 - 开仓: long 0.365191518103991 @ 2745.8745599999997, 手续费: 0.6017
2025-12-20 16:33:45.277 | DEBUG    | engine.backtest:_close_position:231 - 平仓: 2736.12636, PnL: -3.5600, 手续费: 0.5995
2025-12-20 16:33:45.277 | DEBUG    | engine.backtest:_open_position:190 - 开仓: short 0.3662453286421379 @ 2736.12636, 手续费: 0.6013
2025-12-20 16:33:45.359 | DEBUG    | engine.backtest:_close_position:231 - 平仓: 2740.4740199999997, PnL: -1.5923, 手续费: 0.6022
2025-12-20 16:33:45.359 | DEBUG    | engine.backtest:_open_position:190 - 开仓: long 0.365635406000085 @ 2740.4740199999997, 手续费: 0.6012
2025-12-20 16:33:45.457 | DEBUG    | engine.backtest:_close_position:231 - 平仓: 2745.22545, PnL: 1.7373, 手续费: 0.6023
2025-12-20 16:33:45.457 | DEBUG    | engine.backtest:_open_position:190 - 开仓: short 0.36494901572317306 @ 2745.22545, 手续费: 0.6011
2025-12-20 16:33:45.473 | DEBUG    | engine.backtest:_close_position:231 - 平仓: 2766.97667, PnL: -7.9381, 手续费: 0.6059
2025-12-20 16:33:45.473 | DEBUG    | engine.backtest:_open_position:190 - 开仓: long 0.36182203118180656 @ 2766.97667, 手续费: 0.6007
2025-12-20 16:33:45.633 | DEBUG    | engine.backtest:_close_position:231 - 平仓: 2792.32074, PnL: 9.1700, 手续费: 0.6062
2025-12-20 16:33:45.633 | DEBUG    | engine.backtest:_open_position:190 - 开仓: short 0.3587514607829391 @ 2792.32074, 手续费: 0.6010
2025-12-20 16:33:45.708 | DEBUG    | engine.backtest:_close_position:231 - 平仓: 2814.9814699999997, PnL: -8.1296, 手续费: 0.6059
2025-12-20 16:33:45.708 | DEBUG    | engine.backtest:_open_position:190 - 开仓: long 0.3556029682424101 @ 2814.9814699999997, 手续费: 0.6006
2025-12-20 16:33:45.812 | DEBUG    | engine.backtest:_close_position:231 - 平仓: 2795.62041, PnL: -6.8849, 手续费: 0.5965
2025-12-20 16:33:45.812 | DEBUG    | engine.backtest:_open_position:190 - 开仓: short 0.3577050255268609 @ 2795.62041, 手续费: 0.6000
2025-12-20 16:33:45.891 | DEBUG    | engine.backtest:_close_position:231 - 平仓: 2827.2827, PnL: -11.3258, 手续费: 0.6068
2025-12-20 16:33:45.891 | DEBUG    | engine.backtest:_open_position:190 - 开仓: long 0.3533265738957381 @ 2827.2827, 手续费: 0.5994
2025-12-20 16:33:45.967 | DEBUG    | engine.backtest:_close_position:231 - 平仓: 2770.182954, PnL: -20.1749, 手续费: 0.5873
2025-12-20 16:33:45.967 | DEBUG    | engine.backtest:_check_stop_loss_take_profit:252 - 触发止损: 2770.46
2025-12-20 16:33:45.967 | DEBUG    | engine.backtest:_open_position:190 - 开仓: short 0.35806799634972 @ 2783.32164, 手续费: 0.5980
2025-12-20 16:33:46.006 | DEBUG    | engine.backtest:_close_position:231 - 平仓: 2839.5559272, PnL: -20.1357, 手续费: 0.6101
2025-12-20 16:33:46.006 | DEBUG    | engine.backtest:_check_stop_loss_take_profit:256 - 触发止损: 2839.272
2025-12-20 16:33:46.035 | DEBUG    | engine.backtest:_open_position:190 - 开仓: long 0.3482070169220467 @ 2856.58563, 手续费: 0.5968
2025-12-20 16:33:46.154 | DEBUG    | engine.backtest:_close_position:231 - 平仓: 2824.4175299999997, PnL: -11.2012, 手续费: 0.5901
2025-12-20 16:33:46.154 | DEBUG    | engine.backtest:_open_position:190 - 开仓: short 0.3516638569442876 @ 2824.4175299999997, 手续费: 0.5959
2025-12-20 16:33:46.318 | DEBUG    | engine.backtest:_close_position:231 - 平仓: 2829.18289, PnL: -1.6758, 手续费: 0.5970
2025-12-20 16:33:46.318 | DEBUG    | engine.backtest:_open_position:190 - 开仓: long 0.35104034296264874 @ 2829.18289, 手续费: 0.5959
2025-12-20 16:33:46.396 | DEBUG    | engine.backtest:_close_position:231 - 平仓: 2941.7617944, PnL: 39.5197, 手续费: 0.6196
2025-12-20 16:33:46.396 | DEBUG    | engine.backtest:_check_stop_loss_take_profit:263 - 触发止盈: 2942.056
2025-12-20 16:33:46.583 | DEBUG    | engine.backtest:_open_position:190 - 开仓: short 0.33853650621932857 @ 2944.40553, 手续费: 0.5981
2025-12-20 16:33:46.945 | DEBUG    | engine.backtest:_close_position:231 - 平仓: 2927.1926900000003, PnL: 5.8272, 手续费: 0.5946
2025-12-20 16:33:46.945 | DEBUG    | engine.backtest:_open_position:190 - 开仓: long 0.3407536650773134 @ 2927.1926900000003, 手续费: 0.5985
2025-12-20 16:33:47.009 | DEBUG    | engine.backtest:_close_position:231 - 平仓: 2868.0751638, PnL: -20.1445, 手续费: 0.5864
2025-12-20 16:33:47.009 | DEBUG    | engine.backtest:_check_stop_loss_take_profit:252 - 触发止损: 2868.362
2025-12-20 16:33:47.040 | DEBUG    | engine.backtest:_open_position:190 - 开仓: short 0.3437716633564131 @ 2894.7105, 手续费: 0.5971
2025-12-20 16:33:47.080 | DEBUG    | engine.backtest:_close_position:231 - 平仓: 2948.59483, PnL: -18.5239, 手续费: 0.6082
2025-12-20 16:33:47.080 | DEBUG    | engine.backtest:_open_position:190 - 开仓: long 0.33688771464028555 @ 2948.59483, 手续费: 0.5960
2025-12-20 16:33:47.152 | DEBUG    | engine.backtest:_close_position:231 - 平仓: 2889.0450666, PnL: -20.0616, 手续费: 0.5840
2025-12-20 16:33:47.152 | DEBUG    | engine.backtest:_check_stop_loss_take_profit:252 - 触发止损: 2889.3340000000003
2025-12-20 16:33:47.455 | DEBUG    | engine.backtest:_open_position:190 - 开仓: short 0.3377941763928342 @ 2933.8065899999997, 手续费: 0.5946
2025-12-20 16:33:47.831 | DEBUG    | engine.backtest:_close_position:231 - 平仓: 2908.9908699999996, PnL: 8.3826, 手续费: 0.5896
2025-12-20 16:33:47.832 | DEBUG    | engine.backtest:_open_position:190 - 开仓: long 0.340991416697069 @ 2908.9908699999996, 手续费: 0.5952
2025-12-20 16:33:47.945 | DEBUG    | engine.backtest:_close_position:231 - 平仓: 3024.7454952, PnL: 39.4713, 手续费: 0.6188
2025-12-20 16:33:47.945 | DEBUG    | engine.backtest:_check_stop_loss_take_profit:263 - 触发止盈: 3025.048
2025-12-20 16:33:48.206 | DEBUG    | engine.backtest:_open_position:190 - 开仓: short 0.3294839226712381 @ 3021.59781, 手续费: 0.5973
2025-12-20 16:33:48.248 | DEBUG    | engine.backtest:_close_position:231 - 平仓: 3039.10388, PnL: -5.7680, 手续费: 0.6008
2025-12-20 16:33:48.248 | DEBUG    | engine.backtest:_open_position:190 - 开仓: long 0.32742228999367545 @ 3039.10388, 手续费: 0.5970
2025-12-20 16:33:48.450 | DEBUG    | engine.backtest:_close_position:231 - 平仓: 3029.3970299999996, PnL: -3.1782, 手续费: 0.5951
2025-12-20 16:33:48.450 | DEBUG    | engine.backtest:_open_position:190 - 开仓: short 0.3282614823841739 @ 3029.3970299999996, 手续费: 0.5967
2025-12-20 16:33:48.656 | DEBUG    | engine.backtest:_close_position:231 - 平仓: 3030.10298, PnL: -0.2317, 手续费: 0.5968
2025-12-20 16:33:48.656 | DEBUG    | engine.backtest:_open_position:190 - 开仓: long 0.328203608664808 @ 3030.10298, 手续费: 0.5967
2025-12-20 16:33:48.677 | DEBUG    | engine.backtest:_close_position:231 - 平仓: 3023.89758, PnL: -2.0366, 手续费: 0.5955
2025-12-20 16:33:48.677 | DEBUG    | engine.backtest:_open_position:190 - 开仓: short 0.3287045874530374 @ 3023.89758, 手续费: 0.5964
2025-12-20 16:33:48.914 | DEBUG    | engine.backtest:_close_position:231 - 平仓: 3015.3015, PnL: 2.8256, 手续费: 0.5947
2025-12-20 16:33:48.915 | DEBUG    | engine.backtest:_open_position:190 - 开仓: long 0.32976181217975414 @ 3015.3015, 手续费: 0.5966
2025-12-20 16:33:49.170 | DEBUG    | engine.backtest:_close_position:231 - 平仓: 3010.8988799999997, PnL: -1.4518, 手续费: 0.5957
2025-12-20 16:33:49.170 | DEBUG    | engine.backtest:_open_position:190 - 开仓: short 0.3300901466131552 @ 3010.8988799999997, 手续费: 0.5963
2025-12-20 16:33:49.429 | DEBUG    | engine.backtest:_close_position:231 - 平仓: 3027.70274, PnL: -5.5468, 手续费: 0.5996
2025-12-20 16:33:49.429 | DEBUG    | engine.backtest:_open_position:190 - 开仓: long 0.3281010681267031 @ 3027.70274, 手续费: 0.5960
2025-12-20 16:33:50.011 | DEBUG    | engine.backtest:_close_position:231 - 平仓: 3015.79839, PnL: -3.9058, 手续费: 0.5937
2025-12-20 16:33:50.011 | DEBUG    | engine.backtest:_open_position:190 - 开仓: short 0.3291613732638795 @ 3015.79839, 手续费: 0.5956
2025-12-20 16:33:50.208 | DEBUG    | engine.backtest:_close_position:231 - 平仓: 3047.70474, PnL: -10.5023, 手续费: 0.6019
2025-12-20 16:33:50.208 | DEBUG    | engine.backtest:_open_position:190 - 开仓: long 0.32539661082955285 @ 3047.70474, 手续费: 0.5950
2025-12-20 16:33:50.310 | DEBUG    | engine.backtest:_close_position:231 - 平仓: 3035.29644, PnL: -4.0376, 手续费: 0.5926
2025-12-20 16:33:50.310 | DEBUG    | engine.backtest:_open_position:190 - 开仓: short 0.3264893618023802 @ 3035.29644, 手续费: 0.5946
2025-12-20 16:33:51.235 | DEBUG    | engine.backtest:_close_position:231 - 平仓: 3002.40021, PnL: 10.7403, 手续费: 0.5882
2025-12-20 16:33:51.235 | DEBUG    | engine.backtest:_open_position:190 - 开仓: long 0.33045097064640905 @ 3002.40021, 手续费: 0.5953
2025-12-20 16:33:51.288 | DEBUG    | engine.backtest:_close_position:231 - 平仓: 2968.30314, PnL: -11.2674, 手续费: 0.5885
2025-12-20 16:33:51.288 | DEBUG    | engine.backtest:_open_position:190 - 开仓: short 0.33376060651713535 @ 2968.30314, 手续费: 0.5944
2025-12-20 16:33:51.653 | DEBUG    | engine.backtest:_close_position:231 - 平仓: 2994.9994699999997, PnL: -8.9102, 手续费: 0.5998
2025-12-20 16:33:51.653 | DEBUG    | engine.backtest:_open_position:190 - 开仓: long 0.3305143417530144 @ 2994.9994699999997, 手续费: 0.5939
2025-12-20 16:33:51.957 | DEBUG    | engine.backtest:_close_position:231 - 平仓: 2988.30114, PnL: -2.2139, 手续费: 0.5926
2025-12-20 16:33:51.957 | DEBUG    | engine.backtest:_open_position:190 - 开仓: short 0.3310751709278309 @ 2988.30114, 手续费: 0.5936
2025-12-20 16:33:51.972 | DEBUG    | engine.backtest:_close_position:231 - 平仓: 2991.19909, PnL: -0.9594, 手续费: 0.5942
2025-12-20 16:33:51.972 | DEBUG    | engine.backtest:_open_position:190 - 开仓: long 0.33074878199274926 @ 2991.19909, 手续费: 0.5936
2025-12-20 16:33:51.986 | DEBUG    | engine.backtest:_close_position:231 - 平仓: 2987.90118, PnL: -1.0908, 手续费: 0.5929
2025-12-20 16:33:51.986 | DEBUG    | engine.backtest:_open_position:190 - 开仓: short 0.330971420682233 @ 2987.90118, 手续费: 0.5933
2025-12-20 16:33:52.104 | DEBUG    | engine.backtest:_close_position:231 - 平仓: 3003.00027, PnL: -4.9974, 手续费: 0.5963
2025-12-20 16:33:52.104 | DEBUG    | engine.backtest:_open_position:190 - 开仓: long 0.32916711410596244 @ 3003.00027, 手续费: 0.5931
2025-12-20 16:33:52.831 | DEBUG    | engine.backtest:_close_position:231 - 平仓: 3033.19665, PnL: 9.9397, 手续费: 0.5991
2025-12-20 16:33:52.831 | DEBUG    | engine.backtest:_open_position:190 - 开仓: short 0.3261133489371545 @ 3033.19665, 手续费: 0.5935
2025-12-20 16:33:53.094 | DEBUG    | engine.backtest:_close_position:231 - 平仓: 2912.451216, PnL: 39.3767, 手续费: 0.5699
2025-12-20 16:33:53.095 | DEBUG    | engine.backtest:_check_stop_loss_take_profit:267 - 触发止盈: 2912.16
2025-12-20 16:33:53.629 | DEBUG    | engine.backtest:_open_position:190 - 开仓: long 0.3495920640960637 @ 2840.98407, 手续费: 0.5959
2025-12-20 16:33:53.909 | DEBUG    | engine.backtest:_close_position:231 - 平仓: 2820.31794, PnL: -7.2247, 手续费: 0.5916
2025-12-20 16:33:53.909 | DEBUG    | engine.backtest:_open_position:190 - 开仓: short 0.3517850656590873 @ 2820.31794, 手续费: 0.5953
2025-12-20 16:33:54.498 | DEBUG    | engine.backtest:_close_position:231 - 平仓: 2794.77945, PnL: 8.9841, 手续费: 0.5899
2025-12-20 16:33:54.498 | DEBUG    | engine.backtest:_open_position:190 - 开仓: long 0.3553497383045012 @ 2794.77945, 手续费: 0.5959
2025-12-20 16:33:55.303 | DEBUG    | engine.backtest:_close_position:231 - 平仓: 2796.42033, PnL: 0.5831, 手续费: 0.5962
2025-12-20 16:33:55.303 | DEBUG    | engine.backtest:_open_position:190 - 开仓: short 0.3550484293764328 @ 2796.42033, 手续费: 0.5957
2025-12-20 16:33:55.442 | DEBUG    | engine.backtest:_close_position:231 - 平仓: 2822.58223, PnL: -9.2887, 手续费: 0.6013
2025-12-20 16:33:55.442 | DEBUG    | engine.backtest:_open_position:190 - 开仓: long 0.35145638918775596 @ 2822.58223, 手续费: 0.5952
2025-12-20 16:33:55.745 | DEBUG    | engine.backtest:_close_position:231 - 平仓: 2934.8984808, PnL: 39.4743, 手续费: 0.6189
2025-12-20 16:33:55.745 | DEBUG    | engine.backtest:_check_stop_loss_take_profit:263 - 触发止盈: 2935.192
2025-12-20 16:33:56.253 | DEBUG    | engine.backtest:_open_position:190 - 开仓: short 0.3305804533040221 @ 3011.79879, 手续费: 0.5974
2025-12-20 16:33:56.401 | DEBUG    | engine.backtest:_close_position:231 - 平仓: 2997.99977, PnL: 4.5617, 手续费: 0.5946
2025-12-20 16:33:56.401 | DEBUG    | engine.backtest:_open_position:190 - 开仓: long 0.3322808648996852 @ 2997.99977, 手续费: 0.5977
2025-12-20 16:33:56.438 | DEBUG    | engine.backtest:_close_position:231 - 平仓: 3001.9997700000004, PnL: 1.3291, 手续费: 0.5985
2025-12-20 16:33:56.438 | DEBUG    | engine.backtest:_open_position:190 - 开仓: short 0.3317761849094205 @ 3001.9997700000004, 手续费: 0.5976
2025-12-20 16:33:56.546 | DEBUG    | engine.backtest:_close_position:231 - 平仓: 3044.0043699999997, PnL: -13.9361, 手续费: 0.6060
2025-12-20 16:33:56.546 | DEBUG    | engine.backtest:_open_position:190 - 开仓: long 0.32676599932603007 @ 3044.0043699999997, 手续费: 0.5968
2025-12-20 16:33:57.239 | DEBUG    | engine.backtest:_close_position:231 - 平仓: 3054.99447, PnL: 3.5912, 手续费: 0.5990
2025-12-20 16:33:57.239 | DEBUG    | engine.backtest:_open_position:190 - 开仓: short 0.3256037752503867 @ 3054.99447, 手续费: 0.5968
2025-12-20 16:33:57.258 | DEBUG    | engine.backtest:_close_position:231 - 平仓: 3069.70694, PnL: -4.7904, 手续费: 0.5997
2025-12-20 16:33:57.259 | DEBUG    | engine.backtest:_open_position:190 - 开仓: long 0.32391298540134816 @ 3069.70694, 手续费: 0.5966
2025-12-20 16:33:58.155 | DEBUG    | engine.backtest:_close_position:231 - 平仓: 3191.8567824, PnL: 39.5659, 手续费: 0.6203
2025-12-20 16:33:58.155 | DEBUG    | engine.backtest:_check_stop_loss_take_profit:263 - 触发止盈: 3192.176
2025-12-20 16:33:58.704 | DEBUG    | engine.backtest:_open_position:190 - 开仓: short 0.3135180678817587 @ 3183.0816600000003, 手续费: 0.5988
2025-12-20 16:33:59.124 | DEBUG    | engine.backtest:_close_position:231 - 平仓: 3190.0189699999996, PnL: -2.1750, 手续费: 0.6001
2025-12-20 16:33:59.124 | DEBUG    | engine.backtest:_open_position:190 - 开仓: long 0.31279306366124876 @ 3190.0189699999996, 手续费: 0.5987
2025-12-20 16:33:59.207 | DEBUG    | engine.backtest:_close_position:231 - 平仓: 3188.28114, PnL: -0.5436, 手续费: 0.5984
2025-12-20 16:33:59.207 | DEBUG    | engine.backtest:_open_position:190 - 开仓: short 0.3128463814091957 @ 3188.28114, 手续费: 0.5985
2025-12-20 16:33:59.574 | DEBUG    | engine.backtest:_close_position:231 - 平仓: 3178.51782, PnL: 3.0544, 手续费: 0.5966
2025-12-20 16:33:59.574 | DEBUG    | engine.backtest:_open_position:190 - 开仓: long 0.31392860861294686 @ 3178.51782, 手续费: 0.5987
2025-12-20 16:33:59.595 | DEBUG    | engine.backtest:_close_position:231 - 平仓: 3167.08326, PnL: -3.5896, 手续费: 0.5965
2025-12-20 16:33:59.595 | DEBUG    | engine.backtest:_open_position:190 - 开仓: short 0.3148479561784132 @ 3167.08326, 手续费: 0.5983
2025-12-20 16:33:59.636 | DEBUG    | engine.backtest:_close_position:231 - 平仓: 3161.71614, PnL: 1.6898, 手续费: 0.5973
2025-12-20 16:33:59.636 | DEBUG    | engine.backtest:_open_position:190 - 开仓: long 0.3154611382622868 @ 3161.71614, 手续费: 0.5984
2025-12-20 16:33:59.697 | DEBUG    | engine.backtest:_close_position:231 - 平仓: 3154.28454, PnL: -2.3444, 手续费: 0.5970
2025-12-20 16:33:59.697 | DEBUG    | engine.backtest:_open_position:190 - 开仓: short 0.3160289283069345 @ 3154.28454, 手续费: 0.5981
2025-12-20 16:34:00.250 | DEBUG    | engine.backtest:_close_position:231 - 平仓: 3145.0144699999996, PnL: 2.9296, 手续费: 0.5963
2025-12-20 16:34:00.250 | DEBUG    | engine.backtest:_open_position:190 - 开仓: long 0.3170790131404859 @ 3145.0144699999996, 手续费: 0.5983
2025-12-20 16:34:00.806 | DEBUG    | engine.backtest:_close_position:231 - 平仓: 3167.18325, PnL: 7.0293, 手续费: 0.6025
2025-12-20 16:34:00.806 | DEBUG    | engine.backtest:_open_position:190 - 开仓: short 0.31498065041387546 @ 3167.18325, 手续费: 0.5986
2025-12-20 16:34:00.828 | DEBUG    | engine.backtest:_close_position:231 - 平仓: 3174.5174199999997, PnL: -2.3101, 手续费: 0.5999
2025-12-20 16:34:00.828 | DEBUG    | engine.backtest:_open_position:190 - 开仓: long 0.3142052634497385 @ 3174.5174199999997, 手续费: 0.5985
2025-12-20 16:34:00.850 | DEBUG    | engine.backtest:_close_position:231 - 平仓: 3178.08216, PnL: 1.1201, 手续费: 0.5991
2025-12-20 16:34:00.850 | DEBUG    | engine.backtest:_open_position:190 - 开仓: short 0.3137876264899841 @ 3178.08216, 手续费: 0.5983
2025-12-20 16:34:00.893 | DEBUG    | engine.backtest:_close_position:231 - 平仓: 3172.2171900000003, PnL: 1.8404, 手续费: 0.5972
2025-12-20 16:34:00.893 | DEBUG    | engine.backtest:_open_position:190 - 开仓: long 0.31445098168785474 @ 3172.2171900000003, 手续费: 0.5985
2025-12-20 16:34:00.960 | DEBUG    | engine.backtest:_close_position:231 - 平仓: 3148.08516, PnL: -7.5883, 手续费: 0.5940
2025-12-20 16:34:00.960 | DEBUG    | engine.backtest:_open_position:190 - 开仓: short 0.31651918093210296 @ 3148.08516, 手续费: 0.5979
2025-12-20 16:34:01.665 | DEBUG    | engine.backtest:_close_position:231 - 平仓: 3022.7662464, PnL: 39.6658, 手续费: 0.5741
2025-12-20 16:34:01.665 | DEBUG    | engine.backtest:_check_stop_loss_take_profit:267 - 触发止盈: 3022.464
2025-12-20 16:34:02.590 | DEBUG    | engine.backtest:_open_position:190 - 开仓: long 0.3303977745113488 @ 3028.10278, 手续费: 0.6003
2025-12-20 16:34:03.144 | DEBUG    | engine.backtest:_close_position:231 - 平仓: 3017.39823, PnL: -3.5368, 手续费: 0.5982
2025-12-20 16:34:03.144 | DEBUG    | engine.backtest:_open_position:190 - 开仓: short 0.3313466747890701 @ 3017.39823, 手续费: 0.5999
2025-12-20 16:34:03.421 | DEBUG    | engine.backtest:_close_position:231 - 平仓: 3038.20379, PnL: -6.8939, 手续费: 0.6040
2025-12-20 16:34:03.421 | DEBUG    | engine.backtest:_open_position:190 - 开仓: long 0.32887688369698603 @ 3038.20379, 手续费: 0.5995
2025-12-20 16:34:04.198 | DEBUG    | engine.backtest:_close_position:231 - 平仓: 3029.3970299999996, PnL: -2.8963, 手续费: 0.5978
2025-12-20 16:34:04.198 | DEBUG    | engine.backtest:_open_position:190 - 开仓: short 0.3296318848023551 @ 3029.3970299999996, 手续费: 0.5992
2025-12-20 16:34:04.753 | DEBUG    | engine.backtest:_close_position:231 - 平仓: 3047.1046800000004, PnL: -5.8370, 手续费: 0.6027
2025-12-20 16:34:04.753 | DEBUG    | engine.backtest:_open_position:190 - 开仓: long 0.3275508206178623 @ 3047.1046800000004, 手续费: 0.5988
2025-12-20 16:34:05.260 | DEBUG    | engine.backtest:_close_position:231 - 平仓: 3046.8952799999997, PnL: -0.0686, 手续费: 0.5988
2025-12-20 16:34:05.261 | DEBUG    | engine.backtest:_open_position:190 - 开仓: short 0.3274662692514619 @ 3046.8952799999997, 手续费: 0.5987
2025-12-20 16:34:05.803 | DEBUG    | engine.backtest:_close_position:231 - 平仓: 3041.60413, PnL: 1.7327, 手续费: 0.5976
2025-12-20 16:34:05.804 | DEBUG    | engine.backtest:_open_position:190 - 开仓: long 0.3281191780774279 @ 3041.60413, 手续费: 0.5988
2025-12-20 16:34:06.027 | DEBUG    | engine.backtest:_close_position:231 - 平仓: 2980.1759526, PnL: -20.1558, 手续费: 0.5867
2025-12-20 16:34:06.027 | DEBUG    | engine.backtest:_check_stop_loss_take_profit:252 - 触发止损: 2980.474
2025-12-20 16:34:06.028 | DEBUG    | engine.backtest:_open_position:190 - 开仓: short 0.3391372278070559 @ 2935.90638, 手续费: 0.5974
2025-12-20 16:34:06.180 | DEBUG    | engine.backtest:_close_position:231 - 平仓: 2995.2234924, PnL: -20.1166, 手续费: 0.6095
2025-12-20 16:34:06.180 | DEBUG    | engine.backtest:_check_stop_loss_take_profit:256 - 触发止损: 2994.924
2025-12-20 16:34:06.362 | DEBUG    | engine.backtest:_open_position:190 - 开仓: long 0.31923227403599264 @ 3112.91126, 手续费: 0.5962
2025-12-20 16:34:06.823 | DEBUG    | engine.backtest:_close_position:231 - 平仓: 3050.0429652, PnL: -20.0696, 手续费: 0.5842
2025-12-20 16:34:06.823 | DEBUG    | engine.backtest:_check_stop_loss_take_profit:252 - 触发止损: 3050.348
2025-12-20 16:34:06.927 | DEBUG    | engine.backtest:_open_position:190 - 开仓: short 0.32689900512990944 @ 3032.79669, 手续费: 0.5949
2025-12-20 16:34:07.159 | DEBUG    | engine.backtest:_close_position:231 - 平仓: 3094.0713761999996, PnL: -20.0306, 手续费: 0.6069
2025-12-20 16:34:07.160 | DEBUG    | engine.backtest:_check_stop_loss_take_profit:256 - 触发止损: 3093.7619999999997
2025-12-20 16:34:07.311 | DEBUG    | engine.backtest:_open_position:190 - 开仓: long 0.3181127056263782 @ 3110.51102, 手续费: 0.5937
2025-12-20 16:34:08.403 | DEBUG    | engine.backtest:_close_position:231 - 平仓: 3142.7856899999997, PnL: 10.2670, 手续费: 0.5999
2025-12-20 16:34:08.403 | DEBUG    | engine.backtest:_open_position:190 - 开仓: short 0.3150715790495756 @ 3142.7856899999997, 手续费: 0.5941
2025-12-20 16:34:09.267 | DEBUG    | engine.backtest:_close_position:231 - 平仓: 3138.6138300000002, PnL: 1.3144, 手续费: 0.5933
2025-12-20 16:34:09.267 | DEBUG    | engine.backtest:_open_position:190 - 开仓: long 0.3155575241801529 @ 3138.6138300000002, 手续费: 0.5942
2025-12-20 16:34:09.723 | DEBUG    | engine.backtest:_close_position:231 - 平仓: 3109.9889700000003, PnL: -9.0328, 手续费: 0.5888
2025-12-20 16:34:09.723 | DEBUG    | engine.backtest:_open_position:190 - 开仓: short 0.31806982976615256 @ 3109.9889700000003, 手续费: 0.5935
2025-12-20 16:34:10.446 | DEBUG    | engine.backtest:_close_position:231 - 平仓: 3123.6123300000004, PnL: -4.3332, 手续费: 0.5961
2025-12-20 16:34:10.447 | DEBUG    | engine.backtest:_open_position:190 - 开仓: long 0.3165691128971923 @ 3123.6123300000004, 手续费: 0.5933
2025-12-20 16:34:10.752 | DEBUG    | engine.backtest:_close_position:231 - 平仓: 3102.2897399999997, PnL: -6.7501, 手续费: 0.5893
2025-12-20 16:34:10.752 | DEBUG    | engine.backtest:_open_position:190 - 开仓: short 0.3184255293218548 @ 3102.2897399999997, 手续费: 0.5927
2025-12-20 16:34:10.972 | DEBUG    | engine.backtest:_close_position:231 - 平仓: 3135.3135, PnL: -10.5156, 手续费: 0.5990
2025-12-20 16:34:10.972 | DEBUG    | engine.backtest:_open_position:190 - 开仓: long 0.3147611846001159 @ 3135.3135, 手续费: 0.5921
2025-12-20 16:34:11.381 | DEBUG    | engine.backtest:_close_position:231 - 平仓: 3260.07396, PnL: 39.2698, 手续费: 0.6157
2025-12-20 16:34:11.381 | DEBUG    | engine.backtest:_check_stop_loss_take_profit:263 - 触发止盈: 3260.4
2025-12-20 16:34:12.095 | DEBUG    | engine.backtest:_open_position:190 - 开仓: short 0.2990076692793249 @ 3312.56871, 手续费: 0.5943
2025-12-20 16:34:12.864 | DEBUG    | engine.backtest:_close_position:231 - 平仓: 3325.5325199999997, PnL: -3.8763, 手续费: 0.5966
2025-12-20 16:34:12.865 | DEBUG    | engine.backtest:_open_position:190 - 开仓: long 0.2977492448885884 @ 3325.5325199999997, 手续费: 0.5941
2025-12-20 16:34:13.702 | DEBUG    | engine.backtest:_close_position:231 - 平仓: 3311.46882, PnL: -4.1875, 手续费: 0.5916
2025-12-20 16:34:13.702 | DEBUG    | engine.backtest:_open_position:190 - 开仓: short 0.29879173675033566 @ 3311.46882, 手续费: 0.5937
2025-12-20 16:34:13.936 | DEBUG    | engine.backtest:_close_position:231 - 平仓: 3323.0322699999997, PnL: -3.4551, 手续费: 0.5957
2025-12-20 16:34:13.937 | DEBUG    | engine.backtest:_open_position:190 - 开仓: long 0.2976717811998495 @ 3323.0322699999997, 手续费: 0.5935
2025-12-20 16:34:14.938 | DEBUG    | engine.backtest:_close_position:231 - 平仓: 3346.86528, PnL: 7.0944, 手续费: 0.5978
2025-12-20 16:34:14.939 | DEBUG    | engine.backtest:_open_position:190 - 开仓: short 0.29566931836445315 @ 3346.86528, 手续费: 0.5937
2025-12-20 16:34:15.388 | DEBUG    | engine.backtest:_close_position:231 - 平仓: 3213.6333311999997, PnL: 39.3926, 手续费: 0.5701
2025-12-20 16:34:15.388 | DEBUG    | engine.backtest:_check_stop_loss_take_profit:267 - 触发止盈: 3213.312
2025-12-20 16:34:17.379 | DEBUG    | engine.backtest:_open_position:190 - 开仓: long 0.3074764687224022 @ 3231.4231099999997, 手续费: 0.5962
2025-12-20 16:34:18.358 | DEBUG    | engine.backtest:_close_position:231 - 平仓: 3250.27494, PnL: 5.7965, 手续费: 0.5996
2025-12-20 16:34:18.358 | DEBUG    | engine.backtest:_open_position:190 - 开仓: short 0.30577348468683474 @ 3250.27494, 手续费: 0.5963
2025-12-20 16:34:18.390 | DEBUG    | engine.backtest:_close_position:231 - 平仓: 3251.6251300000004, PnL: -0.4129, 手续费: 0.5966
2025-12-20 16:34:18.390 | DEBUG    | engine.backtest:_open_position:190 - 开仓: long 0.3056582651783615 @ 3251.6251300000004, 手续费: 0.5963
2025-12-20 16:34:19.209 | DEBUG    | engine.backtest:_close_position:231 - 平仓: 3247.6752, PnL: -1.2073, 手续费: 0.5956
2025-12-20 16:34:19.209 | DEBUG    | engine.backtest:_open_position:190 - 开仓: short 0.30589494790869604 @ 3247.6752, 手续费: 0.5961
2025-12-20 16:34:20.040 | DEBUG    | engine.backtest:_close_position:231 - 平仓: 3118.391808, PnL: 39.5471, 手续费: 0.5723
2025-12-20 16:34:20.040 | DEBUG    | engine.backtest:_check_stop_loss_take_profit:267 - 触发止盈: 3118.08
