2025-12-20 17:35:54.844 | INFO     | __main__:run_backtest:39 - ==================================================
2025-12-20 17:35:54.844 | INFO     | __main__:run_backtest:40 - 开始回测
2025-12-20 17:35:54.844 | INFO     | __main__:run_backtest:41 - ==================================================
2025-12-20 17:35:54.845 | INFO     | __main__:run_backtest:50 - 获取 ETH 90 天历史数据...
2025-12-20 17:35:55.983 | INFO     | __main__:run_backtest:63 - 获取到 541 条数据
2025-12-20 17:35:55.983 | INFO     | strategies.base:__init__:61 - 策略初始化: SuperTrend_Strategy
2025-12-20 17:35:55.985 | INFO     | engine.backtest:run:382 - 开始回测: SuperTrend_Strategy, 数据量: 541
2025-12-20 17:35:55.985 | INFO     | strategies.base:on_init:106 - 策略 SuperTrend_Strategy 初始化
2025-12-20 17:35:55.985 | INFO     | strategies.base:on_start:113 - 策略 SuperTrend_Strategy 启动
2025-12-20 17:35:55.985 | DEBUG    | engine.backtest:run:389 - 预计算指标...
2025-12-20 17:35:56.001 | DEBUG    | engine.backtest:_open_position:190 - 开仓: long 0.24145257871354064 @ 4142.014160000001, 手续费: 0.6001
2025-12-20 17:35:56.020 | DEBUG    | engine.backtest:_close_position:231 - 平仓: 4418.418114000001, PnL: 66.7384, 手续费: 0.6401
2025-12-20 17:35:56.020 | DEBUG    | engine.backtest:_check_stop_loss_take_profit:263 - 触发止盈: 4418.860000000001
2025-12-20 17:35:56.068 | DEBUG    | engine.backtest:_open_position:190 - 开仓: short 0.22458606551812757 @ 4481.35182, 手续费: 0.6039
2025-12-20 17:35:56.098 | DEBUG    | engine.backtest:_close_position:231 - 平仓: 3933.973358, PnL: 122.9336, 手续费: 0.5301
2025-12-20 17:35:56.098 | DEBUG    | engine.backtest:_check_stop_loss_take_profit:267 - 触发止盈: 3933.5800000000004
2025-12-20 17:35:56.124 | DEBUG    | engine.backtest:_open_position:190 - 开仓: long 0.24389030118885124 @ 4177.4177, 手续费: 0.6113
2025-12-20 17:35:56.135 | DEBUG    | engine.backtest:_close_position:231 - 平仓: 3938.446116, PnL: -58.2829, 手续费: 0.5763
2025-12-20 17:35:56.135 | DEBUG    | engine.backtest:_check_stop_loss_take_profit:252 - 触发止损: 3938.84
2025-12-20 17:35:56.160 | DEBUG    | engine.backtest:_open_position:190 - 开仓: short 0.2620462987600891 @ 3864.51351, 手续费: 0.6076
2025-12-20 17:35:56.193 | DEBUG    | engine.backtest:_close_position:231 - 平仓: 4079.2878880000003, PnL: -56.2808, 手续费: 0.6414
2025-12-20 17:35:56.193 | DEBUG    | engine.backtest:_check_stop_loss_take_profit:256 - 触发止损: 4078.88
2025-12-20 17:35:56.209 | DEBUG    | engine.backtest:_open_position:190 - 开仓: long 0.24664570730859497 @ 4083.30829, 手续费: 0.6043
2025-12-20 17:35:56.211 | DEBUG    | engine.backtest:_close_position:231 - 平仓: 3915.148446, PnL: -41.4759, 手续费: 0.5794
2025-12-20 17:35:56.211 | DEBUG    | engine.backtest:_check_stop_loss_take_profit:252 - 触发止损: 3915.54
2025-12-20 17:35:56.218 | DEBUG    | engine.backtest:_open_position:190 - 开仓: short 0.2619823912902844 @ 3827.21724, 手续费: 0.6016
2025-12-20 17:35:56.238 | DEBUG    | engine.backtest:_close_position:231 - 平仓: 4019.4819079999997, PnL: -50.3700, 手续费: 0.6318
2025-12-20 17:35:56.239 | DEBUG    | engine.backtest:_check_stop_loss_take_profit:256 - 触发止损: 4019.08
2025-12-20 17:35:56.261 | DEBUG    | engine.backtest:_open_position:190 - 开仓: long 0.24481667361995965 @ 4075.30749, 手续费: 0.5986
2025-12-20 17:35:56.283 | DEBUG    | engine.backtest:_close_position:231 - 平仓: 4037.1962399999998, PnL: -9.3303, 手续费: 0.5930
2025-12-20 17:35:56.283 | DEBUG    | engine.backtest:_open_position:190 - 开仓: short 0.24681773128047582 @ 4037.1962399999998, 手续费: 0.5979
2025-12-20 17:35:56.341 | DEBUG    | engine.backtest:_close_position:231 - 平仓: 3592.279191999999, PnL: 109.8134, 手续费: 0.5320
2025-12-20 17:35:56.341 | DEBUG    | engine.backtest:_check_stop_loss_take_profit:267 - 触发止盈: 3591.919999999999
2025-12-20 17:35:56.407 | DEBUG    | engine.backtest:_open_position:190 - 开仓: long 0.28142571390579285 @ 3580.05797, 手续费: 0.6045
2025-12-20 17:35:56.426 | DEBUG    | engine.backtest:_close_position:231 - 平仓: 3452.0747579999997, PnL: -36.0178, 手续费: 0.5829
2025-12-20 17:35:56.426 | DEBUG    | engine.backtest:_check_stop_loss_take_profit:252 - 触发止损: 3452.4199999999996
2025-12-20 17:35:56.438 | DEBUG    | engine.backtest:_open_position:190 - 开仓: short 0.2946509834457684 @ 3406.05936, 手续费: 0.6022
2025-12-20 17:35:56.505 | DEBUG    | engine.backtest:_close_position:231 - 平仓: 2905.270498, PnL: 147.5579, 手续费: 0.5136
2025-12-20 17:35:56.505 | DEBUG    | engine.backtest:_check_stop_loss_take_profit:267 - 触发止盈: 2904.98
2025-12-20 17:35:56.578 | DEBUG    | engine.backtest:_open_position:190 - 开仓: long 0.3359760226675663 @ 3031.3031, 手续费: 0.6111
2025-12-20 17:35:56.622 | DEBUG    | engine.backtest:_close_position:231 - 平仓: 2901.989772, PnL: -43.4462, 手续费: 0.5850
2025-12-20 17:35:56.622 | DEBUG    | engine.backtest:_check_stop_loss_take_profit:252 - 触发止损: 2902.2799999999997
2025-12-20 17:35:56.624 | DEBUG    | engine.backtest:_open_position:190 - 开仓: short 0.3589333735600353 @ 2824.4175299999997, 手续费: 0.6083
2025-12-20 17:35:56.639 | DEBUG    | engine.backtest:_close_position:231 - 平仓: 2922.0121719999997, PnL: -35.0300, 手续费: 0.6293
2025-12-20 17:35:56.639 | DEBUG    | engine.backtest:_check_stop_loss_take_profit:256 - 触发止损: 2921.72
2025-12-20 17:35:56.640 | DEBUG    | engine.backtest:_open_position:190 - 开仓: long 0.33623522191361765 @ 3004.90046, 手续费: 0.6062
2025-12-20 17:35:56.746 | DEBUG    | engine.backtest:_close_position:231 - 平仓: 3076.09236, PnL: 23.9372, 手续费: 0.6206
2025-12-20 17:35:56.746 | DEBUG    | engine.backtest:_open_position:190 - 开仓: short 0.3291260536838296 @ 3076.09236, 手续费: 0.6075
2025-12-20 17:35:56.828 | DEBUG    | engine.backtest:_close_position:231 - 平仓: 2984.99847, PnL: 29.9814, 手续费: 0.5895
2025-12-20 17:35:56.828 | INFO     | strategies.base:on_stop:120 - 策略 SuperTrend_Strategy 停止
2025-12-20 17:35:56.829 | INFO     | engine.backtest:run:512 - 回测完成: 总收益率 1.54%
