2025-12-20 17:34:34.546 | INFO     | __main__:run_backtest:39 - ==================================================
2025-12-20 17:34:34.546 | INFO     | __main__:run_backtest:40 - 开始回测
2025-12-20 17:34:34.546 | INFO     | __main__:run_backtest:41 - ==================================================
2025-12-20 17:34:34.546 | INFO     | __main__:run_backtest:50 - 获取 ETH 180 天历史数据...
2025-12-20 17:34:36.210 | INFO     | __main__:run_backtest:63 - 获取到 4321 条数据
2025-12-20 17:34:36.211 | INFO     | strategies.base:__init__:61 - 策略初始化: SuperTrend_Strategy
2025-12-20 17:34:36.216 | INFO     | engine.backtest:run:382 - 开始回测: SuperTrend_Strategy, 数据量: 4321
2025-12-20 17:34:36.216 | INFO     | strategies.base:on_init:106 - 策略 SuperTrend_Strategy 初始化
2025-12-20 17:34:36.216 | INFO     | strategies.base:on_start:113 - 策略 SuperTrend_Strategy 启动
2025-12-20 17:34:36.216 | DEBUG    | engine.backtest:run:389 - 预计算指标...
2025-12-20 17:34:36.275 | DEBUG    | engine.backtest:_open_position:190 - 开仓: short 0.4133427024345885 @ 2419.05807, 手续费: 0.5999
2025-12-20 17:34:36.378 | DEBUG    | engine.backtest:_close_position:231 - 平仓: 2447.84476, PnL: -11.8988, 手续费: 0.6071
2025-12-20 17:34:36.378 | DEBUG    | engine.backtest:_open_position:190 - 开仓: long 0.4080280361374535 @ 2447.84476, 手续费: 0.5993
2025-12-20 17:34:36.388 | DEBUG    | engine.backtest:_close_position:231 - 平仓: 2430.296946, PnL: -7.1600, 手续费: 0.5950
2025-12-20 17:34:36.388 | DEBUG    | engine.backtest:_check_stop_loss_take_profit:252 - 触发止损: 2430.54
2025-12-20 17:34:36.396 | DEBUG    | engine.backtest:_open_position:190 - 开仓: short 0.41031867927411514 @ 2431.65681, 手续费: 0.5987
2025-12-20 17:34:36.398 | DEBUG    | engine.backtest:_close_position:231 - 平仓: 2452.6852440000002, PnL: -8.6284, 手续费: 0.6038
2025-12-20 17:34:36.398 | DEBUG    | engine.backtest:_check_stop_loss_take_profit:256 - 触发止损: 2452.44
2025-12-20 17:34:36.400 | DEBUG    | engine.backtest:_open_position:190 - 开仓: long 0.398557057409751 @ 2501.45012, 手续费: 0.5982
2025-12-20 17:34:36.412 | DEBUG    | engine.backtest:_close_position:231 - 平仓: 2462.893686, PnL: -15.3669, 手续费: 0.5890
2025-12-20 17:34:36.412 | DEBUG    | engine.backtest:_check_stop_loss_take_profit:252 - 触发止损: 2463.14
2025-12-20 17:34:36.427 | DEBUG    | engine.backtest:_open_position:190 - 开仓: short 0.4081930616667842 @ 2437.85619, 手续费: 0.5971
2025-12-20 17:34:36.427 | DEBUG    | engine.backtest:_close_position:231 - 平仓: 2480.9280679999997, PnL: -17.5816, 手续费: 0.6076
2025-12-20 17:34:36.428 | DEBUG    | engine.backtest:_check_stop_loss_take_profit:256 - 触发止损: 2480.68
2025-12-20 17:34:36.436 | DEBUG    | engine.backtest:_open_position:190 - 开仓: long 0.3946354418410765 @ 2517.35171, 手续费: 0.5961
2025-12-20 17:34:36.450 | DEBUG    | engine.backtest:_close_position:231 - 平仓: 2469.932982, PnL: -18.7131, 手续费: 0.5848
2025-12-20 17:34:36.450 | DEBUG    | engine.backtest:_check_stop_loss_take_profit:252 - 触发止损: 2470.18
2025-12-20 17:34:36.465 | DEBUG    | engine.backtest:_open_position:190 - 开仓: short 0.40692368033523957 @ 2435.9563799999996, 手续费: 0.5947
2025-12-20 17:34:36.507 | DEBUG    | engine.backtest:_close_position:231 - 平仓: 2465.8265579999997, PnL: -12.1549, 手续费: 0.6020
2025-12-20 17:34:36.507 | DEBUG    | engine.backtest:_check_stop_loss_take_profit:256 - 触发止损: 2465.58
2025-12-20 17:34:36.509 | DEBUG    | engine.backtest:_open_position:190 - 开仓: long 0.4011232537835208 @ 2468.34681, 手续费: 0.5941
2025-12-20 17:34:36.510 | DEBUG    | engine.backtest:_close_position:231 - 平仓: 2555.684406, PnL: 35.0331, 手续费: 0.6151
2025-12-20 17:34:36.511 | DEBUG    | engine.backtest:_check_stop_loss_take_profit:263 - 触发止盈: 2555.94
2025-12-20 17:34:36.576 | DEBUG    | engine.backtest:_open_position:190 - 开仓: short 0.3919953837055933 @ 2533.94658, 手续费: 0.5960
2025-12-20 17:34:36.665 | DEBUG    | engine.backtest:_close_position:231 - 平仓: 2570.036978, PnL: -14.1473, 手续费: 0.6045
2025-12-20 17:34:36.665 | DEBUG    | engine.backtest:_check_stop_loss_take_profit:256 - 触发止损: 2569.78
2025-12-20 17:34:36.667 | DEBUG    | engine.backtest:_open_position:190 - 开仓: long 0.3877936936176682 @ 2557.95577, 手续费: 0.5952
2025-12-20 17:34:36.673 | DEBUG    | engine.backtest:_close_position:231 - 平仓: 2529.2870459999995, PnL: -11.1176, 手续费: 0.5885
2025-12-20 17:34:36.674 | DEBUG    | engine.backtest:_check_stop_loss_take_profit:252 - 触发止损: 2529.5399999999995
2025-12-20 17:34:36.711 | DEBUG    | engine.backtest:_open_position:190 - 开仓: short 0.3923441748536047 @ 2524.6475100000002, 手续费: 0.5943
2025-12-20 17:34:36.740 | DEBUG    | engine.backtest:_close_position:231 - 平仓: 2569.0768820000003, PnL: -17.4316, 手续费: 0.6048
2025-12-20 17:34:36.740 | DEBUG    | engine.backtest:_check_stop_loss_take_profit:256 - 触发止损: 2568.82
2025-12-20 17:34:36.743 | DEBUG    | engine.backtest:_open_position:190 - 开仓: long 0.382738537188432 @ 2583.65834, 手续费: 0.5933
2025-12-20 17:34:36.782 | DEBUG    | engine.backtest:_close_position:231 - 平仓: 2665.6934039999996, PnL: 31.3980, 手续费: 0.6122
2025-12-20 17:34:36.782 | DEBUG    | engine.backtest:_check_stop_loss_take_profit:263 - 触发止盈: 2665.9599999999996
2025-12-20 17:34:36.918 | DEBUG    | engine.backtest:_open_position:190 - 开仓: short 0.3386553258415236 @ 2928.30714, 手续费: 0.5950
2025-12-20 17:34:36.952 | DEBUG    | engine.backtest:_close_position:231 - 平仓: 2969.6969400000003, PnL: -14.0169, 手续费: 0.6034
2025-12-20 17:34:36.952 | DEBUG    | engine.backtest:_check_stop_loss_take_profit:256 - 触发止损: 2969.4
2025-12-20 17:34:36.954 | DEBUG    | engine.backtest:_open_position:190 - 开仓: long 0.3314248991630653 @ 2988.19879, 手续费: 0.5942
2025-12-20 17:34:36.967 | DEBUG    | engine.backtest:_close_position:231 - 平仓: 2958.044166, PnL: -9.9940, 手续费: 0.5882
2025-12-20 17:34:36.967 | DEBUG    | engine.backtest:_check_stop_loss_take_profit:252 - 触发止损: 2958.34
2025-12-20 17:34:37.019 | DEBUG    | engine.backtest:_open_position:190 - 开仓: short 0.33475931125935676 @ 2954.50452, 手续费: 0.5934
2025-12-20 17:34:37.032 | DEBUG    | engine.backtest:_close_position:231 - 平仓: 3008.2607960000005, PnL: -17.9954, 手续费: 0.6042
2025-12-20 17:34:37.032 | DEBUG    | engine.backtest:_check_stop_loss_take_profit:256 - 触发止损: 3007.9600000000005
2025-12-20 17:34:37.036 | DEBUG    | engine.backtest:_open_position:190 - 开仓: long 0.3232889629117338 @ 3054.00537, 手续费: 0.5924
2025-12-20 17:34:37.036 | DEBUG    | engine.backtest:_close_position:231 - 平仓: 2996.90028, PnL: -18.4614, 手续费: 0.5813
2025-12-20 17:34:37.036 | DEBUG    | engine.backtest:_check_stop_loss_take_profit:252 - 触发止损: 2997.2
2025-12-20 17:34:37.301 | DEBUG    | engine.backtest:_open_position:190 - 开仓: short 0.269499710071533 @ 3655.53441, 手续费: 0.5911
2025-12-20 17:34:37.332 | DEBUG    | engine.backtest:_close_position:231 - 平仓: 3758.115774, PnL: -27.6456, 手续费: 0.6077
2025-12-20 17:34:37.332 | DEBUG    | engine.backtest:_check_stop_loss_take_profit:256 - 触发止损: 3757.74
2025-12-20 17:34:37.397 | DEBUG    | engine.backtest:_open_position:190 - 开仓: long 0.26289326339925434 @ 3737.1736800000003, 手续费: 0.5895
2025-12-20 17:34:37.415 | DEBUG    | engine.backtest:_close_position:231 - 平仓: 3618.378126, PnL: -31.2306, 手续费: 0.5707
2025-12-20 17:34:37.415 | DEBUG    | engine.backtest:_check_stop_loss_take_profit:252 - 触发止损: 3618.7400000000002
2025-12-20 17:34:37.556 | DEBUG    | engine.backtest:_open_position:190 - 开仓: short 0.2585598954507361 @ 3786.52131, 手续费: 0.5874
2025-12-20 17:34:37.584 | DEBUG    | engine.backtest:_close_position:231 - 平仓: 3857.825744, PnL: -18.4365, 手续费: 0.5985
2025-12-20 17:34:37.584 | DEBUG    | engine.backtest:_check_stop_loss_take_profit:256 - 触发止损: 3857.44
2025-12-20 17:34:37.586 | DEBUG    | engine.backtest:_open_position:190 - 开仓: long 0.2520839516272487 @ 3876.78764, 手续费: 0.5864
2025-12-20 17:34:37.597 | DEBUG    | engine.backtest:_close_position:231 - 平仓: 3793.960566, PnL: -20.8794, 手续费: 0.5738
2025-12-20 17:34:37.597 | DEBUG    | engine.backtest:_check_stop_loss_take_profit:252 - 触发止损: 3794.34
2025-12-20 17:34:37.602 | DEBUG    | engine.backtest:_open_position:190 - 开仓: short 0.2599446162383343 @ 3750.3249299999998, 手续费: 0.5849
2025-12-20 17:34:37.653 | DEBUG    | engine.backtest:_close_position:231 - 平仓: 3834.143376, PnL: -21.7882, 手续费: 0.5980
2025-12-20 17:34:37.653 | DEBUG    | engine.backtest:_check_stop_loss_take_profit:256 - 触发止损: 3833.7599999999998
2025-12-20 17:34:37.658 | DEBUG    | engine.backtest:_open_position:190 - 开仓: long 0.2517475901972238 @ 3864.08637, 手续费: 0.5837
2025-12-20 17:34:37.677 | DEBUG    | engine.backtest:_close_position:231 - 平仓: 3770.9028719999997, PnL: -23.4587, 手续费: 0.5696
2025-12-20 17:34:37.677 | DEBUG    | engine.backtest:_check_stop_loss_take_profit:252 - 触发止损: 3771.2799999999997
2025-12-20 17:34:37.679 | DEBUG    | engine.backtest:_open_position:190 - 开仓: short 0.25737902343210883 @ 3769.22304, 手续费: 0.5821
2025-12-20 17:34:37.680 | DEBUG    | engine.backtest:_close_position:231 - 平仓: 3818.7418359999997, PnL: -12.7451, 手续费: 0.5897
2025-12-20 17:34:37.680 | DEBUG    | engine.backtest:_check_stop_loss_take_profit:256 - 触发止损: 3818.3599999999997
2025-12-20 17:34:37.816 | DEBUG    | engine.backtest:_open_position:190 - 开仓: long 0.27332400773421506 @ 3544.95446, 手续费: 0.5814
2025-12-20 17:34:37.843 | DEBUG    | engine.backtest:_close_position:231 - 平仓: 3702.3897239999997, PnL: 43.0308, 手续费: 0.6072
2025-12-20 17:34:37.843 | DEBUG    | engine.backtest:_check_stop_loss_take_profit:263 - 触发止盈: 3702.7599999999998
2025-12-20 17:34:37.868 | DEBUG    | engine.backtest:_open_position:190 - 开仓: short 0.26938220076321934 @ 3611.6388, 手续费: 0.5837
2025-12-20 17:34:37.871 | DEBUG    | engine.backtest:_close_position:231 - 平仓: 3672.5672200000004, PnL: -16.4130, 手续费: 0.5936
2025-12-20 17:34:37.871 | DEBUG    | engine.backtest:_check_stop_loss_take_profit:256 - 触发止损: 3672.2000000000003
2025-12-20 17:34:37.924 | DEBUG    | engine.backtest:_open_position:190 - 开仓: long 0.2638547872434058 @ 3681.3681, 手续费: 0.5828
2025-12-20 17:34:37.971 | DEBUG    | engine.backtest:_close_position:231 - 平仓: 3894.8104799999996, PnL: 56.3178, 手续费: 0.6166
2025-12-20 17:34:37.971 | DEBUG    | engine.backtest:_check_stop_loss_take_profit:263 - 触发止盈: 3895.2
2025-12-20 17:34:38.077 | DEBUG    | engine.backtest:_open_position:190 - 开仓: short 0.2342858915737446 @ 4168.68309, 手续费: 0.5860
2025-12-20 17:34:38.086 | DEBUG    | engine.backtest:_close_position:231 - 平仓: 4248.464804, PnL: -18.6917, 手续费: 0.5972
2025-12-20 17:34:38.086 | DEBUG    | engine.backtest:_check_stop_loss_take_profit:256 - 触发止损: 4248.04
2025-12-20 17:34:38.098 | DEBUG    | engine.backtest:_open_position:190 - 开仓: long 0.22633366221338128 @ 4307.230680000001, 手续费: 0.5849
2025-12-20 17:34:38.111 | DEBUG    | engine.backtest:_close_position:231 - 平仓: 4234.136544, PnL: -16.5437, 手续费: 0.5750
2025-12-20 17:34:38.111 | DEBUG    | engine.backtest:_check_stop_loss_take_profit:252 - 触发止损: 4234.56
2025-12-20 17:34:38.114 | DEBUG    | engine.backtest:_open_position:190 - 开仓: short 0.2323645837838332 @ 4186.98126, 手续费: 0.5837
2025-12-20 17:34:38.116 | DEBUG    | engine.backtest:_close_position:231 - 平仓: 4265.646521999999, PnL: -18.2790, 手续费: 0.5947
2025-12-20 17:34:38.116 | DEBUG    | engine.backtest:_check_stop_loss_take_profit:256 - 触发止损: 4265.219999999999
2025-12-20 17:34:38.121 | DEBUG    | engine.backtest:_open_position:190 - 开仓: long 0.22414886444992124 @ 4332.63322, 手续费: 0.5827
2025-12-20 17:34:38.128 | DEBUG    | engine.backtest:_close_position:231 - 平仓: 4228.357121999999, PnL: -23.3734, 手续费: 0.5687
2025-12-20 17:34:38.128 | DEBUG    | engine.backtest:_check_stop_loss_take_profit:252 - 触发止损: 4228.78
2025-12-20 17:34:38.240 | DEBUG    | engine.backtest:_open_position:190 - 开仓: short 0.21179569184145547 @ 4572.84267, 手续费: 0.5811
2025-12-20 17:34:38.346 | DEBUG    | engine.backtest:_close_position:231 - 平仓: 4483.64832, PnL: 18.8910, 手续费: 0.5698
2025-12-20 17:34:38.346 | DEBUG    | engine.backtest:_open_position:190 - 开仓: long 0.21644790503629 @ 4483.64832, 手续费: 0.5823
2025-12-20 17:34:38.380 | DEBUG    | engine.backtest:_close_position:231 - 平仓: 4425.597395999999, PnL: -12.5650, 手续费: 0.5747
2025-12-20 17:34:38.380 | DEBUG    | engine.backtest:_check_stop_loss_take_profit:252 - 触发止损: 4426.039999999999
2025-12-20 17:34:38.382 | DEBUG    | engine.backtest:_open_position:190 - 开仓: short 0.22027893714842744 @ 4398.5601, 手续费: 0.5813
2025-12-20 17:34:38.457 | DEBUG    | engine.backtest:_close_position:231 - 平仓: 4080.147973999999, PnL: 70.1395, 手续费: 0.5393
2025-12-20 17:34:38.457 | DEBUG    | engine.backtest:_check_stop_loss_take_profit:267 - 触发止盈: 4079.739999999999
2025-12-20 17:34:38.485 | DEBUG    | engine.backtest:_open_position:190 - 开仓: long 0.22943128929302273 @ 4254.025360000001, 手续费: 0.5856
2025-12-20 17:34:38.562 | DEBUG    | engine.backtest:_close_position:231 - 平仓: 4615.538400000002, PnL: 82.9424, 手续费: 0.6354
2025-12-20 17:34:38.562 | DEBUG    | engine.backtest:_check_stop_loss_take_profit:263 - 触发止盈: 4616.000000000002
2025-12-20 17:34:38.653 | DEBUG    | engine.backtest:_open_position:190 - 开仓: short 0.20550496493676862 @ 4788.12114, 手续费: 0.5904
2025-12-20 17:34:38.697 | DEBUG    | engine.backtest:_close_position:231 - 平仓: 4323.492306, PnL: 95.4835, 手续费: 0.5331
2025-12-20 17:34:38.698 | DEBUG    | engine.backtest:_check_stop_loss_take_profit:267 - 触发止盈: 4323.06
2025-12-20 17:34:38.731 | DEBUG    | engine.backtest:_open_position:190 - 开仓: long 0.2162781808590209 @ 4594.159369999999, 手续费: 0.5962
2025-12-20 17:34:38.779 | DEBUG    | engine.backtest:_close_position:231 - 平仓: 4491.85077, PnL: -22.1271, 手续费: 0.5829
2025-12-20 17:34:38.780 | DEBUG    | engine.backtest:_open_position:190 - 开仓: short 0.22064119967010223 @ 4491.85077, 手续费: 0.5947
2025-12-20 17:34:38.791 | DEBUG    | engine.backtest:_close_position:231 - 平仓: 4614.501404, PnL: -27.0618, 手续费: 0.6109
2025-12-20 17:34:38.791 | DEBUG    | engine.backtest:_check_stop_loss_take_profit:256 - 触发止损: 4614.04
2025-12-20 17:34:38.898 | DEBUG    | engine.backtest:_open_position:190 - 开仓: long 0.22125805435130888 @ 4467.4467, 手续费: 0.5931
2025-12-20 17:34:38.935 | DEBUG    | engine.backtest:_close_position:231 - 平仓: 4409.818974, PnL: -12.7506, 手续费: 0.5854
2025-12-20 17:34:38.935 | DEBUG    | engine.backtest:_check_stop_loss_take_profit:252 - 触发止损: 4410.26
2025-12-20 17:34:38.937 | DEBUG    | engine.backtest:_open_position:190 - 开仓: short 0.2247908757213803 @ 4390.160940000001, 手续费: 0.5921
2025-12-20 17:34:38.948 | DEBUG    | engine.backtest:_close_position:231 - 平仓: 4452.105166000001, PnL: -13.9245, 手续费: 0.6005
2025-12-20 17:34:38.948 | DEBUG    | engine.backtest:_check_stop_loss_take_profit:256 - 触发止损: 4451.660000000001
2025-12-20 17:34:38.988 | DEBUG    | engine.backtest:_open_position:190 - 开仓: long 0.2234440082572547 @ 4410.74103, 手续费: 0.5913
2025-12-20 17:34:38.997 | DEBUG    | engine.backtest:_close_position:231 - 平仓: 4327.927164000001, PnL: -18.5043, 手续费: 0.5802
2025-12-20 17:34:38.997 | DEBUG    | engine.backtest:_check_stop_loss_take_profit:252 - 触发止损: 4328.360000000001
2025-12-20 17:34:38.999 | DEBUG    | engine.backtest:_open_position:190 - 开仓: short 0.23001789817298984 @ 4275.27243, 手续费: 0.5900
2025-12-20 17:34:38.999 | DEBUG    | engine.backtest:_close_position:231 - 平仓: 4352.175174, PnL: -17.6890, 手续费: 0.6006
2025-12-20 17:34:38.999 | DEBUG    | engine.backtest:_check_stop_loss_take_profit:256 - 触发止损: 4351.74
2025-12-20 17:34:39.041 | DEBUG    | engine.backtest:_open_position:190 - 开仓: long 0.22222212225448765 @ 4417.64172, 手续费: 0.5890
2025-12-20 17:34:39.069 | DEBUG    | engine.backtest:_close_position:231 - 平仓: 4373.76258, PnL: -9.7509, 手续费: 0.5832
2025-12-20 17:34:39.069 | DEBUG    | engine.backtest:_open_position:190 - 开仓: short 0.22415693113938642 @ 4373.76258, 手续费: 0.5882
2025-12-20 17:34:39.112 | DEBUG    | engine.backtest:_close_position:231 - 平仓: 4415.4415, PnL: -9.3426, 手续费: 0.5939
2025-12-20 17:34:39.112 | DEBUG    | engine.backtest:_open_position:190 - 开仓: long 0.22184706152866138 @ 4415.4415, 手续费: 0.5877
2025-12-20 17:34:39.122 | DEBUG    | engine.backtest:_close_position:231 - 平仓: 4340.445912, PnL: -16.6376, 手续费: 0.5777
2025-12-20 17:34:39.122 | DEBUG    | engine.backtest:_check_stop_loss_take_profit:252 - 触发止损: 4340.88
2025-12-20 17:34:39.124 | DEBUG    | engine.backtest:_open_position:190 - 开仓: short 0.2288724567485762 @ 4271.27283, 手续费: 0.5865
2025-12-20 17:34:39.238 | DEBUG    | engine.backtest:_close_position:231 - 平仓: 4327.53271, PnL: -12.8763, 手续费: 0.5943
2025-12-20 17:34:39.238 | DEBUG    | engine.backtest:_open_position:190 - 开仓: long 0.22561733216536528 @ 4327.53271, 手续费: 0.5858
2025-12-20 17:34:39.253 | DEBUG    | engine.backtest:_close_position:231 - 平仓: 4282.051752, PnL: -10.2613, 手续费: 0.5797
2025-12-20 17:34:39.253 | DEBUG    | engine.backtest:_check_stop_loss_take_profit:252 - 触发止损: 4282.4800000000005
2025-12-20 17:34:39.333 | DEBUG    | engine.backtest:_open_position:190 - 开仓: short 0.22554611659418092 @ 4322.967659999999, 手续费: 0.5850
2025-12-20 17:34:39.346 | DEBUG    | engine.backtest:_close_position:231 - 平仓: 4411.861142, PnL: -20.0496, 手续费: 0.5970
2025-12-20 17:34:39.346 | DEBUG    | engine.backtest:_check_stop_loss_take_profit:256 - 触发止损: 4411.42
2025-12-20 17:34:39.377 | DEBUG    | engine.backtest:_open_position:190 - 开仓: long 0.2183922330964904 @ 4455.74553, 手续费: 0.5839
2025-12-20 17:34:39.412 | DEBUG    | engine.backtest:_close_position:231 - 平仓: 4629.1370400000005, PnL: 37.8674, 手续费: 0.6066
2025-12-20 17:34:39.412 | DEBUG    | engine.backtest:_check_stop_loss_take_profit:263 - 触发止盈: 4629.6
2025-12-20 17:34:39.449 | DEBUG    | engine.backtest:_open_position:190 - 开仓: short 0.21113093840207703 @ 4625.4374099999995, 手续费: 0.5859
2025-12-20 17:34:39.464 | DEBUG    | engine.backtest:_close_position:231 - 平仓: 4693.909344, PnL: -14.4565, 手续费: 0.5946
2025-12-20 17:34:39.464 | DEBUG    | engine.backtest:_check_stop_loss_take_profit:256 - 触发止损: 4693.44
2025-12-20 17:34:39.591 | DEBUG    | engine.backtest:_open_position:190 - 开仓: long 0.21452137222322684 @ 4545.95455, 手续费: 0.5851
2025-12-20 17:34:39.596 | DEBUG    | engine.backtest:_close_position:231 - 平仓: 4481.031852, PnL: -13.9273, 手续费: 0.5768
2025-12-20 17:34:39.596 | DEBUG    | engine.backtest:_check_stop_loss_take_profit:252 - 触发止损: 4481.4800000000005
2025-12-20 17:34:39.671 | DEBUG    | engine.backtest:_open_position:190 - 开仓: short 0.21511223551121042 @ 4525.5474, 手续费: 0.5841
2025-12-20 17:34:39.780 | DEBUG    | engine.backtest:_close_position:231 - 平仓: 4366.536609999999, PnL: 34.2052, 手续费: 0.5636
2025-12-20 17:34:39.780 | DEBUG    | engine.backtest:_check_stop_loss_take_profit:267 - 触发止盈: 4366.099999999999
2025-12-20 17:34:39.969 | DEBUG    | engine.backtest:_open_position:190 - 开仓: long 0.24164037964041854 @ 4043.2042800000004, 手续费: 0.5862
2025-12-20 17:34:40.124 | DEBUG    | engine.backtest:_close_position:231 - 平仓: 4116.98826, PnL: 17.8292, 手续费: 0.5969
2025-12-20 17:34:40.124 | DEBUG    | engine.backtest:_open_position:190 - 开仓: short 0.23766657011287315 @ 4116.98826, 手续费: 0.5871
2025-12-20 17:34:40.131 | DEBUG    | engine.backtest:_close_position:231 - 平仓: 4181.598117999999, PnL: -15.3556, 手续费: 0.5963
2025-12-20 17:34:40.131 | DEBUG    | engine.backtest:_check_stop_loss_take_profit:256 - 触发止损: 4181.179999999999
2025-12-20 17:34:40.152 | DEBUG    | engine.backtest:_open_position:190 - 开仓: long 0.227692445555165 @ 4290.92905, 手续费: 0.5862
2025-12-20 17:34:40.221 | DEBUG    | engine.backtest:_close_position:231 - 平仓: 4536.286326, PnL: 55.8660, 手续费: 0.6197
2025-12-20 17:34:40.221 | DEBUG    | engine.backtest:_check_stop_loss_take_profit:263 - 触发止盈: 4536.740000000001
2025-12-20 17:34:40.329 | DEBUG    | engine.backtest:_open_position:190 - 开仓: short 0.21886121375479448 @ 4488.15114, 手续费: 0.5894
2025-12-20 17:34:40.336 | DEBUG    | engine.backtest:_close_position:231 - 平仓: 4541.314086, PnL: -11.6353, 手续费: 0.5964
2025-12-20 17:34:40.337 | DEBUG    | engine.backtest:_check_stop_loss_take_profit:256 - 触发止损: 4540.860000000001
2025-12-20 17:34:40.353 | DEBUG    | engine.backtest:_open_position:190 - 开仓: long 0.2144008613172643 @ 4576.4576, 手续费: 0.5887
2025-12-20 17:34:40.402 | DEBUG    | engine.backtest:_close_position:231 - 平仓: 4596.14034, PnL: 4.2200, 手续费: 0.5912
2025-12-20 17:34:40.402 | DEBUG    | engine.backtest:_open_position:190 - 开仓: short 0.21350614459704534 @ 4596.14034, 手续费: 0.5888
2025-12-20 17:34:40.479 | DEBUG    | engine.backtest:_close_position:231 - 平仓: 4318.871843999999, PnL: 59.1985, 手续费: 0.5533
2025-12-20 17:34:40.479 | DEBUG    | engine.backtest:_check_stop_loss_take_profit:267 - 触发止盈: 4318.44
2025-12-20 17:34:40.601 | DEBUG    | engine.backtest:_open_position:190 - 开仓: long 0.2484104558068167 @ 3974.49741, 手续费: 0.5924
2025-12-20 17:34:40.650 | DEBUG    | engine.backtest:_close_position:231 - 平仓: 4278.832074, PnL: 75.5999, 手续费: 0.6377
2025-12-20 17:34:40.651 | DEBUG    | engine.backtest:_check_stop_loss_take_profit:263 - 触发止盈: 4279.26
2025-12-20 17:34:40.667 | DEBUG    | engine.backtest:_open_position:190 - 开仓: short 0.24267327954759635 @ 4098.290129999999, 手续费: 0.5967
2025-12-20 17:34:40.712 | DEBUG    | engine.backtest:_close_position:231 - 平仓: 4182.618219999999, PnL: -20.4642, 手续费: 0.6090
2025-12-20 17:34:40.712 | DEBUG    | engine.backtest:_check_stop_loss_take_profit:256 - 触发止损: 4182.2
2025-12-20 17:34:40.714 | DEBUG    | engine.backtest:_open_position:190 - 开仓: long 0.23733839829607312 @ 4182.11817, 手续费: 0.5955
2025-12-20 17:34:40.717 | DEBUG    | engine.backtest:_close_position:231 - 平仓: 4089.1910399999997, PnL: -22.0552, 手续费: 0.5823
2025-12-20 17:34:40.717 | DEBUG    | engine.backtest:_check_stop_loss_take_profit:252 - 触发止损: 4089.6
2025-12-20 17:34:40.724 | DEBUG    | engine.backtest:_open_position:190 - 开仓: short 0.2470569081737265 @ 4007.3992200000002, 手续费: 0.5940
2025-12-20 17:34:40.816 | DEBUG    | engine.backtest:_close_position:231 - 平仓: 3876.78764, PnL: 32.2685, 手续费: 0.5747
2025-12-20 17:34:40.816 | DEBUG    | engine.backtest:_open_position:190 - 开仓: long 0.2562337878757517 @ 3876.78764, 手续费: 0.5960
2025-12-20 17:34:40.946 | DEBUG    | engine.backtest:_close_position:231 - 平仓: 3946.20534, PnL: 17.7872, 手续费: 0.6067
2025-12-20 17:34:40.946 | DEBUG    | engine.backtest:_open_position:190 - 开仓: short 0.25209626018238446 @ 3946.20534, 手续费: 0.5969
2025-12-20 17:34:40.967 | DEBUG    | engine.backtest:_close_position:231 - 平仓: 4014.7814379999995, PnL: -17.2878, 手续费: 0.6073
2025-12-20 17:34:40.967 | DEBUG    | engine.backtest:_check_stop_loss_take_profit:256 - 触发止损: 4014.3799999999997
2025-12-20 17:34:40.968 | DEBUG    | engine.backtest:_open_position:190 - 开仓: long 0.24686750355526954 @ 4023.10227, 手续费: 0.5959
2025-12-20 17:34:40.979 | DEBUG    | engine.backtest:_close_position:231 - 平仓: 3929.6069999999995, PnL: -23.0809, 手续费: 0.5821
2025-12-20 17:34:40.979 | DEBUG    | engine.backtest:_check_stop_loss_take_profit:252 - 触发止损: 3929.9999999999995
2025-12-20 17:34:40.984 | DEBUG    | engine.backtest:_open_position:190 - 开仓: short 0.25596155756216077 @ 3869.9129700000003, 手续费: 0.5943
2025-12-20 17:34:41.053 | DEBUG    | engine.backtest:_close_position:231 - 平仓: 3919.79194, PnL: -12.7671, 手续费: 0.6020
2025-12-20 17:34:41.053 | DEBUG    | engine.backtest:_open_position:190 - 开仓: long 0.252398753494833 @ 3919.79194, 手续费: 0.5936
2025-12-20 17:34:41.057 | DEBUG    | engine.backtest:_close_position:231 - 平仓: 3851.774784, PnL: -17.1674, 手续费: 0.5833
2025-12-20 17:34:41.057 | DEBUG    | engine.backtest:_check_stop_loss_take_profit:252 - 触发止损: 3852.1600000000003
2025-12-20 17:34:41.221 | DEBUG    | engine.backtest:_open_position:190 - 开仓: short 0.23986232276231642 @ 4116.188340000001, 手续费: 0.5924
2025-12-20 17:34:41.295 | DEBUG    | engine.backtest:_close_position:231 - 平仓: 3865.4665080000004, PnL: 60.1387, 手续费: 0.5563
2025-12-20 17:34:41.296 | DEBUG    | engine.backtest:_check_stop_loss_take_profit:267 - 触发止盈: 3865.0800000000004
2025-12-20 17:34:41.352 | DEBUG    | engine.backtest:_open_position:190 - 开仓: long 0.2572092079251525 @ 3862.2861900000003, 手续费: 0.5960
2025-12-20 17:34:41.452 | DEBUG    | engine.backtest:_close_position:231 - 平仓: 3850.51491, PnL: -3.0277, 手续费: 0.5942
2025-12-20 17:34:41.452 | DEBUG    | engine.backtest:_open_position:190 - 开仓: short 0.2578343877322005 @ 3850.51491, 手续费: 0.5957
2025-12-20 17:34:41.466 | DEBUG    | engine.backtest:_close_position:231 - 平仓: 3900.870048, PnL: -12.9833, 手续费: 0.6035
2025-12-20 17:34:41.467 | DEBUG    | engine.backtest:_check_stop_loss_take_profit:256 - 触发止损: 3900.48
2025-12-20 17:34:41.586 | DEBUG    | engine.backtest:_open_position:190 - 开仓: long 0.28847979303579024 @ 3437.2436900000002, 手续费: 0.5949
2025-12-20 17:34:41.622 | DEBUG    | engine.backtest:_close_position:231 - 平仓: 3348.16515, PnL: -25.6974, 手续费: 0.5795
2025-12-20 17:34:41.622 | DEBUG    | engine.backtest:_open_position:190 - 开仓: short 0.2952931215786546 @ 3348.16515, 手续费: 0.5932
2025-12-20 17:34:41.670 | DEBUG    | engine.backtest:_close_position:231 - 平仓: 3384.4384099999997, PnL: -10.7112, 手续费: 0.5996
2025-12-20 17:34:41.670 | DEBUG    | engine.backtest:_open_position:190 - 开仓: long 0.29183493623040296 @ 3384.4384099999997, 手续费: 0.5926
2025-12-20 17:34:41.707 | DEBUG    | engine.backtest:_close_position:231 - 平仓: 3376.06236, PnL: -2.4444, 手续费: 0.5912
2025-12-20 17:34:41.707 | DEBUG    | engine.backtest:_open_position:190 - 开仓: short 0.2923930186816963 @ 3376.06236, 手续费: 0.5923
2025-12-20 17:34:41.741 | DEBUG    | engine.backtest:_close_position:231 - 平仓: 3436.763642, PnL: -17.7486, 手续费: 0.6029
2025-12-20 17:34:41.741 | DEBUG    | engine.backtest:_check_stop_loss_take_profit:256 - 触发止损: 3436.42
2025-12-20 17:34:41.744 | DEBUG    | engine.backtest:_open_position:190 - 开仓: long 0.2849454609031429 @ 3458.3458, 手续费: 0.5913
2025-12-20 17:34:41.759 | DEBUG    | engine.backtest:_close_position:231 - 平仓: 3614.4785159999997, PnL: 44.4893, 手续费: 0.6180
2025-12-20 17:34:41.759 | DEBUG    | engine.backtest:_check_stop_loss_take_profit:263 - 触发止盈: 3614.8399999999997
2025-12-20 17:34:41.787 | DEBUG    | engine.backtest:_open_position:190 - 开仓: short 0.2811321229793652 @ 3519.94797, 手续费: 0.5937
2025-12-20 17:34:41.801 | DEBUG    | engine.backtest:_close_position:231 - 平仓: 3590.1789820000004, PnL: -19.7442, 手续费: 0.6056
2025-12-20 17:34:41.801 | DEBUG    | engine.backtest:_check_stop_loss_take_profit:256 - 触发止损: 3589.82
2025-12-20 17:34:41.861 | DEBUG    | engine.backtest:_open_position:190 - 开仓: long 0.2795999717077445 @ 3532.45321, 手续费: 0.5926
2025-12-20 17:34:41.868 | DEBUG    | engine.backtest:_close_position:231 - 平仓: 3467.673198, PnL: -18.1125, 手续费: 0.5817
2025-12-20 17:34:41.868 | DEBUG    | engine.backtest:_check_stop_loss_take_profit:252 - 触发止损: 3468.02
2025-12-20 17:34:41.870 | DEBUG    | engine.backtest:_open_position:190 - 开仓: short 0.28772115976528706 @ 3425.35743, 手续费: 0.5913
2025-12-20 17:34:41.891 | DEBUG    | engine.backtest:_close_position:231 - 平仓: 3525.792544, PnL: -28.8973, 手续费: 0.6087
2025-12-20 17:34:41.891 | DEBUG    | engine.backtest:_check_stop_loss_take_profit:256 - 触发止损: 3525.44
2025-12-20 17:34:42.019 | DEBUG    | engine.backtest:_open_position:190 - 开仓: long 0.30245210584625154 @ 3249.22489, 手续费: 0.5896
2025-12-20 17:34:42.021 | DEBUG    | engine.backtest:_close_position:231 - 平仓: 3192.9206759999997, PnL: -17.0293, 手续费: 0.5794
2025-12-20 17:34:42.021 | DEBUG    | engine.backtest:_check_stop_loss_take_profit:252 - 触发止损: 3193.24
2025-12-20 17:34:42.026 | DEBUG    | engine.backtest:_open_position:190 - 开仓: short 0.31090652278983694 @ 3154.38453, 手续费: 0.5884
2025-12-20 17:34:42.055 | DEBUG    | engine.backtest:_close_position:231 - 平仓: 3200.32, PnL: -14.2816, 手续费: 0.5970
2025-12-20 17:34:42.055 | DEBUG    | engine.backtest:_open_position:190 - 开仓: long 0.30602190642960314 @ 3200.32, 手续费: 0.5876
2025-12-20 17:34:42.063 | DEBUG    | engine.backtest:_close_position:231 - 平仓: 3112.48872, PnL: -26.8783, 手续费: 0.5715
2025-12-20 17:34:42.063 | DEBUG    | engine.backtest:_check_stop_loss_take_profit:252 - 触发止损: 3112.7999999999997
2025-12-20 17:34:42.065 | DEBUG    | engine.backtest:_open_position:190 - 开仓: short 0.31264932105987125 @ 3122.88768, 手续费: 0.5858
2025-12-20 17:34:42.065 | DEBUG    | engine.backtest:_close_position:231 - 平仓: 3184.2783959999997, PnL: -19.1938, 手续费: 0.5973
2025-12-20 17:34:42.065 | DEBUG    | engine.backtest:_check_stop_loss_take_profit:256 - 触发止损: 3183.9599999999996
2025-12-20 17:34:42.108 | DEBUG    | engine.backtest:_open_position:190 - 开仓: long 0.3089991016632388 @ 3153.81535, 手续费: 0.5847
2025-12-20 17:34:42.127 | DEBUG    | engine.backtest:_close_position:231 - 平仓: 3061.4538239999997, PnL: -28.5396, 手续费: 0.5676
2025-12-20 17:34:42.127 | DEBUG    | engine.backtest:_check_stop_loss_take_profit:252 - 触发止损: 3061.7599999999998
2025-12-20 17:34:42.131 | DEBUG    | engine.backtest:_open_position:190 - 开仓: short 0.32183517425321095 @ 3018.19815, 手续费: 0.5828
2025-12-20 17:34:42.134 | DEBUG    | engine.backtest:_close_position:231 - 平仓: 3090.0489740000003, PnL: -23.1241, 手续费: 0.5967
2025-12-20 17:34:42.134 | DEBUG    | engine.backtest:_check_stop_loss_take_profit:256 - 触发止损: 3089.7400000000002
2025-12-20 17:34:42.174 | DEBUG    | engine.backtest:_open_position:190 - 开仓: long 0.3178812197580493 @ 3048.70484, 手续费: 0.5815
2025-12-20 17:34:42.217 | DEBUG    | engine.backtest:_close_position:231 - 平仓: 2949.964974, PnL: -31.3875, 手续费: 0.5626
2025-12-20 17:34:42.217 | DEBUG    | engine.backtest:_check_stop_loss_take_profit:252 - 触发止损: 2950.2599999999998
2025-12-20 17:34:42.219 | DEBUG    | engine.backtest:_open_position:190 - 开仓: short 0.3375068822427087 @ 2861.21385, 手续费: 0.5794
2025-12-20 17:34:42.319 | DEBUG    | engine.backtest:_close_position:231 - 平仓: 2808.38081, PnL: 17.8315, 手续费: 0.5687
2025-12-20 17:34:42.319 | DEBUG    | engine.backtest:_open_position:190 - 开仓: long 0.34451917074372523 @ 2808.38081, 手续费: 0.5805
2025-12-20 17:34:42.389 | DEBUG    | engine.backtest:_close_position:231 - 平仓: 2955.1644539999998, PnL: 50.5698, 手续费: 0.6109
2025-12-20 17:34:42.389 | DEBUG    | engine.backtest:_check_stop_loss_take_profit:263 - 触发止盈: 2955.4599999999996
2025-12-20 17:34:42.620 | DEBUG    | engine.backtest:_open_position:190 - 开仓: short 0.32554893775697985 @ 2986.60131, 手续费: 0.5834
2025-12-20 17:34:42.659 | DEBUG    | engine.backtest:_close_position:231 - 平仓: 3022.322202, PnL: -11.6289, 手续费: 0.5903
2025-12-20 17:34:42.659 | DEBUG    | engine.backtest:_check_stop_loss_take_profit:256 - 触发止损: 3022.02
2025-12-20 17:34:42.663 | DEBUG    | engine.backtest:_open_position:190 - 开仓: long 0.3186657020482071 @ 3047.70474, 手续费: 0.5827
2025-12-20 17:34:42.678 | DEBUG    | engine.backtest:_close_position:231 - 平仓: 3014.758494, PnL: -10.4988, 手续费: 0.5764
2025-12-20 17:34:42.678 | DEBUG    | engine.backtest:_check_stop_loss_take_profit:252 - 触发止损: 3015.06
2025-12-20 17:34:42.686 | DEBUG    | engine.backtest:_open_position:190 - 开仓: short 0.34209292230607197 @ 2835.01647, 手续费: 0.5819
2025-12-20 17:34:42.759 | DEBUG    | engine.backtest:_close_position:231 - 平仓: 2843.58433, PnL: -2.9310, 手续费: 0.5837
2025-12-20 17:34:42.759 | DEBUG    | engine.backtest:_open_position:190 - 开仓: long 0.3409863206975479 @ 2843.58433, 手续费: 0.5818
2025-12-20 17:34:42.761 | DEBUG    | engine.backtest:_close_position:231 - 平仓: 2953.3446360000003, PnL: 37.4268, 手续费: 0.6042
2025-12-20 17:34:42.761 | DEBUG    | engine.backtest:_check_stop_loss_take_profit:263 - 触发止盈: 2953.6400000000003
2025-12-20 17:34:42.963 | DEBUG    | engine.backtest:_open_position:190 - 开仓: short 0.314162732928954 @ 3097.29024, 手续费: 0.5838
2025-12-20 17:34:42.965 | DEBUG    | engine.backtest:_close_position:231 - 平仓: 3155.955564, PnL: -18.4305, 手续费: 0.5949
2025-12-20 17:34:42.965 | DEBUG    | engine.backtest:_check_stop_loss_take_profit:256 - 触发止损: 3155.64
2025-12-20 17:34:43.064 | DEBUG    | engine.backtest:_open_position:190 - 开仓: long 0.3119586160418991 @ 3113.5113199999996, 手续费: 0.5828
2025-12-20 17:34:43.072 | DEBUG    | engine.backtest:_close_position:231 - 平仓: 3020.6379059999995, PnL: -28.9727, 手续费: 0.5654
2025-12-20 17:34:43.072 | DEBUG    | engine.backtest:_check_stop_loss_take_profit:252 - 触发止损: 3020.9399999999996
2025-12-20 17:34:43.207 | DEBUG    | engine.backtest:_open_position:190 - 开仓: short 0.29524807308172707 @ 3278.8720799999996, 手续费: 0.5808
2025-12-20 17:34:43.243 | DEBUG    | engine.backtest:_close_position:231 - 平仓: 3251.82515, PnL: 7.9856, 手续费: 0.5761
2025-12-20 17:34:43.244 | DEBUG    | engine.backtest:_open_position:190 - 开仓: long 0.2979733495616622 @ 3251.82515, 手续费: 0.5814
2025-12-20 17:34:43.274 | DEBUG    | engine.backtest:_close_position:231 - 平仓: 3169.762992, PnL: -24.4523, 手续费: 0.5667
2025-12-20 17:34:43.274 | DEBUG    | engine.backtest:_check_stop_loss_take_profit:252 - 触发止损: 3170.08
2025-12-20 17:34:43.276 | DEBUG    | engine.backtest:_open_position:190 - 开仓: short 0.31410099621730014 @ 3076.09236, 手续费: 0.5797
2025-12-20 17:34:43.310 | DEBUG    | engine.backtest:_close_position:231 - 平仓: 3129.6129300000002, PnL: -16.8109, 手续费: 0.5898
2025-12-20 17:34:43.310 | DEBUG    | engine.backtest:_open_position:190 - 开仓: long 0.3082166188075804 @ 3129.6129300000002, 手续费: 0.5788
2025-12-20 17:34:43.314 | DEBUG    | engine.backtest:_close_position:231 - 平仓: 3103.98957, PnL: -7.8975, 手续费: 0.5740
2025-12-20 17:34:43.314 | DEBUG    | engine.backtest:_check_stop_loss_take_profit:252 - 触发止损: 3104.3
2025-12-20 17:34:43.355 | DEBUG    | engine.backtest:_open_position:190 - 开仓: short 0.31227832670164307 @ 3085.3914299999997, 手续费: 0.5781
2025-12-20 17:34:43.379 | DEBUG    | engine.backtest:_close_position:231 - 平仓: 3117.871756, PnL: -10.1429, 手续费: 0.5842
2025-12-20 17:34:43.379 | DEBUG    | engine.backtest:_check_stop_loss_take_profit:256 - 触发止损: 3117.56
2025-12-20 17:34:43.390 | DEBUG    | engine.backtest:_open_position:190 - 开仓: long 0.3067134205987861 @ 3138.3138, 手续费: 0.5775
2025-12-20 17:34:43.402 | DEBUG    | engine.backtest:_close_position:231 - 平仓: 3075.232446, PnL: -19.3479, 手续费: 0.5659
2025-12-20 17:34:43.402 | DEBUG    | engine.backtest:_check_stop_loss_take_profit:252 - 触发止损: 3075.54
2025-12-20 17:34:43.404 | DEBUG    | engine.backtest:_open_position:190 - 开仓: short 0.31491165891909856 @ 3049.4950200000003, 手续费: 0.5762
2025-12-20 17:34:43.490 | DEBUG    | engine.backtest:_close_position:231 - 平仓: 2994.59943, PnL: 17.2873, 手续费: 0.5658
2025-12-20 17:34:43.490 | DEBUG    | engine.backtest:_open_position:190 - 开仓: long 0.3212878142318059 @ 2994.59943, 手续费: 0.5773
2025-12-20 17:34:43.490 | DEBUG    | engine.backtest:_close_position:231 - 平仓: 2934.3465360000005, PnL: -19.3585, 手续费: 0.5657
2025-12-20 17:34:43.490 | DEBUG    | engine.backtest:_check_stop_loss_take_profit:252 - 触发止损: 2934.6400000000003
2025-12-20 17:34:43.494 | DEBUG    | engine.backtest:_open_position:190 - 开仓: short 0.3352828849564996 @ 2862.9136799999997, 手续费: 0.5759
2025-12-20 17:34:43.529 | DEBUG    | engine.backtest:_close_position:231 - 平仓: 2961.3361039999995, PnL: -32.9994, 手续费: 0.5957
2025-12-20 17:34:43.530 | DEBUG    | engine.backtest:_check_stop_loss_take_profit:256 - 触发止损: 2961.0399999999995
2025-12-20 17:34:43.531 | DEBUG    | engine.backtest:_open_position:190 - 开仓: long 0.32289109012824274 @ 2962.79625, 手续费: 0.5740
2025-12-20 17:34:43.537 | DEBUG    | engine.backtest:_close_position:231 - 平仓: 2914.20855, PnL: -15.6885, 手续费: 0.5646
2025-12-20 17:34:43.537 | DEBUG    | engine.backtest:_check_stop_loss_take_profit:252 - 触发止损: 2914.5
2025-12-20 17:34:43.539 | DEBUG    | engine.backtest:_open_position:190 - 开仓: short 0.3356823957722503 @ 2844.31554, 手续费: 0.5729
2025-12-20 17:34:43.560 | DEBUG    | engine.backtest:_close_position:231 - 平仓: 2947.6147319999995, PnL: -34.6757, 手续费: 0.5937
2025-12-20 17:34:43.560 | DEBUG    | engine.backtest:_check_stop_loss_take_profit:256 - 触发止损: 2947.3199999999997
2025-12-20 17:34:43.571 | DEBUG    | engine.backtest:_open_position:190 - 开仓: long 0.3209723719707006 @ 2964.0963800000004, 手续费: 0.5708
2025-12-20 17:34:43.609 | DEBUG    | engine.backtest:_close_position:231 - 平仓: 2984.4015299999996, PnL: 6.5174, 手续费: 0.5747
2025-12-20 17:34:43.609 | INFO     | strategies.base:on_stop:120 - 策略 SuperTrend_Strategy 停止
2025-12-20 17:34:43.614 | INFO     | engine.backtest:run:512 - 回测完成: 总收益率 -4.82%
