2025-12-20 16:17:19.169 | INFO     | __main__:run_backtest:35 - ==================================================
2025-12-20 16:17:19.169 | INFO     | __main__:run_backtest:36 - 开始回测
2025-12-20 16:17:19.169 | INFO     | __main__:run_backtest:37 - ==================================================
2025-12-20 16:17:19.170 | INFO     | __main__:run_backtest:46 - 获取 ETH 30 天历史数据...
2025-12-20 16:17:20.337 | INFO     | __main__:run_backtest:59 - 获取到 721 条数据
2025-12-20 16:17:20.338 | INFO     | strategies.base:__init__:61 - 策略初始化: SMA_CrossOver
2025-12-20 16:17:20.338 | INFO     | strategies.base:__init__:61 - 策略初始化: RSI_Strategy
2025-12-20 16:17:20.338 | INFO     | strategies.base:__init__:61 - 策略初始化: MACD_Strategy
2025-12-20 16:17:20.338 | INFO     | strategies.base:__init__:61 - 策略初始化: BollingerBands_Strategy
2025-12-20 16:17:20.350 | INFO     | engine.backtest:run:382 - 开始回测: SMA_CrossOver, 数据量: 721
2025-12-20 16:17:20.351 | INFO     | strategies.base:on_init:106 - 策略 SMA_CrossOver 初始化
2025-12-20 16:17:20.351 | INFO     | strategies.base:on_start:113 - 策略 SMA_CrossOver 启动
2025-12-20 16:17:20.384 | DEBUG    | engine.backtest:_open_position:190 - 开仓: long 0.3629632318246162 @ 2755.37551, 手续费: 0.6001
2025-12-20 16:17:20.388 | DEBUG    | engine.backtest:_close_position:231 - 平仓: 2733.7266, PnL: -7.8578, 手续费: 0.5953
2025-12-20 16:17:20.388 | DEBUG    | engine.backtest:_open_position:190 - 开仓: short 0.3654333151542035 @ 2733.7266, 手续费: 0.5994
2025-12-20 16:17:20.401 | DEBUG    | engine.backtest:_close_position:231 - 平仓: 2788.9588679999997, PnL: -20.1837, 手续费: 0.6115
2025-12-20 16:17:20.401 | DEBUG    | engine.backtest:_check_stop_loss_take_profit:256 - 触发止损: 2788.68
2025-12-20 16:17:20.402 | DEBUG    | engine.backtest:_open_position:190 - 开仓: long 0.36004161146846236 @ 2769.2769, 手续费: 0.5982
2025-12-20 16:17:20.448 | DEBUG    | engine.backtest:_close_position:231 - 平仓: 2879.472024, PnL: 39.6748, 手续费: 0.6220
2025-12-20 16:17:20.448 | DEBUG    | engine.backtest:_check_stop_loss_take_profit:263 - 触发止盈: 2879.76
2025-12-20 16:17:20.468 | DEBUG    | engine.backtest:_open_position:190 - 开仓: short 0.35171346971651457 @ 2845.21545, 手续费: 0.6004
2025-12-20 16:17:20.471 | DEBUG    | engine.backtest:_close_position:231 - 平仓: 2902.700241, PnL: -20.2182, 手续费: 0.6126
2025-12-20 16:17:20.472 | DEBUG    | engine.backtest:_check_stop_loss_take_profit:256 - 触发止损: 2902.41
2025-12-20 16:17:20.472 | DEBUG    | engine.backtest:_open_position:190 - 开仓: long 0.3398297081655866 @ 2938.99387, 手续费: 0.5993
2025-12-20 16:17:20.503 | DEBUG    | engine.backtest:_close_position:231 - 平仓: 2879.6380074, PnL: -20.1709, 手续费: 0.5872
2025-12-20 16:17:20.503 | DEBUG    | engine.backtest:_check_stop_loss_take_profit:252 - 触发止损: 2879.926
2025-12-20 16:17:20.519 | DEBUG    | engine.backtest:_open_position:190 - 开仓: short 0.34422170438732735 @ 2894.7105, 手续费: 0.5979
2025-12-20 16:17:20.526 | DEBUG    | engine.backtest:_close_position:231 - 平仓: 2953.19529, PnL: -20.1317, 手续费: 0.6099
2025-12-20 16:17:20.526 | DEBUG    | engine.backtest:_check_stop_loss_take_profit:256 - 触发止损: 2952.9
2025-12-20 16:17:20.538 | DEBUG    | engine.backtest:_open_position:190 - 开仓: long 0.33605538432780374 @ 2959.2959, 手续费: 0.5967
2025-12-20 16:17:20.570 | DEBUG    | engine.backtest:_close_position:231 - 平仓: 2899.5300180000004, PnL: -20.0846, 手续费: 0.5846
2025-12-20 16:17:20.570 | DEBUG    | engine.backtest:_check_stop_loss_take_profit:252 - 触发止损: 2899.82
2025-12-20 16:17:20.576 | DEBUG    | engine.backtest:_open_position:190 - 开仓: short 0.3411356565413127 @ 2908.40913, 手续费: 0.5953
2025-12-20 16:17:20.584 | DEBUG    | engine.backtest:_close_position:231 - 平仓: 2967.1706873999997, PnL: -20.0457, 手续费: 0.6073
2025-12-20 16:17:20.584 | DEBUG    | engine.backtest:_check_stop_loss_take_profit:256 - 触发止损: 2966.874
2025-12-20 16:17:20.587 | DEBUG    | engine.backtest:_open_position:190 - 开仓: long 0.3264652496780963 @ 3033.20329, 手续费: 0.5941
2025-12-20 16:17:20.660 | DEBUG    | engine.backtest:_close_position:231 - 平仓: 3037.19625, PnL: 1.3036, 手续费: 0.5949
2025-12-20 16:17:20.660 | DEBUG    | engine.backtest:_open_position:190 - 开仓: short 0.32597461911010545 @ 3037.19625, 手续费: 0.5940
2025-12-20 16:17:20.704 | DEBUG    | engine.backtest:_close_position:231 - 平仓: 3059.3059, PnL: -7.2072, 手续费: 0.5984
2025-12-20 16:17:20.704 | DEBUG    | engine.backtest:_open_position:190 - 开仓: long 0.32340894042995416 @ 3059.3059, 手续费: 0.5936
2025-12-20 16:17:20.770 | DEBUG    | engine.backtest:_close_position:231 - 平仓: 2997.520218, PnL: -19.9820, 手续费: 0.5817
2025-12-20 16:17:20.770 | DEBUG    | engine.backtest:_check_stop_loss_take_profit:252 - 触发止损: 2997.82
2025-12-20 16:17:20.771 | DEBUG    | engine.backtest:_open_position:190 - 开仓: short 0.32839633234997573 @ 3005.79939, 手续费: 0.5923
2025-12-20 16:17:20.871 | DEBUG    | engine.backtest:_close_position:231 - 平仓: 3009.00087, PnL: -1.0514, 手续费: 0.5929
2025-12-20 16:17:20.871 | DEBUG    | engine.backtest:_open_position:190 - 开仓: long 0.32803821083775075 @ 3009.00087, 手续费: 0.5922
2025-12-20 16:17:20.931 | DEBUG    | engine.backtest:_close_position:231 - 平仓: 2948.2311474, PnL: -19.9348, 手续费: 0.5803
2025-12-20 16:17:20.931 | DEBUG    | engine.backtest:_check_stop_loss_take_profit:252 - 触发止损: 2948.526
2025-12-20 16:17:20.936 | DEBUG    | engine.backtest:_open_position:190 - 开仓: short 0.3455156588044161 @ 2850.11496, 手续费: 0.5909
2025-12-20 16:17:20.995 | DEBUG    | engine.backtest:_close_position:231 - 平仓: 2736.6576384, PnL: 39.2013, 手续费: 0.5673
2025-12-20 16:17:20.995 | DEBUG    | engine.backtest:_check_stop_loss_take_profit:267 - 触发止盈: 2736.384
2025-12-20 16:17:21.071 | DEBUG    | engine.backtest:_open_position:190 - 开仓: long 0.353510259567738 @ 2796.9796699999997, 手续费: 0.5933
2025-12-20 16:17:21.098 | DEBUG    | engine.backtest:_close_position:231 - 平仓: 2908.2771432, PnL: 39.3448, 手续费: 0.6169
2025-12-20 16:17:21.099 | DEBUG    | engine.backtest:_check_stop_loss_take_profit:263 - 触发止盈: 2908.5679999999998
2025-12-20 16:17:21.376 | DEBUG    | engine.backtest:_open_position:190 - 开仓: short 0.3160247128763233 @ 3140.18595, 手续费: 0.5954
2025-12-20 16:17:21.488 | DEBUG    | engine.backtest:_close_position:231 - 平仓: 3015.181488, PnL: 39.5045, 手续费: 0.5717
2025-12-20 16:17:21.488 | DEBUG    | engine.backtest:_check_stop_loss_take_profit:267 - 触发止盈: 3014.88
2025-12-20 16:17:21.644 | DEBUG    | engine.backtest:_open_position:190 - 开仓: long 0.32764711451448286 @ 3041.10408, 手续费: 0.5978
2025-12-20 16:17:21.760 | DEBUG    | engine.backtest:_close_position:231 - 平仓: 3029.89698, PnL: -3.6720, 手续费: 0.5956
2025-12-20 16:17:21.760 | DEBUG    | engine.backtest:_open_position:190 - 开仓: short 0.3286326973992347 @ 3029.89698, 手续费: 0.5974
2025-12-20 16:17:21.785 | DEBUG    | engine.backtest:_close_position:231 - 平仓: 3091.1130803999995, PnL: -20.1176, 手续费: 0.6095
2025-12-20 16:17:21.785 | DEBUG    | engine.backtest:_check_stop_loss_take_profit:256 - 触发止损: 3090.8039999999996
2025-12-20 16:17:21.792 | DEBUG    | engine.backtest:_open_position:190 - 开仓: long 0.31759471509731274 @ 3129.11288, 手续费: 0.5963
2025-12-20 16:17:21.817 | DEBUG    | engine.backtest:_close_position:231 - 平仓: 3065.9173776000002, PnL: -20.0706, 手续费: 0.5842
2025-12-20 16:17:21.817 | DEBUG    | engine.backtest:_check_stop_loss_take_profit:252 - 触发止损: 3066.224
2025-12-20 16:17:22.023 | DEBUG    | engine.backtest:_open_position:190 - 开仓: short 0.31897485630389094 @ 3108.28914, 手续费: 0.5949
2025-12-20 16:17:22.092 | DEBUG    | engine.backtest:_close_position:231 - 平仓: 3171.0890772, PnL: -20.0316, 手续费: 0.6069
2025-12-20 16:17:22.092 | DEBUG    | engine.backtest:_check_stop_loss_take_profit:256 - 触发止损: 3170.772
2025-12-20 16:17:22.093 | DEBUG    | engine.backtest:_open_position:190 - 开仓: long 0.30489396659249923 @ 3245.52452, 手续费: 0.5937
2025-12-20 16:17:22.100 | DEBUG    | engine.backtest:_close_position:231 - 平仓: 3374.6704992, PnL: 39.3758, 手续费: 0.6174
2025-12-20 16:17:22.100 | DEBUG    | engine.backtest:_check_stop_loss_take_profit:263 - 触发止盈: 3375.008
2025-12-20 16:17:22.355 | DEBUG    | engine.backtest:_open_position:190 - 开仓: short 0.311112690572453 @ 3192.2807399999997, 手续费: 0.5959
2025-12-20 16:17:22.492 | DEBUG    | engine.backtest:_close_position:231 - 平仓: 3256.7776452, PnL: -20.0658, 手续费: 0.6079
2025-12-20 16:17:22.492 | DEBUG    | engine.backtest:_check_stop_loss_take_profit:256 - 触发止损: 3256.4519999999998
2025-12-20 16:17:22.539 | DEBUG    | engine.backtest:_open_position:190 - 开仓: long 0.3051982793891374 @ 3247.82475, 手续费: 0.5947
2025-12-20 16:17:22.637 | DEBUG    | engine.backtest:_close_position:231 - 平仓: 3182.231745, PnL: -20.0189, 手续费: 0.5827
2025-12-20 16:17:22.637 | DEBUG    | engine.backtest:_check_stop_loss_take_profit:252 - 触发止损: 3182.55
2025-12-20 16:17:22.646 | DEBUG    | engine.backtest:_open_position:190 - 开仓: short 0.3220697468278327 @ 3070.49292, 手续费: 0.5933
2025-12-20 16:17:22.780 | DEBUG    | engine.backtest:_close_position:231 - 平仓: 3132.5292216000003, PnL: -19.9800, 手续费: 0.6053
2025-12-20 16:17:22.780 | DEBUG    | engine.backtest:_check_stop_loss_take_profit:256 - 触发止损: 3132.2160000000003
2025-12-20 16:17:22.856 | DEBUG    | engine.backtest:_open_position:190 - 开仓: long 0.31806558869976187 @ 3103.1102800000003, 手续费: 0.5922
2025-12-20 16:17:23.008 | DEBUG    | engine.backtest:_close_position:231 - 平仓: 3085.3914299999997, PnL: -5.6358, 手续费: 0.5888
2025-12-20 16:17:23.008 | DEBUG    | engine.backtest:_open_position:190 - 开仓: short 0.31960729559115086 @ 3085.3914299999997, 手续费: 0.5917
2025-12-20 16:17:23.139 | DEBUG    | engine.backtest:_close_position:231 - 平仓: 3147.7287413999998, PnL: -19.9235, 手续费: 0.6036
2025-12-20 16:17:23.139 | DEBUG    | engine.backtest:_check_stop_loss_take_profit:256 - 触发止损: 3147.4139999999998
2025-12-20 16:17:23.185 | DEBUG    | engine.backtest:_open_position:190 - 开仓: long 0.3144191050875913 @ 3130.21299, 手续费: 0.5905
2025-12-20 16:17:23.250 | DEBUG    | engine.backtest:_close_position:231 - 平仓: 3066.9952698, PnL: -19.8769, 手续费: 0.5786
2025-12-20 16:17:23.250 | DEBUG    | engine.backtest:_check_stop_loss_take_profit:252 - 触发止损: 3067.302
2025-12-20 16:17:23.277 | DEBUG    | engine.backtest:_open_position:190 - 开仓: short 0.334296428892613 @ 2937.20625, 手续费: 0.5891
2025-12-20 16:17:23.552 | DEBUG    | engine.backtest:_close_position:231 - 平仓: 2953.79535, PnL: -5.5457, 手续费: 0.5925
2025-12-20 16:17:23.552 | DEBUG    | engine.backtest:_open_position:190 - 开仓: long 0.3322576711479085 @ 2953.79535, 手续费: 0.5889
2025-12-20 16:17:23.660 | DEBUG    | engine.backtest:_close_position:231 - 平仓: 2922.40773, PnL: -10.4288, 手续费: 0.5826
2025-12-20 16:17:23.660 | DEBUG    | engine.backtest:_open_position:190 - 开仓: short 0.33536216825877 @ 2922.40773, 手续费: 0.5880
2025-12-20 16:17:23.709 | DEBUG    | engine.backtest:_close_position:231 - 平仓: 2981.4521154, PnL: -19.8013, 手续费: 0.5999
2025-12-20 16:17:23.709 | DEBUG    | engine.backtest:_check_stop_loss_take_profit:256 - 触发止损: 2981.154
2025-12-20 16:17:23.954 | DEBUG    | engine.backtest:_open_position:190 - 开仓: long 0.33163708394969854 @ 2949.4949199999996, 手续费: 0.5869
2025-12-20 16:17:23.985 | DEBUG    | engine.backtest:_close_position:231 - 平仓: 2889.9269784, PnL: -19.7549, 手续费: 0.5750
2025-12-20 16:17:23.985 | DEBUG    | engine.backtest:_check_stop_loss_take_profit:252 - 触发止损: 2890.216
2025-12-20 16:17:24.059 | DEBUG    | engine.backtest:_open_position:190 - 开仓: short 0.34491532372367817 @ 2829.31704, 手续费: 0.5855
2025-12-20 16:17:24.091 | DEBUG    | engine.backtest:_close_position:231 - 平仓: 2886.4806192, PnL: -19.7166, 手续费: 0.5974
2025-12-20 16:17:24.091 | DEBUG    | engine.backtest:_check_stop_loss_take_profit:256 - 触发止损: 2886.192
2025-12-20 16:17:24.123 | DEBUG    | engine.backtest:_open_position:190 - 开仓: long 0.33051057238648773 @ 2946.89466, 手续费: 0.5844
2025-12-20 16:17:24.398 | DEBUG    | engine.backtest:_close_position:231 - 平仓: 2983.7016, PnL: 12.1651, 手续费: 0.5917
2025-12-20 16:17:24.398 | INFO     | strategies.base:on_stop:120 - 策略 SMA_CrossOver 停止
2025-12-20 16:17:24.404 | INFO     | engine.backtest:run:483 - 回测完成: 总收益率 -2.50%
2025-12-20 16:17:24.404 | INFO     | engine.backtest:run:382 - 开始回测: RSI_Strategy, 数据量: 721
2025-12-20 16:17:24.404 | INFO     | strategies.base:on_init:106 - 策略 RSI_Strategy 初始化
2025-12-20 16:17:24.404 | INFO     | strategies.base:on_start:113 - 策略 RSI_Strategy 启动
2025-12-20 16:17:24.479 | DEBUG    | engine.backtest:_open_position:190 - 开仓: short 0.3559732308130429 @ 2808.9190799999997, 手续费: 0.5999
2025-12-20 16:17:24.522 | DEBUG    | engine.backtest:_close_position:231 - 平仓: 2865.6705384, PnL: -20.2020, 手续费: 0.6121
2025-12-20 16:17:24.522 | DEBUG    | engine.backtest:_check_stop_loss_take_profit:256 - 触发止损: 2865.384
2025-12-20 16:17:24.556 | DEBUG    | engine.backtest:_open_position:190 - 开仓: short 0.33735373064674257 @ 2957.60421, 手续费: 0.5987
2025-12-20 16:17:24.587 | DEBUG    | engine.backtest:_close_position:231 - 平仓: 2870.58703, PnL: 29.3556, 手续费: 0.5810
2025-12-20 16:17:24.590 | DEBUG    | engine.backtest:_open_position:190 - 开仓: long 0.34609905135643887 @ 2891.5891300000003, 手续费: 0.6005
2025-12-20 16:17:24.625 | DEBUG    | engine.backtest:_close_position:231 - 平仓: 2969.20305, PnL: 26.8621, 手续费: 0.6166
2025-12-20 16:17:24.628 | DEBUG    | engine.backtest:_open_position:190 - 开仓: short 0.3390472094350982 @ 2958.7041, 手续费: 0.6019
2025-12-20 16:17:24.665 | DEBUG    | engine.backtest:_close_position:231 - 平仓: 2901.0900800000004, PnL: 19.5339, 手续费: 0.5902
2025-12-20 16:17:24.668 | DEBUG    | engine.backtest:_open_position:190 - 开仓: long 0.34257298312045875 @ 2934.19339, 手续费: 0.6031
2025-12-20 16:17:24.683 | DEBUG    | engine.backtest:_close_position:231 - 平仓: 3032.5967100000003, PnL: 33.7103, 手续费: 0.6233
2025-12-20 16:17:24.686 | DEBUG    | engine.backtest:_open_position:190 - 开仓: short 0.3326701627846245 @ 3030.6969, 手续费: 0.6049
2025-12-20 16:17:24.832 | DEBUG    | engine.backtest:_close_position:231 - 平仓: 3091.929162, PnL: -20.3701, 手续费: 0.6172
2025-12-20 16:17:24.832 | DEBUG    | engine.backtest:_check_stop_loss_take_profit:256 - 触发止损: 3091.62
2025-12-20 16:17:24.914 | DEBUG    | engine.backtest:_open_position:190 - 开仓: long 0.3355446007613397 @ 2998.89986, 手续费: 0.6038
2025-12-20 16:17:25.023 | DEBUG    | engine.backtest:_close_position:231 - 平仓: 3047.09526, PnL: 16.1717, 手续费: 0.6135
2025-12-20 16:17:25.027 | DEBUG    | engine.backtest:_open_position:190 - 开仓: short 0.33185992899716166 @ 3036.09636, 手续费: 0.6045
2025-12-20 16:17:25.073 | DEBUG    | engine.backtest:_close_position:231 - 平仓: 2915.2354944, PnL: 40.1089, 手续费: 0.5805
2025-12-20 16:17:25.073 | DEBUG    | engine.backtest:_check_stop_loss_take_profit:267 - 触发止盈: 2914.944
2025-12-20 16:17:25.139 | DEBUG    | engine.backtest:_open_position:190 - 开仓: long 0.35913934379061224 @ 2816.88166, 手续费: 0.6070
2025-12-20 16:17:25.144 | DEBUG    | engine.backtest:_close_position:231 - 平仓: 2759.9919732, PnL: -20.4313, 手续费: 0.5947
2025-12-20 16:17:25.144 | DEBUG    | engine.backtest:_check_stop_loss_take_profit:252 - 触发止损: 2760.268
2025-12-20 16:17:25.169 | DEBUG    | engine.backtest:_open_position:190 - 开仓: long 0.36614501260803684 @ 2757.0756800000004, 手续费: 0.6057
2025-12-20 16:17:25.214 | DEBUG    | engine.backtest:_close_position:231 - 平仓: 2802.11976, PnL: 16.4927, 手续费: 0.6156
2025-12-20 16:17:25.336 | DEBUG    | engine.backtest:_open_position:190 - 开仓: short 0.33064555144263735 @ 3057.0942600000003, 手续费: 0.6065
2025-12-20 16:17:25.383 | DEBUG    | engine.backtest:_close_position:231 - 平仓: 3118.8598548000004, PnL: -20.4225, 手续费: 0.6187
2025-12-20 16:17:25.383 | DEBUG    | engine.backtest:_check_stop_loss_take_profit:256 - 触发止损: 3118.5480000000002
2025-12-20 16:17:25.405 | DEBUG    | engine.backtest:_open_position:190 - 开仓: short 0.32399259160436755 @ 3113.18865, 手续费: 0.6052
2025-12-20 16:17:25.427 | DEBUG    | engine.backtest:_close_position:231 - 平仓: 3176.087577, PnL: -20.3788, 手续费: 0.6174
2025-12-20 16:17:25.427 | DEBUG    | engine.backtest:_check_stop_loss_take_profit:256 - 触发止损: 3175.77
2025-12-20 16:17:25.480 | DEBUG    | engine.backtest:_open_position:190 - 开仓: short 0.31564465179967577 @ 3188.6811, 手续费: 0.6039
2025-12-20 16:17:25.677 | DEBUG    | engine.backtest:_close_position:231 - 平仓: 3061.746144, PnL: 40.0663, 手续费: 0.5799
2025-12-20 16:17:25.677 | DEBUG    | engine.backtest:_check_stop_loss_take_profit:267 - 触发止盈: 3061.44
2025-12-20 16:17:25.748 | DEBUG    | engine.backtest:_open_position:190 - 开仓: long 0.33258040804136746 @ 3038.60383, 手续费: 0.6063
2025-12-20 16:17:25.972 | DEBUG    | engine.backtest:_close_position:231 - 平仓: 2977.2362466, PnL: -20.4097, 手续费: 0.5941
2025-12-20 16:17:25.972 | DEBUG    | engine.backtest:_check_stop_loss_take_profit:252 - 触发止损: 2977.534
2025-12-20 16:17:25.980 | DEBUG    | engine.backtest:_open_position:190 - 开仓: long 0.33308603433089173 @ 3027.50272, 手续费: 0.6051
2025-12-20 16:17:25.999 | DEBUG    | engine.backtest:_close_position:231 - 平仓: 3147.9731712, PnL: 40.1270, 手续费: 0.6291
2025-12-20 16:17:25.999 | DEBUG    | engine.backtest:_check_stop_loss_take_profit:263 - 触发止盈: 3148.288
2025-12-20 16:17:26.076 | DEBUG    | engine.backtest:_open_position:190 - 开仓: short 0.32326498713733365 @ 3130.88688, 手续费: 0.6073
2025-12-20 16:17:26.323 | DEBUG    | engine.backtest:_close_position:231 - 平仓: 3194.1433823999996, PnL: -20.4486, 手续费: 0.6195
2025-12-20 16:17:26.323 | DEBUG    | engine.backtest:_check_stop_loss_take_profit:256 - 触发止损: 3193.8239999999996
2025-12-20 16:17:26.430 | DEBUG    | engine.backtest:_open_position:190 - 开仓: short 0.30399078638155813 @ 3322.26774, 手续费: 0.6060
2025-12-20 16:17:26.532 | DEBUG    | engine.backtest:_close_position:231 - 平仓: 3389.3909052, PnL: -20.4048, 手续费: 0.6182
2025-12-20 16:17:26.532 | DEBUG    | engine.backtest:_check_stop_loss_take_profit:256 - 触发止损: 3389.0519999999997
2025-12-20 16:17:26.614 | DEBUG    | engine.backtest:_open_position:190 - 开仓: long 0.31349203344032334 @ 3215.3215, 手续费: 0.6048
2025-12-20 16:17:26.698 | DEBUG    | engine.backtest:_close_position:231 - 平仓: 3150.3849299999997, PnL: -20.3571, 手续费: 0.5926
2025-12-20 16:17:26.698 | DEBUG    | engine.backtest:_check_stop_loss_take_profit:252 - 触发止损: 3150.7
2025-12-20 16:17:26.716 | DEBUG    | engine.backtest:_open_position:190 - 开仓: long 0.31665295232456914 @ 3176.41761, 手续费: 0.6035
2025-12-20 16:17:26.912 | DEBUG    | engine.backtest:_close_position:231 - 平仓: 3112.2667422, PnL: -20.3136, 手续费: 0.5913
2025-12-20 16:17:26.912 | DEBUG    | engine.backtest:_check_stop_loss_take_profit:252 - 触发止损: 3112.578
2025-12-20 16:17:27.035 | DEBUG    | engine.backtest:_open_position:190 - 开仓: long 0.3246750585188537 @ 3091.3091, 手续费: 0.6022
2025-12-20 16:17:27.053 | DEBUG    | engine.backtest:_close_position:231 - 平仓: 3095.89038, PnL: 1.4874, 手续费: 0.6031
2025-12-20 16:17:27.097 | DEBUG    | engine.backtest:_open_position:190 - 开仓: short 0.3219965409573254 @ 3116.4883200000004, 手续费: 0.6021
2025-12-20 16:17:27.308 | DEBUG    | engine.backtest:_close_position:231 - 平仓: 3086.00857, PnL: 9.8144, 手续费: 0.5962
2025-12-20 16:17:27.318 | DEBUG    | engine.backtest:_open_position:190 - 开仓: long 0.324050851795362 @ 3100.0099699999996, 手续费: 0.6027
2025-12-20 16:17:27.421 | DEBUG    | engine.backtest:_close_position:231 - 平仓: 3037.4022293999997, PnL: -20.2881, 手续费: 0.5906
2025-12-20 16:17:27.421 | DEBUG    | engine.backtest:_check_stop_loss_take_profit:252 - 触发止损: 3037.7059999999997
2025-12-20 16:17:27.567 | DEBUG    | engine.backtest:_open_position:190 - 开仓: short 0.328648529780307 @ 3049.4950200000003, 手续费: 0.6013
2025-12-20 16:17:27.587 | DEBUG    | engine.backtest:_close_position:231 - 平仓: 2989.69894, PnL: 19.6519, 手续费: 0.5895
2025-12-20 16:17:27.725 | DEBUG    | engine.backtest:_open_position:190 - 开仓: long 0.34087799211381703 @ 2946.0945800000004, 手续费: 0.6026
2025-12-20 16:17:27.807 | DEBUG    | engine.backtest:_close_position:231 - 平仓: 2886.5953116, PnL: -20.2820, 手续费: 0.5904
2025-12-20 16:17:27.807 | DEBUG    | engine.backtest:_check_stop_loss_take_profit:252 - 触发止损: 2886.884
2025-12-20 16:17:28.137 | DEBUG    | engine.backtest:_open_position:190 - 开仓: long 0.35356771203856974 @ 2834.2834, 手续费: 0.6013
2025-12-20 16:17:28.275 | DEBUG    | engine.backtest:_close_position:231 - 平仓: 2857.21425, PnL: 8.1076, 手续费: 0.6061
2025-12-20 16:17:28.286 | DEBUG    | engine.backtest:_open_position:190 - 开仓: short 0.3493731417930786 @ 2869.713, 手续费: 0.6016
2025-12-20 16:17:28.296 | DEBUG    | engine.backtest:_close_position:231 - 平仓: 2927.69274, PnL: -20.2566, 手续费: 0.6137
2025-12-20 16:17:28.296 | DEBUG    | engine.backtest:_check_stop_loss_take_profit:256 - 触发止损: 2927.4
2025-12-20 16:17:28.341 | DEBUG    | engine.backtest:_open_position:190 - 开仓: short 0.3517379361183516 @ 2844.31554, 手续费: 0.6003
2025-12-20 16:17:28.450 | DEBUG    | engine.backtest:_close_position:231 - 平仓: 2901.7821492, PnL: -20.2132, 手续费: 0.6124
2025-12-20 16:17:28.450 | DEBUG    | engine.backtest:_check_stop_loss_take_profit:256 - 触发止损: 2901.4919999999997
2025-12-20 16:17:28.606 | DEBUG    | engine.backtest:_open_position:190 - 开仓: short 0.33971117631785436 @ 2938.7061, 手续费: 0.5990
2025-12-20 16:17:28.638 | DEBUG    | engine.backtest:_close_position:231 - 平仓: 2998.0797780000003, PnL: -20.1699, 手续费: 0.6111
2025-12-20 16:17:28.639 | DEBUG    | engine.backtest:_check_stop_loss_take_profit:256 - 触发止损: 2997.78
2025-12-20 16:17:28.775 | INFO     | strategies.base:on_stop:120 - 策略 RSI_Strategy 停止
2025-12-20 16:17:28.776 | INFO     | engine.backtest:run:483 - 回测完成: 总收益率 -0.37%
2025-12-20 16:17:28.776 | INFO     | engine.backtest:run:382 - 开始回测: MACD_Strategy, 数据量: 721
2025-12-20 16:17:28.776 | INFO     | strategies.base:on_init:106 - 策略 MACD_Strategy 初始化
2025-12-20 16:17:28.776 | INFO     | strategies.base:on_start:113 - 策略 MACD_Strategy 启动
2025-12-20 16:17:28.789 | DEBUG    | engine.backtest:_open_position:190 - 开仓: long 0.3611020835590221 @ 2769.57693, 手续费: 0.6001
2025-12-20 16:17:28.790 | DEBUG    | engine.backtest:_close_position:231 - 平仓: 2713.6426086, PnL: -20.1980, 手续费: 0.5879
2025-12-20 16:17:28.790 | DEBUG    | engine.backtest:_check_stop_loss_take_profit:252 - 触发止损: 2713.914
2025-12-20 16:17:28.852 | DEBUG    | engine.backtest:_open_position:190 - 开仓: short 0.3566720519998571 @ 2797.4202299999997, 手续费: 0.5987
2025-12-20 16:17:28.862 | DEBUG    | engine.backtest:_close_position:231 - 平仓: 2837.68374, PnL: -14.3609, 手续费: 0.6073
2025-12-20 16:17:28.862 | DEBUG    | engine.backtest:_open_position:190 - 开仓: long 0.3511329808842551 @ 2837.68374, 手续费: 0.5978
2025-12-20 16:17:28.864 | DEBUG    | engine.backtest:_close_position:231 - 平仓: 2800.31994, PnL: -13.1197, 手续费: 0.5900
2025-12-20 16:17:28.864 | DEBUG    | engine.backtest:_open_position:190 - 开仓: short 0.35523601098749036 @ 2800.31994, 手续费: 0.5969
2025-12-20 16:17:28.869 | DEBUG    | engine.backtest:_close_position:231 - 平仓: 2856.8976612, PnL: -20.0984, 手续费: 0.6089
2025-12-20 16:17:28.869 | DEBUG    | engine.backtest:_check_stop_loss_take_profit:256 - 触发止损: 2856.612
2025-12-20 16:17:28.871 | DEBUG    | engine.backtest:_open_position:190 - 开仓: long 0.3476966759343459 @ 2855.4855199999997, 手续费: 0.5957
2025-12-20 16:17:28.873 | DEBUG    | engine.backtest:_close_position:231 - 平仓: 2823.41763, PnL: -11.1499, 手续费: 0.5890
2025-12-20 16:17:28.873 | DEBUG    | engine.backtest:_open_position:190 - 开仓: short 0.3511386078928813 @ 2823.41763, 手续费: 0.5948
2025-12-20 16:17:28.874 | DEBUG    | engine.backtest:_close_position:231 - 平仓: 2880.4620174, PnL: -20.0305, 手续费: 0.6069
2025-12-20 16:17:28.874 | DEBUG    | engine.backtest:_check_stop_loss_take_profit:256 - 触发止损: 2880.174
2025-12-20 16:17:28.875 | DEBUG    | engine.backtest:_open_position:190 - 开仓: long 0.3452634238161699 @ 2865.88656, 手续费: 0.5937
2025-12-20 16:17:28.882 | DEBUG    | engine.backtest:_close_position:231 - 平仓: 2808.0071712, PnL: -19.9836, 手续费: 0.5817
2025-12-20 16:17:28.882 | DEBUG    | engine.backtest:_check_stop_loss_take_profit:252 - 触发止损: 2808.288
2025-12-20 16:17:28.883 | DEBUG    | engine.backtest:_open_position:190 - 开仓: short 0.35305069532774597 @ 2796.12036, 手续费: 0.5923
2025-12-20 16:17:28.894 | DEBUG    | engine.backtest:_close_position:231 - 平仓: 2852.6132328, PnL: -19.9448, 手续费: 0.6043
2025-12-20 16:17:28.894 | DEBUG    | engine.backtest:_check_stop_loss_take_profit:256 - 触发止损: 2852.328
2025-12-20 16:17:28.896 | DEBUG    | engine.backtest:_open_position:190 - 开仓: long 0.34474972783204055 @ 2857.88576, 手续费: 0.5912
2025-12-20 16:17:28.902 | DEBUG    | engine.backtest:_close_position:231 - 平仓: 2971.6068096, PnL: 39.2053, 手续费: 0.6147
2025-12-20 16:17:28.902 | DEBUG    | engine.backtest:_check_stop_loss_take_profit:263 - 触发止盈: 2971.904
2025-12-20 16:17:28.918 | DEBUG    | engine.backtest:_open_position:190 - 开仓: short 0.33966093192199154 @ 2911.3088399999997, 手续费: 0.5933
2025-12-20 16:17:28.959 | DEBUG    | engine.backtest:_close_position:231 - 平仓: 2930.59303, PnL: -6.5501, 手续费: 0.5972
2025-12-20 16:17:28.959 | DEBUG    | engine.backtest:_open_position:190 - 开仓: long 0.33722919320185396 @ 2930.59303, 手续费: 0.5930
2025-12-20 16:17:28.976 | DEBUG    | engine.backtest:_close_position:231 - 平仓: 2929.9069799999997, PnL: -0.2314, 手续费: 0.5928
2025-12-20 16:17:28.976 | DEBUG    | engine.backtest:_open_position:190 - 开仓: short 0.3371923381780033 @ 2929.9069799999997, 手续费: 0.5928
2025-12-20 16:17:29.010 | DEBUG    | engine.backtest:_close_position:231 - 平仓: 2989.1028804, PnL: -19.9604, 手续费: 0.6047
2025-12-20 16:17:29.010 | DEBUG    | engine.backtest:_check_stop_loss_take_profit:256 - 触发止损: 2988.8039999999996
2025-12-20 16:17:29.010 | DEBUG    | engine.backtest:_open_position:190 - 开仓: long 0.32578567829893623 @ 3026.6026300000003, 手续费: 0.5916
2025-12-20 16:17:29.048 | DEBUG    | engine.backtest:_close_position:231 - 平仓: 3026.19735, PnL: -0.1320, 手续费: 0.5915
2025-12-20 16:17:29.048 | DEBUG    | engine.backtest:_open_position:190 - 开仓: short 0.3257206938249711 @ 3026.19735, 手续费: 0.5914
2025-12-20 16:17:29.126 | DEBUG    | engine.backtest:_close_position:231 - 平仓: 3063.70634, PnL: -12.2175, 手续费: 0.5987
2025-12-20 16:17:29.127 | DEBUG    | engine.backtest:_open_position:190 - 开仓: long 0.32135957366886914 @ 3063.70634, 手续费: 0.5907
2025-12-20 16:17:29.157 | DEBUG    | engine.backtest:_close_position:231 - 平仓: 3030.2969399999997, PnL: -10.7364, 手续费: 0.5843
2025-12-20 16:17:29.157 | DEBUG    | engine.backtest:_open_position:190 - 开仓: short 0.32444458950221094 @ 3030.2969399999997, 手续费: 0.5899
2025-12-20 16:17:29.266 | DEBUG    | engine.backtest:_close_position:231 - 平仓: 2988.19879, PnL: 13.6585, 手续费: 0.5817
2025-12-20 16:17:29.267 | DEBUG    | engine.backtest:_open_position:190 - 开仓: long 0.32949913469070696 @ 2988.19879, 手续费: 0.5908
2025-12-20 16:17:29.363 | DEBUG    | engine.backtest:_close_position:231 - 平仓: 2989.90098, PnL: 0.5609, 手续费: 0.5911
2025-12-20 16:17:29.364 | DEBUG    | engine.backtest:_open_position:190 - 开仓: short 0.32922492302638373 @ 2989.90098, 手续费: 0.5906
2025-12-20 16:17:29.367 | DEBUG    | engine.backtest:_close_position:231 - 平仓: 2870.8790591999996, PnL: 39.1850, 手续费: 0.5671
2025-12-20 16:17:29.367 | DEBUG    | engine.backtest:_check_stop_loss_take_profit:267 - 触发止盈: 2870.5919999999996
2025-12-20 16:17:29.460 | DEBUG    | engine.backtest:_open_position:190 - 开仓: long 0.3540215268541784 @ 2791.77915, 手续费: 0.5930
2025-12-20 16:17:29.537 | DEBUG    | engine.backtest:_close_position:231 - 平仓: 2902.869684, PnL: 39.3284, 手续费: 0.6166
2025-12-20 16:17:29.537 | DEBUG    | engine.backtest:_check_stop_loss_take_profit:263 - 触发止盈: 2903.16
2025-12-20 16:17:29.629 | DEBUG    | engine.backtest:_open_position:190 - 开仓: short 0.3242883677312713 @ 3058.89408, 手续费: 0.5952
2025-12-20 16:17:29.653 | DEBUG    | engine.backtest:_close_position:231 - 平仓: 3120.6960384, PnL: -20.0417, 手续费: 0.6072
2025-12-20 16:17:29.653 | DEBUG    | engine.backtest:_check_stop_loss_take_profit:256 - 触发止损: 3120.384
2025-12-20 16:17:29.684 | DEBUG    | engine.backtest:_open_position:190 - 开仓: long 0.31560880277712405 @ 3136.9136599999997, 手续费: 0.5940
2025-12-20 16:17:29.731 | DEBUG    | engine.backtest:_close_position:231 - 平仓: 3183.0816600000003, PnL: 14.5710, 手续费: 0.6028
2025-12-20 16:17:29.732 | DEBUG    | engine.backtest:_open_position:190 - 开仓: short 0.3113890792052517 @ 3183.0816600000003, 手续费: 0.5947
2025-12-20 16:17:29.930 | DEBUG    | engine.backtest:_close_position:231 - 平仓: 3056.3696064000005, PnL: 39.4567, 手续费: 0.5710
2025-12-20 16:17:29.930 | DEBUG    | engine.backtest:_check_stop_loss_take_profit:267 - 触发止盈: 3056.0640000000003
2025-12-20 16:17:29.995 | DEBUG    | engine.backtest:_open_position:190 - 开仓: long 0.3275203554265194 @ 3038.60383, 手续费: 0.5971
2025-12-20 16:17:30.181 | DEBUG    | engine.backtest:_close_position:231 - 平仓: 3029.89698, PnL: -2.8517, 手续费: 0.5954
2025-12-20 16:17:30.181 | DEBUG    | engine.backtest:_open_position:190 - 开仓: short 0.3282623837961843 @ 3029.89698, 手续费: 0.5968
2025-12-20 16:17:30.201 | DEBUG    | engine.backtest:_close_position:231 - 平仓: 3048.3048, PnL: -6.0426, 手续费: 0.6004
2025-12-20 16:17:30.202 | DEBUG    | engine.backtest:_open_position:190 - 开仓: long 0.32610784159826073 @ 3048.3048, 手续费: 0.5964
2025-12-20 16:17:30.214 | DEBUG    | engine.backtest:_close_position:231 - 平仓: 2986.741296, PnL: -20.0763, 手续费: 0.5844
2025-12-20 16:17:30.215 | DEBUG    | engine.backtest:_check_stop_loss_take_profit:252 - 触发止损: 2987.04
2025-12-20 16:17:30.215 | DEBUG    | engine.backtest:_open_position:190 - 开仓: short 0.33710056163513347 @ 2942.00577, 手续费: 0.5951
2025-12-20 16:17:30.221 | DEBUG    | engine.backtest:_close_position:231 - 平仓: 3001.4461146000003, PnL: -20.0374, 手续费: 0.6071
2025-12-20 16:17:30.221 | DEBUG    | engine.backtest:_check_stop_loss_take_profit:256 - 触发止损: 3001.146
2025-12-20 16:17:30.235 | DEBUG    | engine.backtest:_open_position:190 - 开仓: long 0.3179130902884838 @ 3113.5113199999996, 手续费: 0.5939
2025-12-20 16:17:30.268 | DEBUG    | engine.backtest:_close_position:231 - 平仓: 3050.6309063999997, PnL: -19.9905, 手续费: 0.5819
2025-12-20 16:17:30.268 | DEBUG    | engine.backtest:_check_stop_loss_take_profit:252 - 触发止损: 3050.9359999999997
2025-12-20 16:17:30.379 | DEBUG    | engine.backtest:_open_position:190 - 开仓: short 0.3156414082697555 @ 3128.58711, 手续费: 0.5925
2025-12-20 16:17:30.556 | DEBUG    | engine.backtest:_close_position:231 - 平仓: 3191.7971478, PnL: -19.9517, 手续费: 0.6045
2025-12-20 16:17:30.558 | DEBUG    | engine.backtest:_check_stop_loss_take_profit:256 - 触发止损: 3191.478
2025-12-20 16:17:30.558 | DEBUG    | engine.backtest:_open_position:190 - 开仓: long 0.3036779037659202 @ 3245.52452, 手续费: 0.5914
2025-12-20 16:17:30.565 | DEBUG    | engine.backtest:_close_position:231 - 平仓: 3374.6704992, PnL: 39.2188, 手续费: 0.6149
2025-12-20 16:17:30.565 | DEBUG    | engine.backtest:_check_stop_loss_take_profit:263 - 触发止盈: 3375.008
2025-12-20 16:17:30.647 | DEBUG    | engine.backtest:_open_position:190 - 开仓: short 0.2988721751332988 @ 3309.76899, 手续费: 0.5935
2025-12-20 16:17:30.699 | DEBUG    | engine.backtest:_close_position:231 - 平仓: 3376.6396302, PnL: -19.9858, 手续费: 0.6055
2025-12-20 16:17:30.700 | DEBUG    | engine.backtest:_check_stop_loss_take_profit:256 - 触发止损: 3376.3019999999997
2025-12-20 16:17:30.769 | DEBUG    | engine.backtest:_open_position:190 - 开仓: long 0.29108282911202754 @ 3391.73914, 手续费: 0.5924
2025-12-20 16:17:30.777 | DEBUG    | engine.backtest:_close_position:231 - 平仓: 3354.6645, PnL: -10.7918, 手续费: 0.5859
2025-12-20 16:17:30.777 | DEBUG    | engine.backtest:_open_position:190 - 开仓: short 0.29388414360807974 @ 3354.6645, 手续费: 0.5915
2025-12-20 16:17:30.823 | DEBUG    | engine.backtest:_close_position:231 - 平仓: 3221.12208, PnL: 39.2460, 手续费: 0.5680
2025-12-20 16:17:30.823 | DEBUG    | engine.backtest:_check_stop_loss_take_profit:267 - 触发止盈: 3220.8
2025-12-20 16:17:30.951 | DEBUG    | engine.backtest:_open_position:190 - 开仓: long 0.3088653656039305 @ 3204.92046, 手续费: 0.5939
2025-12-20 16:17:31.122 | DEBUG    | engine.backtest:_close_position:231 - 平仓: 3140.1939491999997, PnL: -19.9918, 手续费: 0.5819
2025-12-20 16:17:31.122 | DEBUG    | engine.backtest:_check_stop_loss_take_profit:252 - 触发止损: 3140.508
2025-12-20 16:17:31.123 | DEBUG    | engine.backtest:_open_position:190 - 开仓: short 0.32104836357664707 @ 3076.09236, 手续费: 0.5925
2025-12-20 16:17:31.231 | DEBUG    | engine.backtest:_close_position:231 - 平仓: 3092.1091800000004, PnL: -5.1422, 手续费: 0.5956
2025-12-20 16:17:31.231 | DEBUG    | engine.backtest:_open_position:190 - 开仓: long 0.3192445018634741 @ 3092.1091800000004, 手续费: 0.5923
2025-12-20 16:17:31.505 | DEBUG    | engine.backtest:_close_position:231 - 平仓: 3085.3914299999997, PnL: -2.1446, 手续费: 0.5910
2025-12-20 16:17:31.505 | DEBUG    | engine.backtest:_open_position:190 - 开仓: short 0.31976775525810996 @ 3085.3914299999997, 手续费: 0.5920
2025-12-20 16:17:31.629 | DEBUG    | engine.backtest:_close_position:231 - 平仓: 3109.41091, PnL: -7.6807, 手续费: 0.5966
2025-12-20 16:17:31.629 | DEBUG    | engine.backtest:_open_position:190 - 开仓: long 0.3170758235493974 @ 3109.41091, 手续费: 0.5916
2025-12-20 16:17:31.747 | DEBUG    | engine.backtest:_close_position:231 - 平仓: 3046.6133082, PnL: -19.9116, 手续费: 0.5796
2025-12-20 16:17:31.747 | DEBUG    | engine.backtest:_check_stop_loss_take_profit:252 - 触发止损: 3046.918
2025-12-20 16:17:31.747 | DEBUG    | engine.backtest:_open_position:190 - 开仓: short 0.3225497302379627 @ 3049.4950200000003, 手续费: 0.5902
2025-12-20 16:17:31.784 | DEBUG    | engine.backtest:_close_position:231 - 平仓: 2928.1007808, PnL: 39.1557, 手续费: 0.5667
2025-12-20 16:17:31.784 | DEBUG    | engine.backtest:_check_stop_loss_take_profit:267 - 触发止盈: 2927.808
2025-12-20 16:17:31.905 | DEBUG    | engine.backtest:_open_position:190 - 开仓: long 0.3377495214705512 @ 2924.09238, 手续费: 0.5926
2025-12-20 16:17:32.186 | DEBUG    | engine.backtest:_close_position:231 - 平仓: 2919.20805, PnL: -1.6497, 手续费: 0.5916
2025-12-20 16:17:32.186 | DEBUG    | engine.backtest:_open_position:190 - 开仓: short 0.3381499121589775 @ 2919.20805, 手续费: 0.5923
2025-12-20 16:17:32.216 | DEBUG    | engine.backtest:_close_position:231 - 平仓: 2943.69434, PnL: -8.2800, 手续费: 0.5972
2025-12-20 16:17:32.216 | DEBUG    | engine.backtest:_open_position:190 - 开仓: long 0.3350824599005178 @ 2943.69434, 手续费: 0.5918
2025-12-20 16:17:32.226 | DEBUG    | engine.backtest:_close_position:231 - 平仓: 2884.2435468000003, PnL: -19.9209, 手续费: 0.5799
2025-12-20 16:17:32.226 | DEBUG    | engine.backtest:_check_stop_loss_take_profit:252 - 触发止损: 2884.532
2025-12-20 16:17:32.246 | DEBUG    | engine.backtest:_open_position:190 - 开仓: short 0.3437316465082913 @ 2862.9136799999997, 手续费: 0.5904
2025-12-20 16:17:32.366 | DEBUG    | engine.backtest:_close_position:231 - 平仓: 2837.1836900000003, PnL: 8.8442, 手续费: 0.5851
2025-12-20 16:17:32.366 | DEBUG    | engine.backtest:_open_position:190 - 开仓: long 0.34718859079770836 @ 2837.1836900000003, 手续费: 0.5910
2025-12-20 16:17:32.457 | DEBUG    | engine.backtest:_close_position:231 - 平仓: 2950.0809624000003, PnL: 39.1966, 手续费: 0.6145
2025-12-20 16:17:32.457 | DEBUG    | engine.backtest:_check_stop_loss_take_profit:263 - 触发止盈: 2950.376
2025-12-20 16:17:32.520 | DEBUG    | engine.backtest:_open_position:190 - 开仓: short 0.3555334129411761 @ 2780.7219, 手续费: 0.5932
2025-12-20 16:17:32.551 | DEBUG    | engine.backtest:_close_position:231 - 平仓: 2836.9036619999997, PnL: -19.9745, 手续费: 0.6052
2025-12-20 16:17:32.551 | DEBUG    | engine.backtest:_check_stop_loss_take_profit:256 - 触发止损: 2836.62
2025-12-20 16:17:32.604 | DEBUG    | engine.backtest:_open_position:190 - 开仓: long 0.33945334141242006 @ 2906.79065, 手续费: 0.5920
2025-12-20 16:17:32.828 | DEBUG    | engine.backtest:_close_position:231 - 平仓: 2973.0026700000003, PnL: 22.4759, 手续费: 0.6055
2025-12-20 16:17:32.828 | DEBUG    | engine.backtest:_open_position:190 - 开仓: short 0.3325426196579249 @ 2973.0026700000003, 手续费: 0.5932
2025-12-20 16:17:32.917 | DEBUG    | engine.backtest:_close_position:231 - 平仓: 2984.2984, PnL: -3.7563, 手续费: 0.5954
2025-12-20 16:17:32.917 | INFO     | strategies.base:on_stop:120 - 策略 MACD_Strategy 停止
2025-12-20 16:17:32.918 | INFO     | engine.backtest:run:483 - 回测完成: 总收益率 -1.17%
2025-12-20 16:17:32.919 | INFO     | engine.backtest:run:382 - 开始回测: BollingerBands_Strategy, 数据量: 721
2025-12-20 16:17:32.919 | INFO     | strategies.base:on_init:106 - 策略 BollingerBands_Strategy 初始化
2025-12-20 16:17:32.919 | INFO     | strategies.base:on_start:113 - 策略 BollingerBands_Strategy 启动
2025-12-20 16:17:32.968 | DEBUG    | engine.backtest:_open_position:190 - 开仓: short 0.3586157432311278 @ 2788.22115, 手续费: 0.5999
2025-12-20 16:17:32.977 | DEBUG    | engine.backtest:_close_position:231 - 平仓: 2844.554427, PnL: -20.2020, 手续费: 0.6121
2025-12-20 16:17:32.977 | DEBUG    | engine.backtest:_check_stop_loss_take_profit:256 - 触发止损: 2844.27
2025-12-20 16:17:33.020 | DEBUG    | engine.backtest:_open_position:190 - 开仓: short 0.3482197794109436 @ 2865.31344, 手续费: 0.5987
2025-12-20 16:17:33.028 | DEBUG    | engine.backtest:_close_position:231 - 平仓: 2796.6796400000003, PnL: 23.8996, 手续费: 0.5843
2025-12-20 16:17:33.044 | DEBUG    | engine.backtest:_open_position:190 - 开仓: short 0.34033084951534115 @ 2938.40613, 手续费: 0.6000
2025-12-20 16:17:33.075 | DEBUG    | engine.backtest:_close_position:231 - 平仓: 2902.09018, PnL: 12.3594, 手续费: 0.5926
2025-12-20 16:17:33.111 | DEBUG    | engine.backtest:_open_position:190 - 开仓: short 0.3371769487179431 @ 2969.20305, 手续费: 0.6007
2025-12-20 16:17:33.137 | DEBUG    | engine.backtest:_close_position:231 - 平仓: 2912.2912, PnL: 19.1894, 手续费: 0.5892
2025-12-20 16:17:33.161 | DEBUG    | engine.backtest:_open_position:190 - 开仓: short 0.33144331340373206 @ 3025.99737, 手续费: 0.6018
2025-12-20 16:17:33.217 | DEBUG    | engine.backtest:_close_position:231 - 平仓: 2990.4990199999997, PnL: 11.7657, 手续费: 0.5947
2025-12-20 16:17:33.221 | DEBUG    | engine.backtest:_open_position:190 - 开仓: long 0.3353272177325127 @ 2994.69944, 手续费: 0.6025
2025-12-20 16:17:33.236 | DEBUG    | engine.backtest:_close_position:231 - 平仓: 3036.29634, PnL: 13.9486, 手续费: 0.6109
2025-12-20 16:17:33.282 | DEBUG    | engine.backtest:_open_position:190 - 开仓: short 0.3281900295849258 @ 3063.09366, 手续费: 0.6032
2025-12-20 16:17:33.309 | DEBUG    | engine.backtest:_close_position:231 - 平仓: 3023.7023400000003, PnL: 12.9278, 手续费: 0.5954
2025-12-20 16:17:33.400 | DEBUG    | engine.backtest:_open_position:190 - 开仓: long 0.33906564135704437 @ 2968.89686, 手续费: 0.6040
2025-12-20 16:17:33.431 | DEBUG    | engine.backtest:_close_position:231 - 平仓: 3003.6996, PnL: 11.8004, 手续费: 0.6111
2025-12-20 16:17:33.476 | DEBUG    | engine.backtest:_open_position:190 - 开仓: short 0.3331158417526691 @ 3024.4975200000003, 手续费: 0.6045
2025-12-20 16:17:33.523 | DEBUG    | engine.backtest:_close_position:231 - 平仓: 2990.4990199999997, PnL: 11.3254, 手续费: 0.5977
2025-12-20 16:17:33.528 | DEBUG    | engine.backtest:_open_position:190 - 开仓: long 0.35573700158357935 @ 2835.5835300000003, 手续费: 0.6052
2025-12-20 16:17:33.594 | DEBUG    | engine.backtest:_close_position:231 - 平仓: 2778.3161406, PnL: -20.3721, 手续费: 0.5930
2025-12-20 16:17:33.594 | DEBUG    | engine.backtest:_check_stop_loss_take_profit:252 - 触发止损: 2778.594
2025-12-20 16:17:33.703 | DEBUG    | engine.backtest:_open_position:190 - 开仓: short 0.34777611725652885 @ 2893.7106, 手续费: 0.6038
2025-12-20 16:17:33.708 | DEBUG    | engine.backtest:_close_position:231 - 平仓: 2952.175188, PnL: -20.3326, 手续费: 0.6160
2025-12-20 16:17:33.708 | DEBUG    | engine.backtest:_check_stop_loss_take_profit:256 - 触发止损: 2951.88
2025-12-20 16:17:33.709 | DEBUG    | engine.backtest:_open_position:190 - 开仓: short 0.3342570861450954 @ 3004.29954, 手续费: 0.6025
2025-12-20 16:17:33.780 | DEBUG    | engine.backtest:_close_position:231 - 平仓: 3064.9984692, PnL: -20.2890, 手续费: 0.6147
2025-12-20 16:17:33.780 | DEBUG    | engine.backtest:_check_stop_loss_take_profit:256 - 触发止损: 3064.692
2025-12-20 16:17:33.844 | DEBUG    | engine.backtest:_open_position:190 - 开仓: short 0.3204957670404719 @ 3126.58731, 手续费: 0.6012
2025-12-20 16:17:33.870 | DEBUG    | engine.backtest:_close_position:231 - 平仓: 3189.7569438, PnL: -20.2456, 手续费: 0.6134
2025-12-20 16:17:33.870 | DEBUG    | engine.backtest:_check_stop_loss_take_profit:256 - 触发止损: 3189.438
2025-12-20 16:17:33.871 | DEBUG    | engine.backtest:_open_position:190 - 开仓: short 0.31373915800941876 @ 3187.08126, 手续费: 0.5999
2025-12-20 16:17:33.949 | DEBUG    | engine.backtest:_close_position:231 - 平仓: 3175.21749, PnL: 3.7221, 手续费: 0.5977
2025-12-20 16:17:33.982 | DEBUG    | engine.backtest:_open_position:190 - 开仓: long 0.31864694945210836 @ 3139.4139099999998, 手续费: 0.6002
2025-12-20 16:17:33.988 | DEBUG    | engine.backtest:_close_position:231 - 平仓: 3076.0103682, PnL: -20.2033, 手续费: 0.5881
2025-12-20 16:17:33.988 | DEBUG    | engine.backtest:_check_stop_loss_take_profit:252 - 触发止损: 3076.3179999999998
2025-12-20 16:17:33.988 | DEBUG    | engine.backtest:_open_position:190 - 开仓: long 0.32019936896832496 @ 3117.51172, 手续费: 0.5989
2025-12-20 16:17:34.028 | DEBUG    | engine.backtest:_close_position:231 - 平仓: 3181.78179, PnL: 20.5792, 手续费: 0.6113
2025-12-20 16:17:34.093 | DEBUG    | engine.backtest:_open_position:190 - 开仓: long 0.32285071498754087 @ 3097.90976, 手续费: 0.6001
2025-12-20 16:17:34.111 | DEBUG    | engine.backtest:_close_position:231 - 平仓: 3035.3444352, PnL: -20.1993, 手续费: 0.5880
2025-12-20 16:17:34.111 | DEBUG    | engine.backtest:_check_stop_loss_take_profit:252 - 触发止损: 3035.648
2025-12-20 16:17:34.112 | DEBUG    | engine.backtest:_open_position:190 - 开仓: long 0.3292173532695859 @ 3031.50312, 手续费: 0.5988
2025-12-20 16:17:34.229 | DEBUG    | engine.backtest:_close_position:231 - 平仓: 3037.0962600000003, PnL: 1.8414, 手续费: 0.5999
2025-12-20 16:17:34.248 | DEBUG    | engine.backtest:_open_position:190 - 开仓: short 0.32682339003534816 @ 3053.29464, 手续费: 0.5987
2025-12-20 16:17:34.279 | DEBUG    | engine.backtest:_close_position:231 - 平仓: 3030.00297, PnL: 7.6123, 手续费: 0.5942
2025-12-20 16:17:34.404 | DEBUG    | engine.backtest:_open_position:190 - 开仓: long 0.3394044931618081 @ 2942.59423, 手续费: 0.5992
2025-12-20 16:17:34.418 | DEBUG    | engine.backtest:_close_position:231 - 平仓: 3039.59601, PnL: 32.9228, 手续费: 0.6190
2025-12-20 16:17:34.425 | DEBUG    | engine.backtest:_open_position:190 - 开仓: short 0.321791179909056 @ 3112.88868, 手续费: 0.6010
2025-12-20 16:17:34.459 | DEBUG    | engine.backtest:_close_position:231 - 平仓: 3034.3034, PnL: 25.2880, 手续费: 0.5858
2025-12-20 16:17:34.751 | DEBUG    | engine.backtest:_open_position:190 - 开仓: short 0.3094448476392174 @ 3244.8754799999997, 手续费: 0.6025
2025-12-20 16:17:34.758 | DEBUG    | engine.backtest:_close_position:231 - 平仓: 3310.4350104, PnL: -20.2871, 手续费: 0.6146
2025-12-20 16:17:34.758 | DEBUG    | engine.backtest:_check_stop_loss_take_profit:256 - 触发止损: 3310.104
2025-12-20 16:17:34.759 | DEBUG    | engine.backtest:_open_position:190 - 开仓: short 0.2977093803279479 @ 3365.56341, 手续费: 0.6012
2025-12-20 16:17:34.896 | DEBUG    | engine.backtest:_close_position:231 - 平仓: 3312.83125, PnL: 15.6989, 手续费: 0.5918
2025-12-20 16:17:34.943 | DEBUG    | engine.backtest:_open_position:190 - 开仓: short 0.299412398815308 @ 3351.26484, 手续费: 0.6020
2025-12-20 16:17:34.958 | DEBUG    | engine.backtest:_close_position:231 - 平仓: 3418.9738632, PnL: -20.2729, 手续费: 0.6142
2025-12-20 16:17:34.958 | DEBUG    | engine.backtest:_check_stop_loss_take_profit:256 - 触发止损: 3418.632
2025-12-20 16:17:34.959 | DEBUG    | engine.backtest:_open_position:190 - 开仓: short 0.29606814445005336 @ 3381.8617799999997, 手续费: 0.6008
2025-12-20 16:17:34.998 | DEBUG    | engine.backtest:_close_position:231 - 平仓: 3324.03237, PnL: 17.1214, 手续费: 0.5905
2025-12-20 16:17:35.006 | DEBUG    | engine.backtest:_open_position:190 - 开仓: long 0.30585346995365714 @ 3279.52792, 手续费: 0.6018
2025-12-20 16:17:35.022 | DEBUG    | engine.backtest:_close_position:231 - 平仓: 3213.2946384, PnL: -20.2577, 手续费: 0.5897
2025-12-20 16:17:35.022 | DEBUG    | engine.backtest:_check_stop_loss_take_profit:252 - 触发止损: 3213.616
2025-12-20 16:17:35.023 | DEBUG    | engine.backtest:_open_position:190 - 开仓: long 0.311613718477161 @ 3212.02117, 手续费: 0.6005
2025-12-20 16:17:35.119 | DEBUG    | engine.backtest:_close_position:231 - 平仓: 3147.1512534, PnL: -20.2144, 手续费: 0.5884
2025-12-20 16:17:35.119 | DEBUG    | engine.backtest:_check_stop_loss_take_profit:252 - 触发止损: 3147.466
2025-12-20 16:17:35.177 | DEBUG    | engine.backtest:_open_position:190 - 开仓: short 0.307141149536607 @ 3251.17485, 手续费: 0.5991
2025-12-20 16:17:35.202 | DEBUG    | engine.backtest:_close_position:231 - 平仓: 3190.6190300000003, PnL: 18.5992, 手续费: 0.5880
2025-12-20 16:17:35.219 | DEBUG    | engine.backtest:_open_position:190 - 开仓: short 0.3068085545239452 @ 3260.3739299999997, 手续费: 0.6002
2025-12-20 16:17:35.322 | DEBUG    | engine.backtest:_close_position:231 - 平仓: 3234.3234, PnL: 7.9925, 手续费: 0.5954
2025-12-20 16:17:35.330 | DEBUG    | engine.backtest:_open_position:190 - 开仓: long 0.3254096829279751 @ 3076.70764, 手续费: 0.6007
2025-12-20 16:17:35.476 | DEBUG    | engine.backtest:_close_position:231 - 平仓: 3118.0881600000002, PnL: 13.4656, 手续费: 0.6088
2025-12-20 16:17:35.493 | DEBUG    | engine.backtest:_open_position:190 - 开仓: short 0.3203003738716829 @ 3128.98707, 手续费: 0.6013
2025-12-20 16:17:35.553 | DEBUG    | engine.backtest:_close_position:231 - 平仓: 3103.1102800000003, PnL: 8.2883, 手续费: 0.5964
2025-12-20 16:17:35.713 | DEBUG    | engine.backtest:_open_position:190 - 开仓: long 0.325055911436998 @ 3086.00857, 手续费: 0.6019
2025-12-20 16:17:35.843 | DEBUG    | engine.backtest:_close_position:231 - 平仓: 3108.7890899999998, PnL: 7.4049, 手续费: 0.6063
2025-12-20 16:17:35.890 | DEBUG    | engine.backtest:_open_position:190 - 开仓: short 0.3198357873978117 @ 3137.6862, 手续费: 0.6021
2025-12-20 16:17:35.968 | DEBUG    | engine.backtest:_close_position:231 - 平仓: 3050.10498, PnL: 28.0116, 手续费: 0.5853
2025-12-20 16:17:35.978 | DEBUG    | engine.backtest:_open_position:190 - 开仓: long 0.3341614202478734 @ 3011.80115, 手续费: 0.6039
2025-12-20 16:17:35.997 | DEBUG    | engine.backtest:_close_position:231 - 平仓: 2950.974873, PnL: -20.3258, 手续费: 0.5917
2025-12-20 16:17:35.997 | DEBUG    | engine.backtest:_check_stop_loss_take_profit:252 - 触发止损: 2951.27
2025-12-20 16:17:35.998 | DEBUG    | engine.backtest:_open_position:190 - 开仓: long 0.3418468036708533 @ 2937.79375, 手续费: 0.6026
2025-12-20 16:17:36.164 | DEBUG    | engine.backtest:_close_position:231 - 平仓: 2947.60521, PnL: 3.3540, 手续费: 0.6046
2025-12-20 16:17:36.194 | DEBUG    | engine.backtest:_open_position:190 - 开仓: long 0.3451748137733857 @ 2910.0909800000004, 手续费: 0.6027
2025-12-20 16:17:36.204 | DEBUG    | engine.backtest:_close_position:231 - 平仓: 2940.00597, PnL: 10.3259, 手续费: 0.6089
2025-12-20 16:17:36.440 | DEBUG    | engine.backtest:_open_position:190 - 开仓: short 0.3357382710017399 @ 2994.00057, 手续费: 0.6031
2025-12-20 16:17:36.450 | DEBUG    | engine.backtest:_close_position:231 - 平仓: 2903.79035, PnL: 30.2870, 手续费: 0.5849
2025-12-20 16:17:36.461 | DEBUG    | engine.backtest:_open_position:190 - 开仓: long 0.35212734015852404 @ 2863.48632, 手续费: 0.6050
2025-12-20 16:17:36.481 | DEBUG    | engine.backtest:_close_position:231 - 平仓: 2805.6554063999997, PnL: -20.3638, 手续费: 0.5928
2025-12-20 16:17:36.481 | DEBUG    | engine.backtest:_check_stop_loss_take_profit:252 - 触发止损: 2805.9359999999997
2025-12-20 16:17:36.481 | DEBUG    | engine.backtest:_open_position:190 - 开仓: long 0.357784715023852 @ 2812.1811900000002, 手续费: 0.6037
2025-12-20 16:17:36.637 | DEBUG    | engine.backtest:_close_position:231 - 平仓: 2851.31484, PnL: 14.0014, 手续费: 0.6121
2025-12-20 16:17:36.669 | DEBUG    | engine.backtest:_open_position:190 - 开仓: short 0.3509872486474184 @ 2869.713, 手续费: 0.6043
2025-12-20 16:17:36.679 | DEBUG    | engine.backtest:_close_position:231 - 平仓: 2927.69274, PnL: -20.3501, 手续费: 0.6165
2025-12-20 16:17:36.679 | DEBUG    | engine.backtest:_check_stop_loss_take_profit:256 - 触发止损: 2927.4
2025-12-20 16:17:36.679 | DEBUG    | engine.backtest:_open_position:190 - 开仓: short 0.339300016792136 @ 2962.20375, 手续费: 0.6030
2025-12-20 16:17:36.722 | DEBUG    | engine.backtest:_close_position:231 - 平仓: 2844.2844, PnL: 40.0100, 手续费: 0.5790
2025-12-20 16:17:36.722 | DEBUG    | engine.backtest:_check_stop_loss_take_profit:267 - 触发止盈: 2844.0
2025-12-20 16:17:37.143 | INFO     | strategies.base:on_stop:120 - 策略 BollingerBands_Strategy 停止
2025-12-20 16:17:37.144 | INFO     | engine.backtest:run:483 - 回测完成: 总收益率 0.91%
