2025-12-20 16:34:28.370 | INFO     | __main__:run_backtest:35 - ==================================================
2025-12-20 16:34:28.371 | INFO     | __main__:run_backtest:36 - 开始回测
2025-12-20 16:34:28.371 | INFO     | __main__:run_backtest:37 - ==================================================
2025-12-20 16:34:28.371 | INFO     | __main__:run_backtest:46 - 获取 ETH 30 天历史数据...
2025-12-20 16:34:29.977 | INFO     | __main__:run_backtest:59 - 获取到 721 条数据
2025-12-20 16:34:29.978 | INFO     | strategies.base:__init__:61 - 策略初始化: SMA_CrossOver
2025-12-20 16:34:29.978 | INFO     | strategies.base:__init__:61 - 策略初始化: RSI_Strategy
2025-12-20 16:34:29.979 | INFO     | strategies.base:__init__:61 - 策略初始化: MACD_Strategy
2025-12-20 16:34:29.979 | INFO     | strategies.base:__init__:61 - 策略初始化: BollingerBands_Strategy
2025-12-20 16:34:29.982 | INFO     | engine.backtest:run:382 - 开始回测: SMA_CrossOver, 数据量: 721
2025-12-20 16:34:29.982 | INFO     | strategies.base:on_init:106 - 策略 SMA_CrossOver 初始化
2025-12-20 16:34:29.982 | INFO     | strategies.base:on_start:113 - 策略 SMA_CrossOver 启动
2025-12-20 16:34:30.009 | DEBUG    | engine.backtest:_open_position:190 - 开仓: long 0.3629632318246162 @ 2755.37551, 手续费: 0.6001
2025-12-20 16:34:30.014 | DEBUG    | engine.backtest:_close_position:231 - 平仓: 2733.7266, PnL: -7.8578, 手续费: 0.5953
2025-12-20 16:34:30.014 | DEBUG    | engine.backtest:_open_position:190 - 开仓: short 0.3654333151542035 @ 2733.7266, 手续费: 0.5994
2025-12-20 16:34:30.027 | DEBUG    | engine.backtest:_close_position:231 - 平仓: 2788.9588679999997, PnL: -20.1837, 手续费: 0.6115
2025-12-20 16:34:30.027 | DEBUG    | engine.backtest:_check_stop_loss_take_profit:256 - 触发止损: 2788.68
2025-12-20 16:34:30.029 | DEBUG    | engine.backtest:_open_position:190 - 开仓: long 0.36004161146846236 @ 2769.2769, 手续费: 0.5982
2025-12-20 16:34:30.073 | DEBUG    | engine.backtest:_close_position:231 - 平仓: 2879.472024, PnL: 39.6748, 手续费: 0.6220
2025-12-20 16:34:30.073 | DEBUG    | engine.backtest:_check_stop_loss_take_profit:263 - 触发止盈: 2879.76
2025-12-20 16:34:30.091 | DEBUG    | engine.backtest:_open_position:190 - 开仓: short 0.35171346971651457 @ 2845.21545, 手续费: 0.6004
2025-12-20 16:34:30.095 | DEBUG    | engine.backtest:_close_position:231 - 平仓: 2902.700241, PnL: -20.2182, 手续费: 0.6126
2025-12-20 16:34:30.095 | DEBUG    | engine.backtest:_check_stop_loss_take_profit:256 - 触发止损: 2902.41
2025-12-20 16:34:30.095 | DEBUG    | engine.backtest:_open_position:190 - 开仓: long 0.3398297081655866 @ 2938.99387, 手续费: 0.5993
2025-12-20 16:34:30.125 | DEBUG    | engine.backtest:_close_position:231 - 平仓: 2879.6380074, PnL: -20.1709, 手续费: 0.5872
2025-12-20 16:34:30.125 | DEBUG    | engine.backtest:_check_stop_loss_take_profit:252 - 触发止损: 2879.926
2025-12-20 16:34:30.141 | DEBUG    | engine.backtest:_open_position:190 - 开仓: short 0.34422170438732735 @ 2894.7105, 手续费: 0.5979
2025-12-20 16:34:30.147 | DEBUG    | engine.backtest:_close_position:231 - 平仓: 2953.19529, PnL: -20.1317, 手续费: 0.6099
2025-12-20 16:34:30.147 | DEBUG    | engine.backtest:_check_stop_loss_take_profit:256 - 触发止损: 2952.9
2025-12-20 16:34:30.159 | DEBUG    | engine.backtest:_open_position:190 - 开仓: long 0.33605538432780374 @ 2959.2959, 手续费: 0.5967
2025-12-20 16:34:30.191 | DEBUG    | engine.backtest:_close_position:231 - 平仓: 2899.5300180000004, PnL: -20.0846, 手续费: 0.5846
2025-12-20 16:34:30.191 | DEBUG    | engine.backtest:_check_stop_loss_take_profit:252 - 触发止损: 2899.82
2025-12-20 16:34:30.196 | DEBUG    | engine.backtest:_open_position:190 - 开仓: short 0.3411356565413127 @ 2908.40913, 手续费: 0.5953
2025-12-20 16:34:30.204 | DEBUG    | engine.backtest:_close_position:231 - 平仓: 2967.1706873999997, PnL: -20.0457, 手续费: 0.6073
2025-12-20 16:34:30.205 | DEBUG    | engine.backtest:_check_stop_loss_take_profit:256 - 触发止损: 2966.874
2025-12-20 16:34:30.208 | DEBUG    | engine.backtest:_open_position:190 - 开仓: long 0.3264652496780963 @ 3033.20329, 手续费: 0.5941
2025-12-20 16:34:30.281 | DEBUG    | engine.backtest:_close_position:231 - 平仓: 3037.19625, PnL: 1.3036, 手续费: 0.5949
2025-12-20 16:34:30.281 | DEBUG    | engine.backtest:_open_position:190 - 开仓: short 0.32597461911010545 @ 3037.19625, 手续费: 0.5940
2025-12-20 16:34:30.325 | DEBUG    | engine.backtest:_close_position:231 - 平仓: 3059.3059, PnL: -7.2072, 手续费: 0.5984
2025-12-20 16:34:30.325 | DEBUG    | engine.backtest:_open_position:190 - 开仓: long 0.32340894042995416 @ 3059.3059, 手续费: 0.5936
2025-12-20 16:34:30.390 | DEBUG    | engine.backtest:_close_position:231 - 平仓: 2997.520218, PnL: -19.9820, 手续费: 0.5817
2025-12-20 16:34:30.390 | DEBUG    | engine.backtest:_check_stop_loss_take_profit:252 - 触发止损: 2997.82
2025-12-20 16:34:30.391 | DEBUG    | engine.backtest:_open_position:190 - 开仓: short 0.32839633234997573 @ 3005.79939, 手续费: 0.5923
2025-12-20 16:34:30.491 | DEBUG    | engine.backtest:_close_position:231 - 平仓: 3009.00087, PnL: -1.0514, 手续费: 0.5929
2025-12-20 16:34:30.491 | DEBUG    | engine.backtest:_open_position:190 - 开仓: long 0.32803821083775075 @ 3009.00087, 手续费: 0.5922
2025-12-20 16:34:30.550 | DEBUG    | engine.backtest:_close_position:231 - 平仓: 2948.2311474, PnL: -19.9348, 手续费: 0.5803
2025-12-20 16:34:30.551 | DEBUG    | engine.backtest:_check_stop_loss_take_profit:252 - 触发止损: 2948.526
2025-12-20 16:34:30.555 | DEBUG    | engine.backtest:_open_position:190 - 开仓: short 0.3455156588044161 @ 2850.11496, 手续费: 0.5909
2025-12-20 16:34:30.613 | DEBUG    | engine.backtest:_close_position:231 - 平仓: 2736.6576384, PnL: 39.2013, 手续费: 0.5673
2025-12-20 16:34:30.614 | DEBUG    | engine.backtest:_check_stop_loss_take_profit:267 - 触发止盈: 2736.384
2025-12-20 16:34:30.690 | DEBUG    | engine.backtest:_open_position:190 - 开仓: long 0.353510259567738 @ 2796.9796699999997, 手续费: 0.5933
2025-12-20 16:34:30.719 | DEBUG    | engine.backtest:_close_position:231 - 平仓: 2908.2771432, PnL: 39.3448, 手续费: 0.6169
2025-12-20 16:34:30.719 | DEBUG    | engine.backtest:_check_stop_loss_take_profit:263 - 触发止盈: 2908.5679999999998
2025-12-20 16:34:30.993 | DEBUG    | engine.backtest:_open_position:190 - 开仓: short 0.3160247128763233 @ 3140.18595, 手续费: 0.5954
2025-12-20 16:34:31.106 | DEBUG    | engine.backtest:_close_position:231 - 平仓: 3015.181488, PnL: 39.5045, 手续费: 0.5717
2025-12-20 16:34:31.107 | DEBUG    | engine.backtest:_check_stop_loss_take_profit:267 - 触发止盈: 3014.88
2025-12-20 16:34:31.261 | DEBUG    | engine.backtest:_open_position:190 - 开仓: long 0.32764711451448286 @ 3041.10408, 手续费: 0.5978
2025-12-20 16:34:31.381 | DEBUG    | engine.backtest:_close_position:231 - 平仓: 3029.89698, PnL: -3.6720, 手续费: 0.5956
2025-12-20 16:34:31.381 | DEBUG    | engine.backtest:_open_position:190 - 开仓: short 0.3286326973992347 @ 3029.89698, 手续费: 0.5974
2025-12-20 16:34:31.407 | DEBUG    | engine.backtest:_close_position:231 - 平仓: 3091.1130803999995, PnL: -20.1176, 手续费: 0.6095
2025-12-20 16:34:31.407 | DEBUG    | engine.backtest:_check_stop_loss_take_profit:256 - 触发止损: 3090.8039999999996
2025-12-20 16:34:31.414 | DEBUG    | engine.backtest:_open_position:190 - 开仓: long 0.31759471509731274 @ 3129.11288, 手续费: 0.5963
2025-12-20 16:34:31.440 | DEBUG    | engine.backtest:_close_position:231 - 平仓: 3065.9173776000002, PnL: -20.0706, 手续费: 0.5842
2025-12-20 16:34:31.440 | DEBUG    | engine.backtest:_check_stop_loss_take_profit:252 - 触发止损: 3066.224
2025-12-20 16:34:31.648 | DEBUG    | engine.backtest:_open_position:190 - 开仓: short 0.31897485630389094 @ 3108.28914, 手续费: 0.5949
2025-12-20 16:34:31.719 | DEBUG    | engine.backtest:_close_position:231 - 平仓: 3171.0890772, PnL: -20.0316, 手续费: 0.6069
2025-12-20 16:34:31.720 | DEBUG    | engine.backtest:_check_stop_loss_take_profit:256 - 触发止损: 3170.772
2025-12-20 16:34:31.720 | DEBUG    | engine.backtest:_open_position:190 - 开仓: long 0.30489396659249923 @ 3245.52452, 手续费: 0.5937
2025-12-20 16:34:31.727 | DEBUG    | engine.backtest:_close_position:231 - 平仓: 3374.6704992, PnL: 39.3758, 手续费: 0.6174
2025-12-20 16:34:31.727 | DEBUG    | engine.backtest:_check_stop_loss_take_profit:263 - 触发止盈: 3375.008
2025-12-20 16:34:31.994 | DEBUG    | engine.backtest:_open_position:190 - 开仓: short 0.311112690572453 @ 3192.2807399999997, 手续费: 0.5959
2025-12-20 16:34:32.139 | DEBUG    | engine.backtest:_close_position:231 - 平仓: 3256.7776452, PnL: -20.0658, 手续费: 0.6079
2025-12-20 16:34:32.139 | DEBUG    | engine.backtest:_check_stop_loss_take_profit:256 - 触发止损: 3256.4519999999998
2025-12-20 16:34:32.190 | DEBUG    | engine.backtest:_open_position:190 - 开仓: long 0.3051982793891374 @ 3247.82475, 手续费: 0.5947
2025-12-20 16:34:32.291 | DEBUG    | engine.backtest:_close_position:231 - 平仓: 3182.231745, PnL: -20.0189, 手续费: 0.5827
2025-12-20 16:34:32.291 | DEBUG    | engine.backtest:_check_stop_loss_take_profit:252 - 触发止损: 3182.55
2025-12-20 16:34:32.300 | DEBUG    | engine.backtest:_open_position:190 - 开仓: short 0.3220697468278327 @ 3070.49292, 手续费: 0.5933
2025-12-20 16:34:32.435 | DEBUG    | engine.backtest:_close_position:231 - 平仓: 3132.5292216000003, PnL: -19.9800, 手续费: 0.6053
2025-12-20 16:34:32.435 | DEBUG    | engine.backtest:_check_stop_loss_take_profit:256 - 触发止损: 3132.2160000000003
2025-12-20 16:34:32.513 | DEBUG    | engine.backtest:_open_position:190 - 开仓: long 0.31806558869976187 @ 3103.1102800000003, 手续费: 0.5922
2025-12-20 16:34:32.675 | DEBUG    | engine.backtest:_close_position:231 - 平仓: 3085.3914299999997, PnL: -5.6358, 手续费: 0.5888
2025-12-20 16:34:32.675 | DEBUG    | engine.backtest:_open_position:190 - 开仓: short 0.31960729559115086 @ 3085.3914299999997, 手续费: 0.5917
2025-12-20 16:34:32.813 | DEBUG    | engine.backtest:_close_position:231 - 平仓: 3147.7287413999998, PnL: -19.9235, 手续费: 0.6036
2025-12-20 16:34:32.813 | DEBUG    | engine.backtest:_check_stop_loss_take_profit:256 - 触发止损: 3147.4139999999998
2025-12-20 16:34:32.860 | DEBUG    | engine.backtest:_open_position:190 - 开仓: long 0.3144191050875913 @ 3130.21299, 手续费: 0.5905
2025-12-20 16:34:32.926 | DEBUG    | engine.backtest:_close_position:231 - 平仓: 3066.9952698, PnL: -19.8769, 手续费: 0.5786
2025-12-20 16:34:32.926 | DEBUG    | engine.backtest:_check_stop_loss_take_profit:252 - 触发止损: 3067.302
2025-12-20 16:34:32.955 | DEBUG    | engine.backtest:_open_position:190 - 开仓: short 0.334296428892613 @ 2937.20625, 手续费: 0.5891
2025-12-20 16:34:33.228 | DEBUG    | engine.backtest:_close_position:231 - 平仓: 2953.79535, PnL: -5.5457, 手续费: 0.5925
2025-12-20 16:34:33.228 | DEBUG    | engine.backtest:_open_position:190 - 开仓: long 0.3322576711479085 @ 2953.79535, 手续费: 0.5889
2025-12-20 16:34:33.338 | DEBUG    | engine.backtest:_close_position:231 - 平仓: 2922.40773, PnL: -10.4288, 手续费: 0.5826
2025-12-20 16:34:33.339 | DEBUG    | engine.backtest:_open_position:190 - 开仓: short 0.33536216825877 @ 2922.40773, 手续费: 0.5880
2025-12-20 16:34:33.389 | DEBUG    | engine.backtest:_close_position:231 - 平仓: 2981.4521154, PnL: -19.8013, 手续费: 0.5999
2025-12-20 16:34:33.390 | DEBUG    | engine.backtest:_check_stop_loss_take_profit:256 - 触发止损: 2981.154
2025-12-20 16:34:33.643 | DEBUG    | engine.backtest:_open_position:190 - 开仓: long 0.33163708394969854 @ 2949.4949199999996, 手续费: 0.5869
2025-12-20 16:34:33.675 | DEBUG    | engine.backtest:_close_position:231 - 平仓: 2889.9269784, PnL: -19.7549, 手续费: 0.5750
2025-12-20 16:34:33.675 | DEBUG    | engine.backtest:_check_stop_loss_take_profit:252 - 触发止损: 2890.216
2025-12-20 16:34:33.750 | DEBUG    | engine.backtest:_open_position:190 - 开仓: short 0.34491532372367817 @ 2829.31704, 手续费: 0.5855
2025-12-20 16:34:33.783 | DEBUG    | engine.backtest:_close_position:231 - 平仓: 2886.4806192, PnL: -19.7166, 手续费: 0.5974
2025-12-20 16:34:33.783 | DEBUG    | engine.backtest:_check_stop_loss_take_profit:256 - 触发止损: 2886.192
2025-12-20 16:34:33.814 | DEBUG    | engine.backtest:_open_position:190 - 开仓: long 0.33051057238648773 @ 2946.89466, 手续费: 0.5844
2025-12-20 16:34:34.104 | DEBUG    | engine.backtest:_close_position:231 - 平仓: 2986.20135, PnL: 12.9913, 手续费: 0.5922
2025-12-20 16:34:34.104 | INFO     | strategies.base:on_stop:120 - 策略 SMA_CrossOver 停止
2025-12-20 16:34:34.106 | INFO     | engine.backtest:run:483 - 回测完成: 总收益率 -2.49%
2025-12-20 16:34:34.106 | INFO     | engine.backtest:run:382 - 开始回测: RSI_Strategy, 数据量: 721
2025-12-20 16:34:34.106 | INFO     | strategies.base:on_init:106 - 策略 RSI_Strategy 初始化
2025-12-20 16:34:34.106 | INFO     | strategies.base:on_start:113 - 策略 RSI_Strategy 启动
2025-12-20 16:34:34.178 | DEBUG    | engine.backtest:_open_position:190 - 开仓: short 0.3559732308130429 @ 2808.9190799999997, 手续费: 0.5999
2025-12-20 16:34:34.221 | DEBUG    | engine.backtest:_close_position:231 - 平仓: 2865.6705384, PnL: -20.2020, 手续费: 0.6121
2025-12-20 16:34:34.222 | DEBUG    | engine.backtest:_check_stop_loss_take_profit:256 - 触发止损: 2865.384
2025-12-20 16:34:34.257 | DEBUG    | engine.backtest:_open_position:190 - 开仓: short 0.33735373064674257 @ 2957.60421, 手续费: 0.5987
2025-12-20 16:34:34.289 | DEBUG    | engine.backtest:_close_position:231 - 平仓: 2870.58703, PnL: 29.3556, 手续费: 0.5810
2025-12-20 16:34:34.292 | DEBUG    | engine.backtest:_open_position:190 - 开仓: long 0.34609905135643887 @ 2891.5891300000003, 手续费: 0.6005
2025-12-20 16:34:34.326 | DEBUG    | engine.backtest:_close_position:231 - 平仓: 2969.20305, PnL: 26.8621, 手续费: 0.6166
2025-12-20 16:34:34.329 | DEBUG    | engine.backtest:_open_position:190 - 开仓: short 0.3390472094350982 @ 2958.7041, 手续费: 0.6019
2025-12-20 16:34:34.367 | DEBUG    | engine.backtest:_close_position:231 - 平仓: 2901.0900800000004, PnL: 19.5339, 手续费: 0.5902
2025-12-20 16:34:34.370 | DEBUG    | engine.backtest:_open_position:190 - 开仓: long 0.34257298312045875 @ 2934.19339, 手续费: 0.6031
2025-12-20 16:34:34.385 | DEBUG    | engine.backtest:_close_position:231 - 平仓: 3032.5967100000003, PnL: 33.7103, 手续费: 0.6233
2025-12-20 16:34:34.389 | DEBUG    | engine.backtest:_open_position:190 - 开仓: short 0.3326701627846245 @ 3030.6969, 手续费: 0.6049
2025-12-20 16:34:34.536 | DEBUG    | engine.backtest:_close_position:231 - 平仓: 3091.929162, PnL: -20.3701, 手续费: 0.6172
2025-12-20 16:34:34.536 | DEBUG    | engine.backtest:_check_stop_loss_take_profit:256 - 触发止损: 3091.62
2025-12-20 16:34:34.618 | DEBUG    | engine.backtest:_open_position:190 - 开仓: long 0.3355446007613397 @ 2998.89986, 手续费: 0.6038
2025-12-20 16:34:34.727 | DEBUG    | engine.backtest:_close_position:231 - 平仓: 3047.09526, PnL: 16.1717, 手续费: 0.6135
2025-12-20 16:34:34.732 | DEBUG    | engine.backtest:_open_position:190 - 开仓: short 0.33185992899716166 @ 3036.09636, 手续费: 0.6045
2025-12-20 16:34:34.776 | DEBUG    | engine.backtest:_close_position:231 - 平仓: 2915.2354944, PnL: 40.1089, 手续费: 0.5805
2025-12-20 16:34:34.776 | DEBUG    | engine.backtest:_check_stop_loss_take_profit:267 - 触发止盈: 2914.944
2025-12-20 16:34:34.843 | DEBUG    | engine.backtest:_open_position:190 - 开仓: long 0.35913934379061224 @ 2816.88166, 手续费: 0.6070
2025-12-20 16:34:34.848 | DEBUG    | engine.backtest:_close_position:231 - 平仓: 2759.9919732, PnL: -20.4313, 手续费: 0.5947
2025-12-20 16:34:34.848 | DEBUG    | engine.backtest:_check_stop_loss_take_profit:252 - 触发止损: 2760.268
2025-12-20 16:34:34.874 | DEBUG    | engine.backtest:_open_position:190 - 开仓: long 0.36614501260803684 @ 2757.0756800000004, 手续费: 0.6057
2025-12-20 16:34:34.919 | DEBUG    | engine.backtest:_close_position:231 - 平仓: 2802.11976, PnL: 16.4927, 手续费: 0.6156
2025-12-20 16:34:35.044 | DEBUG    | engine.backtest:_open_position:190 - 开仓: short 0.33064555144263735 @ 3057.0942600000003, 手续费: 0.6065
2025-12-20 16:34:35.094 | DEBUG    | engine.backtest:_close_position:231 - 平仓: 3118.8598548000004, PnL: -20.4225, 手续费: 0.6187
2025-12-20 16:34:35.094 | DEBUG    | engine.backtest:_check_stop_loss_take_profit:256 - 触发止损: 3118.5480000000002
2025-12-20 16:34:35.117 | DEBUG    | engine.backtest:_open_position:190 - 开仓: short 0.32399259160436755 @ 3113.18865, 手续费: 0.6052
2025-12-20 16:34:35.139 | DEBUG    | engine.backtest:_close_position:231 - 平仓: 3176.087577, PnL: -20.3788, 手续费: 0.6174
2025-12-20 16:34:35.139 | DEBUG    | engine.backtest:_check_stop_loss_take_profit:256 - 触发止损: 3175.77
2025-12-20 16:34:35.191 | DEBUG    | engine.backtest:_open_position:190 - 开仓: short 0.31564465179967577 @ 3188.6811, 手续费: 0.6039
2025-12-20 16:34:35.394 | DEBUG    | engine.backtest:_close_position:231 - 平仓: 3061.746144, PnL: 40.0663, 手续费: 0.5799
2025-12-20 16:34:35.394 | DEBUG    | engine.backtest:_check_stop_loss_take_profit:267 - 触发止盈: 3061.44
2025-12-20 16:34:35.466 | DEBUG    | engine.backtest:_open_position:190 - 开仓: long 0.33258040804136746 @ 3038.60383, 手续费: 0.6063
2025-12-20 16:34:35.700 | DEBUG    | engine.backtest:_close_position:231 - 平仓: 2977.2362466, PnL: -20.4097, 手续费: 0.5941
2025-12-20 16:34:35.700 | DEBUG    | engine.backtest:_check_stop_loss_take_profit:252 - 触发止损: 2977.534
2025-12-20 16:34:35.708 | DEBUG    | engine.backtest:_open_position:190 - 开仓: long 0.33308603433089173 @ 3027.50272, 手续费: 0.6051
2025-12-20 16:34:35.729 | DEBUG    | engine.backtest:_close_position:231 - 平仓: 3147.9731712, PnL: 40.1270, 手续费: 0.6291
2025-12-20 16:34:35.729 | DEBUG    | engine.backtest:_check_stop_loss_take_profit:263 - 触发止盈: 3148.288
2025-12-20 16:34:35.811 | DEBUG    | engine.backtest:_open_position:190 - 开仓: short 0.32326498713733365 @ 3130.88688, 手续费: 0.6073
2025-12-20 16:34:36.068 | DEBUG    | engine.backtest:_close_position:231 - 平仓: 3194.1433823999996, PnL: -20.4486, 手续费: 0.6195
2025-12-20 16:34:36.070 | DEBUG    | engine.backtest:_check_stop_loss_take_profit:256 - 触发止损: 3193.8239999999996
2025-12-20 16:34:36.203 | DEBUG    | engine.backtest:_open_position:190 - 开仓: short 0.30399078638155813 @ 3322.26774, 手续费: 0.6060
2025-12-20 16:34:36.307 | DEBUG    | engine.backtest:_close_position:231 - 平仓: 3389.3909052, PnL: -20.4048, 手续费: 0.6182
2025-12-20 16:34:36.307 | DEBUG    | engine.backtest:_check_stop_loss_take_profit:256 - 触发止损: 3389.0519999999997
2025-12-20 16:34:36.390 | DEBUG    | engine.backtest:_open_position:190 - 开仓: long 0.31349203344032334 @ 3215.3215, 手续费: 0.6048
2025-12-20 16:34:36.473 | DEBUG    | engine.backtest:_close_position:231 - 平仓: 3150.3849299999997, PnL: -20.3571, 手续费: 0.5926
2025-12-20 16:34:36.473 | DEBUG    | engine.backtest:_check_stop_loss_take_profit:252 - 触发止损: 3150.7
2025-12-20 16:34:36.491 | DEBUG    | engine.backtest:_open_position:190 - 开仓: long 0.31665295232456914 @ 3176.41761, 手续费: 0.6035
2025-12-20 16:34:36.689 | DEBUG    | engine.backtest:_close_position:231 - 平仓: 3112.2667422, PnL: -20.3136, 手续费: 0.5913
2025-12-20 16:34:36.689 | DEBUG    | engine.backtest:_check_stop_loss_take_profit:252 - 触发止损: 3112.578
2025-12-20 16:34:36.815 | DEBUG    | engine.backtest:_open_position:190 - 开仓: long 0.3246750585188537 @ 3091.3091, 手续费: 0.6022
2025-12-20 16:34:36.833 | DEBUG    | engine.backtest:_close_position:231 - 平仓: 3095.89038, PnL: 1.4874, 手续费: 0.6031
2025-12-20 16:34:36.879 | DEBUG    | engine.backtest:_open_position:190 - 开仓: short 0.3219965409573254 @ 3116.4883200000004, 手续费: 0.6021
2025-12-20 16:34:37.091 | DEBUG    | engine.backtest:_close_position:231 - 平仓: 3086.00857, PnL: 9.8144, 手续费: 0.5962
2025-12-20 16:34:37.101 | DEBUG    | engine.backtest:_open_position:190 - 开仓: long 0.324050851795362 @ 3100.0099699999996, 手续费: 0.6027
2025-12-20 16:34:37.205 | DEBUG    | engine.backtest:_close_position:231 - 平仓: 3037.4022293999997, PnL: -20.2881, 手续费: 0.5906
2025-12-20 16:34:37.205 | DEBUG    | engine.backtest:_check_stop_loss_take_profit:252 - 触发止损: 3037.7059999999997
2025-12-20 16:34:37.351 | DEBUG    | engine.backtest:_open_position:190 - 开仓: short 0.328648529780307 @ 3049.4950200000003, 手续费: 0.6013
2025-12-20 16:34:37.371 | DEBUG    | engine.backtest:_close_position:231 - 平仓: 2989.69894, PnL: 19.6519, 手续费: 0.5895
2025-12-20 16:34:37.511 | DEBUG    | engine.backtest:_open_position:190 - 开仓: long 0.34087799211381703 @ 2946.0945800000004, 手续费: 0.6026
2025-12-20 16:34:37.591 | DEBUG    | engine.backtest:_close_position:231 - 平仓: 2886.5953116, PnL: -20.2820, 手续费: 0.5904
2025-12-20 16:34:37.591 | DEBUG    | engine.backtest:_check_stop_loss_take_profit:252 - 触发止损: 2886.884
2025-12-20 16:34:37.925 | DEBUG    | engine.backtest:_open_position:190 - 开仓: long 0.35356771203856974 @ 2834.2834, 手续费: 0.6013
2025-12-20 16:34:38.065 | DEBUG    | engine.backtest:_close_position:231 - 平仓: 2857.21425, PnL: 8.1076, 手续费: 0.6061
2025-12-20 16:34:38.076 | DEBUG    | engine.backtest:_open_position:190 - 开仓: short 0.3493731417930786 @ 2869.713, 手续费: 0.6016
2025-12-20 16:34:38.086 | DEBUG    | engine.backtest:_close_position:231 - 平仓: 2927.69274, PnL: -20.2566, 手续费: 0.6137
2025-12-20 16:34:38.086 | DEBUG    | engine.backtest:_check_stop_loss_take_profit:256 - 触发止损: 2927.4
2025-12-20 16:34:38.131 | DEBUG    | engine.backtest:_open_position:190 - 开仓: short 0.3517379361183516 @ 2844.31554, 手续费: 0.6003
2025-12-20 16:34:38.240 | DEBUG    | engine.backtest:_close_position:231 - 平仓: 2901.7821492, PnL: -20.2132, 手续费: 0.6124
2025-12-20 16:34:38.240 | DEBUG    | engine.backtest:_check_stop_loss_take_profit:256 - 触发止损: 2901.4919999999997
2025-12-20 16:34:38.397 | DEBUG    | engine.backtest:_open_position:190 - 开仓: short 0.33971117631785436 @ 2938.7061, 手续费: 0.5990
2025-12-20 16:34:38.430 | DEBUG    | engine.backtest:_close_position:231 - 平仓: 2998.0797780000003, PnL: -20.1699, 手续费: 0.6111
2025-12-20 16:34:38.430 | DEBUG    | engine.backtest:_check_stop_loss_take_profit:256 - 触发止损: 2997.78
2025-12-20 16:34:38.567 | INFO     | strategies.base:on_stop:120 - 策略 RSI_Strategy 停止
2025-12-20 16:34:38.568 | INFO     | engine.backtest:run:483 - 回测完成: 总收益率 -0.37%
2025-12-20 16:34:38.568 | INFO     | engine.backtest:run:382 - 开始回测: MACD_Strategy, 数据量: 721
2025-12-20 16:34:38.568 | INFO     | strategies.base:on_init:106 - 策略 MACD_Strategy 初始化
2025-12-20 16:34:38.568 | INFO     | strategies.base:on_start:113 - 策略 MACD_Strategy 启动
2025-12-20 16:34:38.578 | DEBUG    | engine.backtest:_open_position:190 - 开仓: long 0.3611020835590221 @ 2769.57693, 手续费: 0.6001
2025-12-20 16:34:38.579 | DEBUG    | engine.backtest:_close_position:231 - 平仓: 2713.6426086, PnL: -20.1980, 手续费: 0.5879
2025-12-20 16:34:38.579 | DEBUG    | engine.backtest:_check_stop_loss_take_profit:252 - 触发止损: 2713.914
2025-12-20 16:34:38.642 | DEBUG    | engine.backtest:_open_position:190 - 开仓: short 0.3566720519998571 @ 2797.4202299999997, 手续费: 0.5987
2025-12-20 16:34:38.652 | DEBUG    | engine.backtest:_close_position:231 - 平仓: 2837.68374, PnL: -14.3609, 手续费: 0.6073
2025-12-20 16:34:38.652 | DEBUG    | engine.backtest:_open_position:190 - 开仓: long 0.3511329808842551 @ 2837.68374, 手续费: 0.5978
2025-12-20 16:34:38.654 | DEBUG    | engine.backtest:_close_position:231 - 平仓: 2800.31994, PnL: -13.1197, 手续费: 0.5900
2025-12-20 16:34:38.654 | DEBUG    | engine.backtest:_open_position:190 - 开仓: short 0.35523601098749036 @ 2800.31994, 手续费: 0.5969
2025-12-20 16:34:38.659 | DEBUG    | engine.backtest:_close_position:231 - 平仓: 2856.8976612, PnL: -20.0984, 手续费: 0.6089
2025-12-20 16:34:38.659 | DEBUG    | engine.backtest:_check_stop_loss_take_profit:256 - 触发止损: 2856.612
2025-12-20 16:34:38.661 | DEBUG    | engine.backtest:_open_position:190 - 开仓: long 0.3476966759343459 @ 2855.4855199999997, 手续费: 0.5957
2025-12-20 16:34:38.663 | DEBUG    | engine.backtest:_close_position:231 - 平仓: 2823.41763, PnL: -11.1499, 手续费: 0.5890
2025-12-20 16:34:38.663 | DEBUG    | engine.backtest:_open_position:190 - 开仓: short 0.3511386078928813 @ 2823.41763, 手续费: 0.5948
2025-12-20 16:34:38.665 | DEBUG    | engine.backtest:_close_position:231 - 平仓: 2880.4620174, PnL: -20.0305, 手续费: 0.6069
2025-12-20 16:34:38.665 | DEBUG    | engine.backtest:_check_stop_loss_take_profit:256 - 触发止损: 2880.174
2025-12-20 16:34:38.665 | DEBUG    | engine.backtest:_open_position:190 - 开仓: long 0.3452634238161699 @ 2865.88656, 手续费: 0.5937
2025-12-20 16:34:38.672 | DEBUG    | engine.backtest:_close_position:231 - 平仓: 2808.0071712, PnL: -19.9836, 手续费: 0.5817
2025-12-20 16:34:38.672 | DEBUG    | engine.backtest:_check_stop_loss_take_profit:252 - 触发止损: 2808.288
2025-12-20 16:34:38.673 | DEBUG    | engine.backtest:_open_position:190 - 开仓: short 0.35305069532774597 @ 2796.12036, 手续费: 0.5923
2025-12-20 16:34:38.684 | DEBUG    | engine.backtest:_close_position:231 - 平仓: 2852.6132328, PnL: -19.9448, 手续费: 0.6043
2025-12-20 16:34:38.684 | DEBUG    | engine.backtest:_check_stop_loss_take_profit:256 - 触发止损: 2852.328
2025-12-20 16:34:38.686 | DEBUG    | engine.backtest:_open_position:190 - 开仓: long 0.34474972783204055 @ 2857.88576, 手续费: 0.5912
2025-12-20 16:34:38.692 | DEBUG    | engine.backtest:_close_position:231 - 平仓: 2971.6068096, PnL: 39.2053, 手续费: 0.6147
2025-12-20 16:34:38.692 | DEBUG    | engine.backtest:_check_stop_loss_take_profit:263 - 触发止盈: 2971.904
2025-12-20 16:34:38.709 | DEBUG    | engine.backtest:_open_position:190 - 开仓: short 0.33966093192199154 @ 2911.3088399999997, 手续费: 0.5933
2025-12-20 16:34:38.749 | DEBUG    | engine.backtest:_close_position:231 - 平仓: 2930.59303, PnL: -6.5501, 手续费: 0.5972
2025-12-20 16:34:38.749 | DEBUG    | engine.backtest:_open_position:190 - 开仓: long 0.33722919320185396 @ 2930.59303, 手续费: 0.5930
2025-12-20 16:34:38.767 | DEBUG    | engine.backtest:_close_position:231 - 平仓: 2929.9069799999997, PnL: -0.2314, 手续费: 0.5928
2025-12-20 16:34:38.767 | DEBUG    | engine.backtest:_open_position:190 - 开仓: short 0.3371923381780033 @ 2929.9069799999997, 手续费: 0.5928
2025-12-20 16:34:38.802 | DEBUG    | engine.backtest:_close_position:231 - 平仓: 2989.1028804, PnL: -19.9604, 手续费: 0.6047
2025-12-20 16:34:38.802 | DEBUG    | engine.backtest:_check_stop_loss_take_profit:256 - 触发止损: 2988.8039999999996
2025-12-20 16:34:38.802 | DEBUG    | engine.backtest:_open_position:190 - 开仓: long 0.32578567829893623 @ 3026.6026300000003, 手续费: 0.5916
2025-12-20 16:34:38.839 | DEBUG    | engine.backtest:_close_position:231 - 平仓: 3026.19735, PnL: -0.1320, 手续费: 0.5915
2025-12-20 16:34:38.839 | DEBUG    | engine.backtest:_open_position:190 - 开仓: short 0.3257206938249711 @ 3026.19735, 手续费: 0.5914
2025-12-20 16:34:38.920 | DEBUG    | engine.backtest:_close_position:231 - 平仓: 3063.70634, PnL: -12.2175, 手续费: 0.5987
2025-12-20 16:34:38.920 | DEBUG    | engine.backtest:_open_position:190 - 开仓: long 0.32135957366886914 @ 3063.70634, 手续费: 0.5907
2025-12-20 16:34:38.950 | DEBUG    | engine.backtest:_close_position:231 - 平仓: 3030.2969399999997, PnL: -10.7364, 手续费: 0.5843
2025-12-20 16:34:38.950 | DEBUG    | engine.backtest:_open_position:190 - 开仓: short 0.32444458950221094 @ 3030.2969399999997, 手续费: 0.5899
2025-12-20 16:34:39.063 | DEBUG    | engine.backtest:_close_position:231 - 平仓: 2988.19879, PnL: 13.6585, 手续费: 0.5817
2025-12-20 16:34:39.063 | DEBUG    | engine.backtest:_open_position:190 - 开仓: long 0.32949913469070696 @ 2988.19879, 手续费: 0.5908
2025-12-20 16:34:39.161 | DEBUG    | engine.backtest:_close_position:231 - 平仓: 2989.90098, PnL: 0.5609, 手续费: 0.5911
2025-12-20 16:34:39.162 | DEBUG    | engine.backtest:_open_position:190 - 开仓: short 0.32922492302638373 @ 2989.90098, 手续费: 0.5906
2025-12-20 16:34:39.165 | DEBUG    | engine.backtest:_close_position:231 - 平仓: 2870.8790591999996, PnL: 39.1850, 手续费: 0.5671
2025-12-20 16:34:39.165 | DEBUG    | engine.backtest:_check_stop_loss_take_profit:267 - 触发止盈: 2870.5919999999996
2025-12-20 16:34:39.259 | DEBUG    | engine.backtest:_open_position:190 - 开仓: long 0.3540215268541784 @ 2791.77915, 手续费: 0.5930
2025-12-20 16:34:39.339 | DEBUG    | engine.backtest:_close_position:231 - 平仓: 2902.869684, PnL: 39.3284, 手续费: 0.6166
2025-12-20 16:34:39.339 | DEBUG    | engine.backtest:_check_stop_loss_take_profit:263 - 触发止盈: 2903.16
2025-12-20 16:34:39.435 | DEBUG    | engine.backtest:_open_position:190 - 开仓: short 0.3242883677312713 @ 3058.89408, 手续费: 0.5952
2025-12-20 16:34:39.461 | DEBUG    | engine.backtest:_close_position:231 - 平仓: 3120.6960384, PnL: -20.0417, 手续费: 0.6072
2025-12-20 16:34:39.461 | DEBUG    | engine.backtest:_check_stop_loss_take_profit:256 - 触发止损: 3120.384
2025-12-20 16:34:39.492 | DEBUG    | engine.backtest:_open_position:190 - 开仓: long 0.31560880277712405 @ 3136.9136599999997, 手续费: 0.5940
2025-12-20 16:34:39.540 | DEBUG    | engine.backtest:_close_position:231 - 平仓: 3183.0816600000003, PnL: 14.5710, 手续费: 0.6028
2025-12-20 16:34:39.540 | DEBUG    | engine.backtest:_open_position:190 - 开仓: short 0.3113890792052517 @ 3183.0816600000003, 手续费: 0.5947
2025-12-20 16:34:39.739 | DEBUG    | engine.backtest:_close_position:231 - 平仓: 3056.3696064000005, PnL: 39.4567, 手续费: 0.5710
2025-12-20 16:34:39.739 | DEBUG    | engine.backtest:_check_stop_loss_take_profit:267 - 触发止盈: 3056.0640000000003
2025-12-20 16:34:39.804 | DEBUG    | engine.backtest:_open_position:190 - 开仓: long 0.3275203554265194 @ 3038.60383, 手续费: 0.5971
2025-12-20 16:34:39.989 | DEBUG    | engine.backtest:_close_position:231 - 平仓: 3029.89698, PnL: -2.8517, 手续费: 0.5954
2025-12-20 16:34:39.989 | DEBUG    | engine.backtest:_open_position:190 - 开仓: short 0.3282623837961843 @ 3029.89698, 手续费: 0.5968
2025-12-20 16:34:40.008 | DEBUG    | engine.backtest:_close_position:231 - 平仓: 3048.3048, PnL: -6.0426, 手续费: 0.6004
2025-12-20 16:34:40.008 | DEBUG    | engine.backtest:_open_position:190 - 开仓: long 0.32610784159826073 @ 3048.3048, 手续费: 0.5964
2025-12-20 16:34:40.021 | DEBUG    | engine.backtest:_close_position:231 - 平仓: 2986.741296, PnL: -20.0763, 手续费: 0.5844
2025-12-20 16:34:40.021 | DEBUG    | engine.backtest:_check_stop_loss_take_profit:252 - 触发止损: 2987.04
2025-12-20 16:34:40.021 | DEBUG    | engine.backtest:_open_position:190 - 开仓: short 0.33710056163513347 @ 2942.00577, 手续费: 0.5951
2025-12-20 16:34:40.028 | DEBUG    | engine.backtest:_close_position:231 - 平仓: 3001.4461146000003, PnL: -20.0374, 手续费: 0.6071
2025-12-20 16:34:40.028 | DEBUG    | engine.backtest:_check_stop_loss_take_profit:256 - 触发止损: 3001.146
2025-12-20 16:34:40.041 | DEBUG    | engine.backtest:_open_position:190 - 开仓: long 0.3179130902884838 @ 3113.5113199999996, 手续费: 0.5939
2025-12-20 16:34:40.073 | DEBUG    | engine.backtest:_close_position:231 - 平仓: 3050.6309063999997, PnL: -19.9905, 手续费: 0.5819
2025-12-20 16:34:40.073 | DEBUG    | engine.backtest:_check_stop_loss_take_profit:252 - 触发止损: 3050.9359999999997
2025-12-20 16:34:40.183 | DEBUG    | engine.backtest:_open_position:190 - 开仓: short 0.3156414082697555 @ 3128.58711, 手续费: 0.5925
2025-12-20 16:34:40.363 | DEBUG    | engine.backtest:_close_position:231 - 平仓: 3191.7971478, PnL: -19.9517, 手续费: 0.6045
2025-12-20 16:34:40.364 | DEBUG    | engine.backtest:_check_stop_loss_take_profit:256 - 触发止损: 3191.478
2025-12-20 16:34:40.364 | DEBUG    | engine.backtest:_open_position:190 - 开仓: long 0.3036779037659202 @ 3245.52452, 手续费: 0.5914
2025-12-20 16:34:40.372 | DEBUG    | engine.backtest:_close_position:231 - 平仓: 3374.6704992, PnL: 39.2188, 手续费: 0.6149
2025-12-20 16:34:40.372 | DEBUG    | engine.backtest:_check_stop_loss_take_profit:263 - 触发止盈: 3375.008
2025-12-20 16:34:40.454 | DEBUG    | engine.backtest:_open_position:190 - 开仓: short 0.2988721751332988 @ 3309.76899, 手续费: 0.5935
2025-12-20 16:34:40.507 | DEBUG    | engine.backtest:_close_position:231 - 平仓: 3376.6396302, PnL: -19.9858, 手续费: 0.6055
2025-12-20 16:34:40.507 | DEBUG    | engine.backtest:_check_stop_loss_take_profit:256 - 触发止损: 3376.3019999999997
2025-12-20 16:34:40.576 | DEBUG    | engine.backtest:_open_position:190 - 开仓: long 0.29108282911202754 @ 3391.73914, 手续费: 0.5924
2025-12-20 16:34:40.584 | DEBUG    | engine.backtest:_close_position:231 - 平仓: 3354.6645, PnL: -10.7918, 手续费: 0.5859
2025-12-20 16:34:40.584 | DEBUG    | engine.backtest:_open_position:190 - 开仓: short 0.29388414360807974 @ 3354.6645, 手续费: 0.5915
2025-12-20 16:34:40.632 | DEBUG    | engine.backtest:_close_position:231 - 平仓: 3221.12208, PnL: 39.2460, 手续费: 0.5680
2025-12-20 16:34:40.632 | DEBUG    | engine.backtest:_check_stop_loss_take_profit:267 - 触发止盈: 3220.8
2025-12-20 16:34:40.761 | DEBUG    | engine.backtest:_open_position:190 - 开仓: long 0.3088653656039305 @ 3204.92046, 手续费: 0.5939
2025-12-20 16:34:40.935 | DEBUG    | engine.backtest:_close_position:231 - 平仓: 3140.1939491999997, PnL: -19.9918, 手续费: 0.5819
2025-12-20 16:34:40.935 | DEBUG    | engine.backtest:_check_stop_loss_take_profit:252 - 触发止损: 3140.508
2025-12-20 16:34:40.936 | DEBUG    | engine.backtest:_open_position:190 - 开仓: short 0.32104836357664707 @ 3076.09236, 手续费: 0.5925
2025-12-20 16:34:41.046 | DEBUG    | engine.backtest:_close_position:231 - 平仓: 3092.1091800000004, PnL: -5.1422, 手续费: 0.5956
2025-12-20 16:34:41.047 | DEBUG    | engine.backtest:_open_position:190 - 开仓: long 0.3192445018634741 @ 3092.1091800000004, 手续费: 0.5923
2025-12-20 16:34:41.320 | DEBUG    | engine.backtest:_close_position:231 - 平仓: 3085.3914299999997, PnL: -2.1446, 手续费: 0.5910
2025-12-20 16:34:41.320 | DEBUG    | engine.backtest:_open_position:190 - 开仓: short 0.31976775525810996 @ 3085.3914299999997, 手续费: 0.5920
2025-12-20 16:34:41.451 | DEBUG    | engine.backtest:_close_position:231 - 平仓: 3109.41091, PnL: -7.6807, 手续费: 0.5966
2025-12-20 16:34:41.451 | DEBUG    | engine.backtest:_open_position:190 - 开仓: long 0.3170758235493974 @ 3109.41091, 手续费: 0.5916
2025-12-20 16:34:41.573 | DEBUG    | engine.backtest:_close_position:231 - 平仓: 3046.6133082, PnL: -19.9116, 手续费: 0.5796
2025-12-20 16:34:41.573 | DEBUG    | engine.backtest:_check_stop_loss_take_profit:252 - 触发止损: 3046.918
2025-12-20 16:34:41.573 | DEBUG    | engine.backtest:_open_position:190 - 开仓: short 0.3225497302379627 @ 3049.4950200000003, 手续费: 0.5902
2025-12-20 16:34:41.611 | DEBUG    | engine.backtest:_close_position:231 - 平仓: 2928.1007808, PnL: 39.1557, 手续费: 0.5667
2025-12-20 16:34:41.611 | DEBUG    | engine.backtest:_check_stop_loss_take_profit:267 - 触发止盈: 2927.808
2025-12-20 16:34:41.738 | DEBUG    | engine.backtest:_open_position:190 - 开仓: long 0.3377495214705512 @ 2924.09238, 手续费: 0.5926
