2025-12-20 17:35:28.501 | INFO     | __main__:run_backtest:39 - ==================================================
2025-12-20 17:35:28.501 | INFO     | __main__:run_backtest:40 - 开始回测
2025-12-20 17:35:28.501 | INFO     | __main__:run_backtest:41 - ==================================================
2025-12-20 17:35:28.501 | INFO     | __main__:run_backtest:50 - 获取 ETH 180 天历史数据...
2025-12-20 17:35:29.678 | INFO     | __main__:run_backtest:63 - 获取到 1081 条数据
2025-12-20 17:35:29.678 | INFO     | strategies.base:__init__:61 - 策略初始化: SuperTrend_Strategy
2025-12-20 17:35:29.680 | INFO     | engine.backtest:run:382 - 开始回测: SuperTrend_Strategy, 数据量: 1081
2025-12-20 17:35:29.681 | INFO     | strategies.base:on_init:106 - 策略 SuperTrend_Strategy 初始化
2025-12-20 17:35:29.681 | INFO     | strategies.base:on_start:113 - 策略 SuperTrend_Strategy 启动
2025-12-20 17:35:29.681 | DEBUG    | engine.backtest:run:389 - 预计算指标...
2025-12-20 17:35:29.703 | DEBUG    | engine.backtest:_open_position:190 - 开仓: short 0.4163890739506996 @ 2401.35984, 手续费: 0.5999
2025-12-20 17:35:29.707 | DEBUG    | engine.backtest:_close_position:231 - 平仓: 2483.228298, PnL: -34.0891, 手续费: 0.6204
2025-12-20 17:35:29.707 | DEBUG    | engine.backtest:_check_stop_loss_take_profit:256 - 触发止损: 2482.98
2025-12-20 17:35:29.709 | DEBUG    | engine.backtest:_open_position:190 - 开仓: long 0.38278620678813624 @ 2603.4603199999997, 手续费: 0.5979
2025-12-20 17:35:29.721 | DEBUG    | engine.backtest:_close_position:231 - 平仓: 2510.1489599999995, PnL: -35.7183, 手续费: 0.5765
2025-12-20 17:35:29.721 | DEBUG    | engine.backtest:_check_stop_loss_take_profit:252 - 触发止损: 2510.3999999999996
2025-12-20 17:35:29.997 | DEBUG    | engine.backtest:_open_position:190 - 开仓: short 0.26852932790848355 @ 3696.73029, 手续费: 0.5956
2025-12-20 17:35:30.038 | DEBUG    | engine.backtest:_close_position:231 - 平仓: 3668.7668400000002, PnL: 7.5090, 手续费: 0.5911
2025-12-20 17:35:30.038 | DEBUG    | engine.backtest:_open_position:190 - 开仓: long 0.2708025318215742 @ 3668.7668400000002, 手续费: 0.5961
2025-12-20 17:35:30.048 | DEBUG    | engine.backtest:_close_position:231 - 平仓: 3553.524612, PnL: -31.2079, 手续费: 0.5774
2025-12-20 17:35:30.048 | DEBUG    | engine.backtest:_check_stop_loss_take_profit:252 - 触发止损: 3553.88
2025-12-20 17:35:30.149 | DEBUG    | engine.backtest:_open_position:190 - 开仓: short 0.2235559175774636 @ 4428.757079999999, 手续费: 0.5940
2025-12-20 17:35:30.221 | DEBUG    | engine.backtest:_close_position:231 - 平仓: 4619.26188, PnL: -42.5885, 手续费: 0.6196
2025-12-20 17:35:30.221 | DEBUG    | engine.backtest:_open_position:190 - 开仓: long 0.2134306872578503 @ 4619.26188, 手续费: 0.5915
2025-12-20 17:35:30.252 | DEBUG    | engine.backtest:_close_position:231 - 平仓: 4414.95846, PnL: -43.6046, 手续费: 0.5654
2025-12-20 17:35:30.252 | DEBUG    | engine.backtest:_open_position:190 - 开仓: short 0.2222488348917937 @ 4414.95846, 手续费: 0.5887
2025-12-20 17:35:30.412 | DEBUG    | engine.backtest:_close_position:231 - 平仓: 4406.04056, PnL: 1.9820, 手续费: 0.5875
2025-12-20 17:35:30.412 | DEBUG    | engine.backtest:_open_position:190 - 开仓: long 0.2227615029654093 @ 4406.04056, 手续费: 0.5889
2025-12-20 17:35:30.412 | DEBUG    | engine.backtest:_close_position:231 - 平仓: 4300.749882, PnL: -23.4547, 手续费: 0.5748
2025-12-20 17:35:30.412 | DEBUG    | engine.backtest:_check_stop_loss_take_profit:252 - 触发止损: 4301.18
2025-12-20 17:35:30.463 | DEBUG    | engine.backtest:_open_position:190 - 开仓: short 0.21745440362365337 @ 4501.34982, 手续费: 0.5873
2025-12-20 17:35:30.487 | DEBUG    | engine.backtest:_close_position:231 - 平仓: 4625.9025440000005, PnL: -27.0845, 手续费: 0.6036
2025-12-20 17:35:30.487 | DEBUG    | engine.backtest:_check_stop_loss_take_profit:256 - 触发止损: 4625.4400000000005
2025-12-20 17:35:30.597 | DEBUG    | engine.backtest:_open_position:190 - 开仓: long 0.23568396144680273 @ 4142.014160000001, 手续费: 0.5857
2025-12-20 17:35:30.628 | DEBUG    | engine.backtest:_close_position:231 - 平仓: 4418.418114000001, PnL: 65.1440, 手续费: 0.6248
2025-12-20 17:35:30.628 | DEBUG    | engine.backtest:_check_stop_loss_take_profit:263 - 触发止盈: 4418.860000000001
2025-12-20 17:35:30.686 | DEBUG    | engine.backtest:_open_position:190 - 开仓: short 0.2192204112670142 @ 4481.35182, 手续费: 0.5894
2025-12-20 17:35:30.718 | DEBUG    | engine.backtest:_close_position:231 - 平仓: 3933.973358, PnL: 119.9965, 手续费: 0.5174
2025-12-20 17:35:30.718 | DEBUG    | engine.backtest:_check_stop_loss_take_profit:267 - 触发止盈: 3933.5800000000004
2025-12-20 17:35:30.743 | DEBUG    | engine.backtest:_open_position:190 - 开仓: long 0.23806344355028752 @ 4177.4177, 手续费: 0.5967
2025-12-20 17:35:30.754 | DEBUG    | engine.backtest:_close_position:231 - 平仓: 3938.446116, PnL: -56.8904, 手续费: 0.5626
2025-12-20 17:35:30.754 | DEBUG    | engine.backtest:_check_stop_loss_take_profit:252 - 触发止损: 3938.84
2025-12-20 17:35:30.781 | DEBUG    | engine.backtest:_open_position:190 - 开仓: short 0.2557856706410347 @ 3864.51351, 手续费: 0.5931
2025-12-20 17:35:30.814 | DEBUG    | engine.backtest:_close_position:231 - 平仓: 4079.2878880000003, PnL: -54.9362, 手续费: 0.6261
2025-12-20 17:35:30.814 | DEBUG    | engine.backtest:_check_stop_loss_take_profit:256 - 触发止损: 4078.88
2025-12-20 17:35:30.829 | DEBUG    | engine.backtest:_open_position:190 - 开仓: long 0.2407530194212764 @ 4083.30829, 手续费: 0.5898
2025-12-20 17:35:30.831 | DEBUG    | engine.backtest:_close_position:231 - 平仓: 3915.148446, PnL: -40.4850, 手续费: 0.5656
2025-12-20 17:35:30.831 | DEBUG    | engine.backtest:_check_stop_loss_take_profit:252 - 触发止损: 3915.54
2025-12-20 17:35:30.838 | DEBUG    | engine.backtest:_open_position:190 - 开仓: short 0.25572329000410027 @ 3827.21724, 手续费: 0.5872
2025-12-20 17:35:30.858 | DEBUG    | engine.backtest:_close_position:231 - 平仓: 4019.4819079999997, PnL: -49.1666, 手续费: 0.6167
2025-12-20 17:35:30.858 | DEBUG    | engine.backtest:_check_stop_loss_take_profit:256 - 触发止损: 4019.08
2025-12-20 17:35:30.880 | DEBUG    | engine.backtest:_open_position:190 - 开仓: long 0.23896768373484886 @ 4075.30749, 手续费: 0.5843
2025-12-20 17:35:30.902 | DEBUG    | engine.backtest:_close_position:231 - 平仓: 4037.1962399999998, PnL: -9.1074, 手续费: 0.5789
2025-12-20 17:35:30.902 | DEBUG    | engine.backtest:_open_position:190 - 开仓: short 0.24092093351593097 @ 4037.1962399999998, 手续费: 0.5836
2025-12-20 17:35:30.960 | DEBUG    | engine.backtest:_close_position:231 - 平仓: 3592.279191999999, PnL: 107.1898, 手续费: 0.5193
2025-12-20 17:35:30.960 | DEBUG    | engine.backtest:_check_stop_loss_take_profit:267 - 触发止盈: 3591.919999999999
2025-12-20 17:35:31.025 | DEBUG    | engine.backtest:_open_position:190 - 开仓: long 0.2747020862635012 @ 3580.05797, 手续费: 0.5901
2025-12-20 17:35:31.044 | DEBUG    | engine.backtest:_close_position:231 - 平仓: 3452.0747579999997, PnL: -35.1573, 手续费: 0.5690
2025-12-20 17:35:31.044 | DEBUG    | engine.backtest:_check_stop_loss_take_profit:252 - 触发止损: 3452.4199999999996
2025-12-20 17:35:31.057 | DEBUG    | engine.backtest:_open_position:190 - 开仓: short 0.28761138685159376 @ 3406.05936, 手续费: 0.5878
2025-12-20 17:35:31.127 | DEBUG    | engine.backtest:_close_position:231 - 平仓: 2905.270498, PnL: 144.0326, 手续费: 0.5014
2025-12-20 17:35:31.127 | DEBUG    | engine.backtest:_check_stop_loss_take_profit:267 - 触发止盈: 2904.98
2025-12-20 17:35:31.201 | DEBUG    | engine.backtest:_open_position:190 - 开仓: long 0.32794911694596957 @ 3031.3031, 手续费: 0.5965
2025-12-20 17:35:31.244 | DEBUG    | engine.backtest:_close_position:231 - 平仓: 2901.989772, PnL: -42.4082, 手续费: 0.5710
2025-12-20 17:35:31.244 | DEBUG    | engine.backtest:_check_stop_loss_take_profit:252 - 触发止损: 2902.2799999999997
2025-12-20 17:35:31.246 | DEBUG    | engine.backtest:_open_position:190 - 开仓: short 0.3503579867600318 @ 2824.4175299999997, 手续费: 0.5937
2025-12-20 17:35:31.259 | DEBUG    | engine.backtest:_close_position:231 - 平仓: 2922.0121719999997, PnL: -34.1931, 手续费: 0.6143
2025-12-20 17:35:31.260 | DEBUG    | engine.backtest:_check_stop_loss_take_profit:256 - 触发止损: 2921.72
2025-12-20 17:35:31.261 | DEBUG    | engine.backtest:_open_position:190 - 开仓: long 0.32820212358370704 @ 3004.90046, 手续费: 0.5917
2025-12-20 17:35:31.362 | DEBUG    | engine.backtest:_close_position:231 - 平仓: 3076.09236, PnL: 23.3653, 手续费: 0.6057
2025-12-20 17:35:31.362 | DEBUG    | engine.backtest:_open_position:190 - 开仓: short 0.3212628026623264 @ 3076.09236, 手续费: 0.5929
2025-12-20 17:35:31.441 | DEBUG    | engine.backtest:_close_position:231 - 平仓: 2984.99847, PnL: 29.2651, 手续费: 0.5754
2025-12-20 17:35:31.441 | INFO     | strategies.base:on_stop:120 - 策略 SuperTrend_Strategy 停止
2025-12-20 17:35:31.442 | INFO     | engine.backtest:run:512 - 回测完成: 总收益率 -0.89%
