2025-12-20 17:37:47.060 | INFO     | __main__:run_backtest:39 - ==================================================
2025-12-20 17:37:47.060 | INFO     | __main__:run_backtest:40 - 开始回测
2025-12-20 17:37:47.060 | INFO     | __main__:run_backtest:41 - ==================================================
2025-12-20 17:37:47.060 | INFO     | __main__:run_backtest:50 - 获取 ETH 30 天历史数据...
2025-12-20 17:37:48.285 | INFO     | __main__:run_backtest:63 - 获取到 721 条数据
2025-12-20 17:37:48.286 | INFO     | strategies.base:__init__:61 - 策略初始化: MomentumBreakout_Strategy
2025-12-20 17:37:48.290 | INFO     | engine.backtest:run:382 - 开始回测: MomentumBreakout_Strategy, 数据量: 721
2025-12-20 17:37:48.291 | INFO     | strategies.base:on_init:106 - 策略 MomentumBreakout_Strategy 初始化
2025-12-20 17:37:48.291 | INFO     | strategies.base:on_start:113 - 策略 MomentumBreakout_Strategy 启动
2025-12-20 17:37:48.291 | DEBUG    | engine.backtest:run:389 - 预计算指标...
2025-12-20 17:37:48.323 | DEBUG    | engine.backtest:_open_position:190 - 开仓: long 0.3586157432311278 @ 2788.77885, 手续费: 0.6001
2025-12-20 17:37:48.466 | DEBUG    | engine.backtest:_close_position:231 - 平仓: 3042.5957100000005, PnL: 91.0227, 手续费: 0.6547
2025-12-20 17:37:48.466 | DEBUG    | engine.backtest:_check_stop_loss_take_profit:263 - 触发止盈: 3042.9000000000005
2025-12-20 17:37:48.468 | DEBUG    | engine.backtest:_open_position:190 - 开仓: long 0.3326772392185814 @ 3033.20329, 手续费: 0.6054
2025-12-20 17:37:48.638 | DEBUG    | engine.backtest:_close_position:231 - 平仓: 2887.7112, PnL: -48.4019, 手续费: 0.5764
2025-12-20 17:37:48.638 | DEBUG    | engine.backtest:_check_stop_loss_take_profit:252 - 触发止损: 2888.0
2025-12-20 17:37:48.640 | DEBUG    | engine.backtest:_open_position:190 - 开仓: short 0.35411364685709823 @ 2835.01647, 手续费: 0.6024
2025-12-20 17:37:48.704 | DEBUG    | engine.backtest:_close_position:231 - 平仓: 2894.2894, PnL: -20.9894, 手续费: 0.6149
2025-12-20 17:37:48.704 | DEBUG    | engine.backtest:_open_position:190 - 开仓: long 0.34616370354871284 @ 2894.2894, 手续费: 0.6011
2025-12-20 17:37:48.791 | DEBUG    | engine.backtest:_close_position:231 - 平仓: 3116.8882799999997, PnL: 77.0557, 手续费: 0.6474
2025-12-20 17:37:48.791 | DEBUG    | engine.backtest:_open_position:190 - 开仓: short 0.3238093392303768 @ 3116.8882799999997, 手续费: 0.6056
2025-12-20 17:37:48.908 | DEBUG    | engine.backtest:_close_position:231 - 平仓: 3113.5113199999996, PnL: 1.0935, 手续费: 0.6049
2025-12-20 17:37:48.908 | DEBUG    | engine.backtest:_open_position:190 - 开仓: long 0.324221628444332 @ 3113.5113199999996, 手续费: 0.6057
2025-12-20 17:37:49.063 | DEBUG    | engine.backtest:_close_position:231 - 平仓: 3159.98397, PnL: 15.0674, 手续费: 0.6147
2025-12-20 17:37:49.063 | DEBUG    | engine.backtest:_open_position:190 - 开仓: short 0.3198276990562507 @ 3159.98397, 手续费: 0.6064
2025-12-20 17:37:49.202 | DEBUG    | engine.backtest:_close_position:231 - 平仓: 3121.71214, PnL: 12.2404, 手续费: 0.5990
2025-12-20 17:37:49.202 | DEBUG    | engine.backtest:_open_position:190 - 开仓: long 0.3241670317278927 @ 3121.71214, 手续费: 0.6072
2025-12-20 17:37:49.222 | DEBUG    | engine.backtest:_close_position:231 - 平仓: 3029.697, PnL: -29.8283, 手续费: 0.5893
2025-12-20 17:37:49.222 | DEBUG    | engine.backtest:_check_stop_loss_take_profit:252 - 触发止损: 3030.0
2025-12-20 17:37:49.223 | DEBUG    | engine.backtest:_open_position:190 - 开仓: short 0.33496679406015284 @ 3011.19885, 手续费: 0.6052
2025-12-20 17:37:49.302 | DEBUG    | engine.backtest:_close_position:231 - 平仓: 2994.59943, PnL: 5.5603, 手续费: 0.6019
2025-12-20 17:37:49.302 | DEBUG    | engine.backtest:_open_position:190 - 开仓: long 0.3370363093819853 @ 2994.59943, 手续费: 0.6056
2025-12-20 17:37:49.302 | DEBUG    | engine.backtest:_close_position:231 - 平仓: 2907.10926, PnL: -29.4874, 手续费: 0.5879
2025-12-20 17:37:49.302 | DEBUG    | engine.backtest:_check_stop_loss_take_profit:252 - 触发止损: 2907.4
2025-12-20 17:37:49.306 | DEBUG    | engine.backtest:_open_position:190 - 开仓: short 0.35139694725311643 @ 2862.9136799999997, 手续费: 0.6036
2025-12-20 17:37:49.341 | DEBUG    | engine.backtest:_close_position:231 - 平仓: 2962.79625, PnL: -35.0984, 手续费: 0.6247
2025-12-20 17:37:49.341 | DEBUG    | engine.backtest:_open_position:190 - 开仓: long 0.33839225929311195 @ 2962.79625, 手续费: 0.6016
2025-12-20 17:37:49.349 | DEBUG    | engine.backtest:_close_position:231 - 平仓: 2789.721, PnL: -58.5673, 手续费: 0.5664
2025-12-20 17:37:49.349 | DEBUG    | engine.backtest:_check_stop_loss_take_profit:252 - 触发止损: 2790.0
2025-12-20 17:37:49.413 | INFO     | strategies.base:on_stop:120 - 策略 MomentumBreakout_Strategy 停止
2025-12-20 17:37:49.415 | INFO     | engine.backtest:run:512 - 回测完成: 总收益率 -0.35%
