2025-12-20 17:04:17.405 | INFO     | __main__:run_backtest:39 - ==================================================
2025-12-20 17:04:17.406 | INFO     | __main__:run_backtest:40 - 开始回测
2025-12-20 17:04:17.406 | INFO     | __main__:run_backtest:41 - ==================================================
2025-12-20 17:04:17.406 | INFO     | __main__:run_backtest:50 - 获取 ETH 60 天历史数据...
2025-12-20 17:04:18.508 | INFO     | __main__:run_backtest:63 - 获取到 361 条数据
2025-12-20 17:04:18.509 | INFO     | strategies.base:__init__:61 - 策略初始化: SuperTrend_Strategy
2025-12-20 17:04:18.511 | INFO     | engine.backtest:run:382 - 开始回测: SuperTrend_Strategy, 数据量: 361
2025-12-20 17:04:18.512 | INFO     | strategies.base:on_init:106 - 策略 SuperTrend_Strategy 初始化
2025-12-20 17:04:18.512 | INFO     | strategies.base:on_start:113 - 策略 SuperTrend_Strategy 启动
2025-12-20 17:04:18.590 | DEBUG    | engine.backtest:_open_position:190 - 开仓: short 0.24767188428769565 @ 4037.1962399999998, 手续费: 0.5999
2025-12-20 17:04:18.822 | DEBUG    | engine.backtest:_close_position:231 - 平仓: 3592.279191999999, PnL: 110.1934, 手续费: 0.5338
2025-12-20 17:04:18.822 | DEBUG    | engine.backtest:_check_stop_loss_take_profit:267 - 触发止盈: 3591.919999999999
2025-12-20 17:04:19.226 | DEBUG    | engine.backtest:_open_position:190 - 开仓: long 0.2823996334803491 @ 3580.05797, 手续费: 0.6066
2025-12-20 17:04:19.370 | DEBUG    | engine.backtest:_close_position:231 - 平仓: 3452.0747579999997, PnL: -36.1424, 手续费: 0.5849
2025-12-20 17:04:19.370 | DEBUG    | engine.backtest:_check_stop_loss_take_profit:252 - 触发止损: 3452.4199999999996
2025-12-20 17:04:19.468 | DEBUG    | engine.backtest:_open_position:190 - 开仓: short 0.2956706712221887 @ 3406.05936, 手续费: 0.6042
2025-12-20 17:04:20.156 | DEBUG    | engine.backtest:_close_position:231 - 平仓: 2905.270498, PnL: 148.0686, 手续费: 0.5154
2025-12-20 17:04:20.156 | DEBUG    | engine.backtest:_check_stop_loss_take_profit:267 - 触发止盈: 2904.98
2025-12-20 17:04:21.102 | DEBUG    | engine.backtest:_open_position:190 - 开仓: long 0.33713872248101356 @ 3031.3031, 手续费: 0.6132
2025-12-20 17:04:21.738 | DEBUG    | engine.backtest:_close_position:231 - 平仓: 2901.989772, PnL: -43.5965, 手续费: 0.5870
2025-12-20 17:04:21.738 | DEBUG    | engine.backtest:_check_stop_loss_take_profit:252 - 触发止损: 2902.2799999999997
2025-12-20 17:04:21.760 | DEBUG    | engine.backtest:_open_position:190 - 开仓: short 0.36017552102985984 @ 2824.4175299999997, 手续费: 0.6104
2025-12-20 17:04:21.970 | DEBUG    | engine.backtest:_close_position:231 - 平仓: 2922.0121719999997, PnL: -35.1512, 手续费: 0.6315
2025-12-20 17:04:21.970 | DEBUG    | engine.backtest:_check_stop_loss_take_profit:256 - 触发止损: 2921.72
2025-12-20 17:04:21.993 | DEBUG    | engine.backtest:_open_position:190 - 开仓: long 0.3373988187283229 @ 3004.90046, 手续费: 0.6083
2025-12-20 17:04:23.790 | DEBUG    | engine.backtest:_close_position:231 - 平仓: 3076.09236, PnL: 24.0201, 手续费: 0.6227
2025-12-20 17:04:23.791 | DEBUG    | engine.backtest:_open_position:190 - 开仓: short 0.33026504806259643 @ 3076.09236, 手续费: 0.6096
2025-12-20 17:04:25.456 | DEBUG    | engine.backtest:_close_position:231 - 平仓: 2985.39851, PnL: 29.9530, 手续费: 0.5916
2025-12-20 17:04:25.456 | INFO     | strategies.base:on_stop:120 - 策略 SuperTrend_Strategy 停止
2025-12-20 17:04:25.457 | INFO     | engine.backtest:run:483 - 回测完成: 总收益率 1.89%
